Archive member included because of file (symbol)

/home/ld0d/work/kds_workspace/usbmidilib/Debug/libusbmidilib.a(USB1.o)
                              ./Sources/main.o (USB1_usb_int_en)
/home/ld0d/work/kds_workspace/usbmidilib/Debug/libusbmidilib.a(USBMIDI1.o)
                              ./Sources/usbmain.o (USBMIDI1_App_Task)
/home/ld0d/work/kds_workspace/usbmidilib/Debug/libusbmidilib.a(usb_class.o)
                              /home/ld0d/work/kds_workspace/usbmidilib/Debug/libusbmidilib.a(USBMIDI1.o) (USB_Class_Periodic_Task)
/home/ld0d/work/kds_workspace/usbmidilib/Debug/libusbmidilib.a(usb_dci_kinetis.o)
                              ./Generated_Code/USB0.o (g_Mem)
/home/ld0d/work/kds_workspace/usbmidilib/Debug/libusbmidilib.a(usb_driver.o)
                              /home/ld0d/work/kds_workspace/usbmidilib/Debug/libusbmidilib.a(usb_class.o) (_usb_device_init_endpoint)
/home/ld0d/work/kds_workspace/usbmidilib/Debug/libusbmidilib.a(usb_framework.o)
                              /home/ld0d/work/kds_workspace/usbmidilib/Debug/libusbmidilib.a(usb_driver.o) (USB_Control_Service)
/home/ld0d/work/kds_workspace/usbmidilib/Debug/libusbmidilib.a(usb_midi.o)
                              /home/ld0d/work/kds_workspace/usbmidilib/Debug/libusbmidilib.a(usb_driver.o) (USB_Class_MIDI_Service_Bulk_In)
/home/ld0d/work/kds_workspace/usbmidilib/Debug/libusbmidilib.a(wdt_kinetis.o)
                              /home/ld0d/work/kds_workspace/usbmidilib/Debug/libusbmidilib.a(usb_dci_kinetis.o) (Watchdog_Reset)
/home/ld0d/work/kds_workspace/usbmidilib/Debug/libusbmidilib.a(intercore.o)
                              ./Sources/usbmain.o (intercore_sync_slave)
/home/ld0d/work/kds_workspace/usbmidilib/Debug/libusbmidilib.a(usbmidischeduler.o)
                              ./Sources/usbmain.o (usbmidi_scheduler_reset)
/home/ld0d/opt/KDS_2.0.0/toolchain/bin/../lib/gcc/arm-none-eabi/4.8.0/libgcc.a(_udivsi3.o)
                              /home/ld0d/work/kds_workspace/usbmidilib/Debug/libusbmidilib.a(usb_dci_kinetis.o) (__aeabi_uidivmod)
/home/ld0d/opt/KDS_2.0.0/toolchain/bin/../lib/gcc/arm-none-eabi/4.8.0/libgcc.a(_dvmd_tls.o)
                              /home/ld0d/opt/KDS_2.0.0/toolchain/bin/../lib/gcc/arm-none-eabi/4.8.0/libgcc.a(_udivsi3.o) (__aeabi_idiv0)
/home/ld0d/opt/KDS_2.0.0/toolchain/bin/../lib/gcc/arm-none-eabi/4.8.0/../../../../arm-none-eabi/lib/libg_s.a(lib_a-atexit.o)
                              /home/ld0d/opt/KDS_2.0.0/toolchain/bin/../lib/gcc/arm-none-eabi/4.8.0/../../../../arm-none-eabi/lib/crt0.o (atexit)
/home/ld0d/opt/KDS_2.0.0/toolchain/bin/../lib/gcc/arm-none-eabi/4.8.0/../../../../arm-none-eabi/lib/libg_s.a(lib_a-exit.o)
                              /home/ld0d/opt/KDS_2.0.0/toolchain/bin/../lib/gcc/arm-none-eabi/4.8.0/../../../../arm-none-eabi/lib/crt0.o (exit)
/home/ld0d/opt/KDS_2.0.0/toolchain/bin/../lib/gcc/arm-none-eabi/4.8.0/../../../../arm-none-eabi/lib/libg_s.a(lib_a-fini.o)
                              /home/ld0d/opt/KDS_2.0.0/toolchain/bin/../lib/gcc/arm-none-eabi/4.8.0/../../../../arm-none-eabi/lib/libg_s.a(lib_a-exit.o) (__libc_fini_array)
/home/ld0d/opt/KDS_2.0.0/toolchain/bin/../lib/gcc/arm-none-eabi/4.8.0/../../../../arm-none-eabi/lib/libg_s.a(lib_a-impure.o)
                              /home/ld0d/opt/KDS_2.0.0/toolchain/bin/../lib/gcc/arm-none-eabi/4.8.0/../../../../arm-none-eabi/lib/libg_s.a(lib_a-exit.o) (_global_impure_ptr)
/home/ld0d/opt/KDS_2.0.0/toolchain/bin/../lib/gcc/arm-none-eabi/4.8.0/../../../../arm-none-eabi/lib/libg_s.a(lib_a-memcpy.o)
                              /home/ld0d/work/kds_workspace/usbmidilib/Debug/libusbmidilib.a(usb_dci_kinetis.o) (memcpy)
/home/ld0d/opt/KDS_2.0.0/toolchain/bin/../lib/gcc/arm-none-eabi/4.8.0/../../../../arm-none-eabi/lib/libg_s.a(lib_a-memset.o)
                              /home/ld0d/opt/KDS_2.0.0/toolchain/bin/../lib/gcc/arm-none-eabi/4.8.0/../../../../arm-none-eabi/lib/crt0.o (memset)
/home/ld0d/opt/KDS_2.0.0/toolchain/bin/../lib/gcc/arm-none-eabi/4.8.0/../../../../arm-none-eabi/lib/libg_s.a(lib_a-syscalls.o)
                              /home/ld0d/opt/KDS_2.0.0/toolchain/bin/../lib/gcc/arm-none-eabi/4.8.0/../../../../arm-none-eabi/lib/libg_s.a(lib_a-exit.o) (_exit)
/home/ld0d/opt/KDS_2.0.0/toolchain/bin/../lib/gcc/arm-none-eabi/4.8.0/../../../../arm-none-eabi/lib/libg_s.a(lib_a-__atexit.o)
                              /home/ld0d/opt/KDS_2.0.0/toolchain/bin/../lib/gcc/arm-none-eabi/4.8.0/../../../../arm-none-eabi/lib/libg_s.a(lib_a-atexit.o) (__do_register_exitproc)
/home/ld0d/opt/KDS_2.0.0/toolchain/bin/../lib/gcc/arm-none-eabi/4.8.0/../../../../arm-none-eabi/lib/libg_s.a(lib_a-__call_atexit.o)
                              /home/ld0d/opt/KDS_2.0.0/toolchain/bin/../lib/gcc/arm-none-eabi/4.8.0/../../../../arm-none-eabi/lib/libg_s.a(lib_a-__atexit.o) (__call_exitprocs)
/home/ld0d/opt/KDS_2.0.0/toolchain/bin/../lib/gcc/arm-none-eabi/4.8.0/../../../../arm-none-eabi/lib/libg_s.a(lib_a-errno.o)
[...]
Memory Configuration

Name             Origin             Length             Attributes
m_interrupts     0x0000000000002000 0x00000000000000c0 xr
m_text           0x0000000000002410 0x000000000000dbf0 xr
m_data           0x000000001ffff800 0x0000000000002000 rw
m_buildid        0x0000000000002400 0x0000000000000010 r
*default*        0x0000000000000000 0xffffffffffffffff

Linker script and memory map

LOAD /home/ld0d/opt/KDS_2.0.0/toolchain/bin/../lib/gcc/arm-none-eabi/4.8.0/crti.o
LOAD /home/ld0d/opt/KDS_2.0.0/toolchain/bin/../lib/gcc/arm-none-eabi/4.8.0/crtbegin.o
LOAD /home/ld0d/opt/KDS_2.0.0/toolchain/bin/../lib/gcc/arm-none-eabi/4.8.0/../../../../arm-none-eabi/lib/crt0.o
LOAD ./Sources/Events.o
LOAD ./Sources/main.o
LOAD ./Sources/usb_descriptor.o
LOAD ./Sources/usbmain.o
LOAD ./Project_Settings/Startup_Code/startup.o
LOAD ./Generated_Code/ASerialLdd1.o
LOAD ./Generated_Code/BitIoLdd1.o
LOAD ./Generated_Code/COREUART.o
LOAD ./Generated_Code/Cpu.o
LOAD ./Generated_Code/LED1.o
LOAD ./Generated_Code/LEDpin1.o
LOAD ./Generated_Code/PE_LDD.o
LOAD ./Generated_Code/PTA.o
LOAD ./Generated_Code/PTB.o
LOAD ./Generated_Code/PTC.o
LOAD ./Generated_Code/PTD.o
LOAD ./Generated_Code/PTE.o
LOAD ./Generated_Code/USB0.o
LOAD ./Generated_Code/UsbMidiRx.o
LOAD ./Generated_Code/UsbMidiTx.o
LOAD ./Generated_Code/Vectors.o
LOAD ./Generated_Code/WAIT1.o
LOAD /home/ld0d/work/kds_workspace/usbmidilib/Debug/libusbmidilib.a
LOAD /home/ld0d/opt/KDS_2.0.0/toolchain/bin/../lib/gcc/arm-none-eabi/4.8.0/../../../../arm-none-eabi/lib/libstdc++.a
LOAD /home/ld0d/opt/KDS_2.0.0/toolchain/bin/../lib/gcc/arm-none-eabi/4.8.0/../../../../arm-none-eabi/lib/libm.a
START GROUP
LOAD /home/ld0d/opt/KDS_2.0.0/toolchain/bin/../lib/gcc/arm-none-eabi/4.8.0/libgcc.a
LOAD /home/ld0d/opt/KDS_2.0.0/toolchain/bin/../lib/gcc/arm-none-eabi/4.8.0/../../../../arm-none-eabi/lib/libg_s.a
LOAD /home/ld0d/opt/KDS_2.0.0/toolchain/bin/../lib/gcc/arm-none-eabi/4.8.0/../../../../arm-none-eabi/lib/libc_s.a
END GROUP
LOAD /home/ld0d/opt/KDS_2.0.0/toolchain/bin/../lib/gcc/arm-none-eabi/4.8.0/crtend.o
LOAD /home/ld0d/opt/KDS_2.0.0/toolchain/bin/../lib/gcc/arm-none-eabi/4.8.0/crtn.o
                0x0000000020001800                _estack = 0x20001800
                0x0000000020001800                __SP_INIT = _estack
                0x0000000000000100                __heap_size = 0x100
                0x0000000000000100                __stack_size = 0x100

.interrupts     0x0000000000002000       0xc0
                0x0000000000002000                __vector_table = .
                0x0000000000002000                . = ALIGN (0x4)
 *(.vectortable)
 .vectortable   0x0000000000002000       0xc0 ./Generated_Code/Vectors.o
                0x0000000000002000                __vect_table
                0x00000000000020c0                . = ALIGN (0x4)

.buildid        0x0000000000002400       0x10
                0x0000000000002400                __buildid = .
                0x0000000000002400                . = ALIGN (0x4)
 *(.buildid)
 .buildid       0x0000000000002400       0x10 ./Sources/main.o
                0x0000000000002410                . = ALIGN (0x4)

.text           0x0000000000002410     0x8e70
                0x0000000000002410                . = ALIGN (0x4)
 *(.text)
 .text          0x0000000000002410     0x57e8 ./Sources/main.o
                0x0000000000002410                hex_data
 .text          0x0000000000007bf8       0x9c /home/ld0d/opt/KDS_2.0.0/toolchain/bin/../lib/gcc/arm-none-eabi/4.8.0/libgcc.a(_udivsi3.o)
                0x0000000000007bf8                __udivsi3
                0x0000000000007bf8                __aeabi_uidiv
                0x0000000000007c80                __aeabi_uidivmod
 .text          0x0000000000007c94        0x4 /home/ld0d/opt/KDS_2.0.0/toolchain/bin/../lib/gcc/arm-none-eabi/4.8.0/libgcc.a(_dvmd_tls.o)
                0x0000000000007c94                __aeabi_ldiv0
                0x0000000000007c94                __aeabi_idiv0
 *(.text*)
 .text.deregister_tm_clones
                0x0000000000007c98       0x24 /home/ld0d/opt/KDS_2.0.0/toolchain/bin/../lib/gcc/arm-none-eabi/4.8.0/crtbegin.o
 .text.register_tm_clones
                0x0000000000007cbc       0x28 /home/ld0d/opt/KDS_2.0.0/toolchain/bin/../lib/gcc/arm-none-eabi/4.8.0/crtbegin.o
 .text.__do_global_dtors_aux
                0x0000000000007ce4       0x30 /home/ld0d/opt/KDS_2.0.0/toolchain/bin/../lib/gcc/arm-none-eabi/4.8.0/crtbegin.o
 .text.frame_dummy
                0x0000000000007d14       0x3c /home/ld0d/opt/KDS_2.0.0/toolchain/bin/../lib/gcc/arm-none-eabi/4.8.0/crtbegin.o
 .text.Cpu_OnNMIINT
                0x0000000000007d50        0x8 ./Sources/Events.o
                0x0000000000007d50                Cpu_OnNMIINT
 .text.COREUART_OnError
                0x0000000000007d58        0x8 ./Sources/Events.o
                0x0000000000007d58                COREUART_OnError
 .text.COREUART_OnRxChar
                0x0000000000007d60        0x8 ./Sources/Events.o
                0x0000000000007d60                COREUART_OnRxChar
 .text.COREUART_OnTxChar
                0x0000000000007d68        0x8 ./Sources/Events.o
                0x0000000000007d68                COREUART_OnTxChar
 .text.COREUART_OnFullRxBuf
                0x0000000000007d70        0x8 ./Sources/Events.o
                0x0000000000007d70                COREUART_OnFullRxBuf
 .text.COREUART_OnFreeTxBuf
                0x0000000000007d78        0x8 ./Sources/Events.o
                0x0000000000007d78                COREUART_OnFreeTxBuf
 .text.main     0x0000000000007d80       0x24 ./Sources/main.o
                0x0000000000007d80                main
 .text.USB_Desc_Get_Descriptor
                0x0000000000007da4      0x164 ./Sources/usb_descriptor.o
                0x0000000000007da4                USB_Desc_Get_Descriptor
 .text.USB_Desc_Get_Interface
                0x0000000000007f08       0x3c ./Sources/usb_descriptor.o
                0x0000000000007f08                USB_Desc_Get_Interface
 .text.USB_Desc_Set_Interface
                0x0000000000007f44       0x38 ./Sources/usb_descriptor.o
                0x0000000000007f44                USB_Desc_Set_Interface
 .text.USB_Desc_Valid_Configation
                0x0000000000007f7c       0x58 ./Sources/usb_descriptor.o
                0x0000000000007f7c                USB_Desc_Valid_Configation
 .text.USB_Desc_Remote_Wakeup
                0x0000000000007fd4       0x18 ./Sources/usb_descriptor.o
                0x0000000000007fd4                USB_Desc_Remote_Wakeup
 .text.USB_Desc_Get_Endpoints
                0x0000000000007fec       0x1c ./Sources/usb_descriptor.o
                0x0000000000007fec                USB_Desc_Get_Endpoints
 .text.usbmidi_transmit
                0x0000000000008008       0x40 ./Sources/usbmain.o
                0x0000000000008008                usbmidi_transmit
 .text.usb_run  0x0000000000008048       0xec ./Sources/usbmain.o
                0x0000000000008048                usb_run
 .text.__flush_cache
                0x0000000000008134       0x10 ./Project_Settings/Startup_Code/startup.o
                0x0000000000008134                __flush_cache
 .text.__copy_rom_section
                0x0000000000008144       0xd8 ./Project_Settings/Startup_Code/startup.o
                0x0000000000008144                __copy_rom_section
 .text.__copy_rom_sections_to_ram
                0x000000000000821c       0xc0 ./Project_Settings/Startup_Code/startup.o
                0x000000000000821c                __copy_rom_sections_to_ram
 .text.zero_fill_bss
                0x00000000000082dc       0xac ./Project_Settings/Startup_Code/startup.o
 .text.__init_registers
                0x0000000000008388        0x8 ./Project_Settings/Startup_Code/startup.o
                0x0000000000008388                __init_registers
 .text.__init_user
                0x0000000000008390        0x8 ./Project_Settings/Startup_Code/startup.o
                0x0000000000008390                __init_user
 .text.__thumb_startup
                0x0000000000008398       0x48 ./Project_Settings/Startup_Code/startup.o
                0x0000000000008398                __thumb_startup
 .text.ASerialLdd1_Init
                0x00000000000083e0      0x1bc ./Generated_Code/ASerialLdd1.o
                0x00000000000083e0                ASerialLdd1_Init
 .text.ASerialLdd1_ReceiveBlock
                0x000000000000859c       0x98 ./Generated_Code/ASerialLdd1.o
                0x000000000000859c                ASerialLdd1_ReceiveBlock
 .text.ASerialLdd1_SendBlock
                0x0000000000008634       0xc4 ./Generated_Code/ASerialLdd1.o
                0x0000000000008634                ASerialLdd1_SendBlock
 .text.InterruptRx
                0x00000000000086f8       0x58 ./Generated_Code/ASerialLdd1.o
 .text.InterruptTx
                0x0000000000008750       0x80 ./Generated_Code/ASerialLdd1.o
 .text.ASerialLdd1_Interrupt
                0x00000000000087d0       0xec ./Generated_Code/ASerialLdd1.o
                0x00000000000087d0                ASerialLdd1_Interrupt
 .text.ASerialLdd1_GetError
                0x00000000000088bc       0x74 ./Generated_Code/ASerialLdd1.o
                0x00000000000088bc                ASerialLdd1_GetError
 .text.BitIoLdd1_Init
                0x0000000000008930       0x60 ./Generated_Code/BitIoLdd1.o
                0x0000000000008930                BitIoLdd1_Init
 .text.BitIoLdd1_ClrVal
                0x0000000000008990       0x18 ./Generated_Code/BitIoLdd1.o
                0x0000000000008990                BitIoLdd1_ClrVal
 .text.BitIoLdd1_SetVal
                0x00000000000089a8       0x18 ./Generated_Code/BitIoLdd1.o
                0x00000000000089a8                BitIoLdd1_SetVal
 .text.HWEnDi   0x00000000000089c0       0x20 ./Generated_Code/COREUART.o
 .text.COREUART_RecvChar
                0x00000000000089e0       0xe8 ./Generated_Code/COREUART.o
                0x00000000000089e0                COREUART_RecvChar
 .text.COREUART_SendChar
                0x0000000000008ac8       0xec ./Generated_Code/COREUART.o
                0x0000000000008ac8                COREUART_SendChar
 .text.COREUART_GetCharsInRxBuf
                0x0000000000008bb4       0x14 ./Generated_Code/COREUART.o
                0x0000000000008bb4                COREUART_GetCharsInRxBuf
 .text.COREUART_GetCharsInTxBuf
                0x0000000000008bc8       0x14 ./Generated_Code/COREUART.o
                0x0000000000008bc8                COREUART_GetCharsInTxBuf
 .text.COREUART_Init
                0x0000000000008bdc       0x64 ./Generated_Code/COREUART.o
                0x0000000000008bdc                COREUART_Init
 .text.ASerialLdd1_OnBlockReceived
                0x0000000000008c40       0xc4 ./Generated_Code/COREUART.o
                0x0000000000008c40                ASerialLdd1_OnBlockReceived
 .text.ASerialLdd1_OnBlockSent
                0x0000000000008d04       0xe8 ./Generated_Code/COREUART.o
                0x0000000000008d04                ASerialLdd1_OnBlockSent
 .text.ASerialLdd1_OnError
                0x0000000000008dec       0x94 ./Generated_Code/COREUART.o
                0x0000000000008dec                ASerialLdd1_OnError
 .text.ASerialLdd1_OnBreak
                0x0000000000008e80       0x20 ./Generated_Code/COREUART.o
                0x0000000000008e80                ASerialLdd1_OnBreak
 .text.Cpu_INT_NMIInterrupt
                0x0000000000008ea0        0xc ./Generated_Code/Cpu.o
                0x0000000000008ea0                Cpu_INT_NMIInterrupt
 .text.Cpu_Interrupt
                0x0000000000008eac        0xc ./Generated_Code/Cpu.o
                0x0000000000008eac                Cpu_Interrupt
 .text.__init_hardware
                0x0000000000008eb8      0x17c ./Generated_Code/Cpu.o
                0x0000000000008eb8                __init_hardware
 .text.PE_low_level_init
                0x0000000000009034      0x230 ./Generated_Code/Cpu.o
                0x0000000000009034                PE_low_level_init
 .text.PTA_Init
                0x0000000000009264       0x1c ./Generated_Code/PTA.o
                0x0000000000009264                PTA_Init
 .text.PTB_Init
                0x0000000000009280       0x18 ./Generated_Code/PTB.o
                0x0000000000009280                PTB_Init
 .text.PTC_Init
                0x0000000000009298       0x18 ./Generated_Code/PTC.o
                0x0000000000009298                PTC_Init
 .text.PTD_Init
                0x00000000000092b0       0x18 ./Generated_Code/PTD.o
                0x00000000000092b0                PTD_Init
 .text.PTE_Init
                0x00000000000092c8       0x1c ./Generated_Code/PTE.o
                0x00000000000092c8                PTE_Init
 .text.USB0_Init
                0x00000000000092e4      0x17c ./Generated_Code/USB0.o
                0x00000000000092e4                USB0_Init
 .text.UsbMidiRx_Put
                0x0000000000009460       0xc0 ./Generated_Code/UsbMidiRx.o
                0x0000000000009460                UsbMidiRx_Put
 .text.UsbMidiRx_Get
                0x0000000000009520       0xbc ./Generated_Code/UsbMidiRx.o
                0x0000000000009520                UsbMidiRx_Get
 .text.UsbMidiRx_NofElements
                0x00000000000095dc       0x14 ./Generated_Code/UsbMidiRx.o
                0x00000000000095dc                UsbMidiRx_NofElements
 .text.UsbMidiRx_NofFreeElements
                0x00000000000095f0       0x18 ./Generated_Code/UsbMidiRx.o
                0x00000000000095f0                UsbMidiRx_NofFreeElements
 .text.UsbMidiRx_Init
                0x0000000000009608       0x28 ./Generated_Code/UsbMidiRx.o
                0x0000000000009608                UsbMidiRx_Init
 .text.UsbMidiTx_Put
                0x0000000000009630       0xc0 ./Generated_Code/UsbMidiTx.o
                0x0000000000009630                UsbMidiTx_Put
 .text.UsbMidiTx_Get
                0x00000000000096f0       0xbc ./Generated_Code/UsbMidiTx.o
                0x00000000000096f0                UsbMidiTx_Get
 .text.UsbMidiTx_NofElements
                0x00000000000097ac       0x14 ./Generated_Code/UsbMidiTx.o
                0x00000000000097ac                UsbMidiTx_NofElements
 .text.UsbMidiTx_NofFreeElements
                0x00000000000097c0       0x18 ./Generated_Code/UsbMidiTx.o
                0x00000000000097c0                UsbMidiTx_NofFreeElements
 .text.UsbMidiTx_Init
                0x00000000000097d8       0x28 ./Generated_Code/UsbMidiTx.o
                0x00000000000097d8                UsbMidiTx_Init
 .text.USB1_usb_int_en
                0x0000000000009800       0x14 /home/ld0d/work/kds_workspace/usbmidilib/Debug/libusbmidilib.a(USB1.o)
                0x0000000000009800                USB1_usb_int_en
 .text.USBMIDI1_App_Callback
                0x0000000000009814       0xb8 /home/ld0d/work/kds_workspace/usbmidilib/Debug/libusbmidilib.a(USBMIDI1.o)
                0x0000000000009814                USBMIDI1_App_Callback
 .text.USBMIDI1_App_Task
                0x00000000000098cc       0x94 /home/ld0d/work/kds_workspace/usbmidilib/Debug/libusbmidilib.a(USBMIDI1.o)
                0x00000000000098cc                USBMIDI1_App_Task
 .text.USBMIDI1_Init
                0x0000000000009960       0x1c /home/ld0d/work/kds_workspace/usbmidilib/Debug/libusbmidilib.a(USBMIDI1.o)
                0x0000000000009960                USBMIDI1_Init
 .text.USB_Error_Service
                0x000000000000997c       0x18 /home/ld0d/work/kds_workspace/usbmidilib/Debug/libusbmidilib.a(usb_class.o)
                0x000000000000997c                USB_Error_Service
 .text.USB_Suspend_Service
                0x0000000000009994       0x1c /home/ld0d/work/kds_workspace/usbmidilib/Debug/libusbmidilib.a(usb_class.o)
                0x0000000000009994                USB_Suspend_Service
 .text.USB_Resume_Service
                0x00000000000099b0       0x28 /home/ld0d/work/kds_workspace/usbmidilib/Debug/libusbmidilib.a(usb_class.o)
                0x00000000000099b0                USB_Resume_Service
 .text.USB_Sof_Service
                0x00000000000099d8       0x20 /home/ld0d/work/kds_workspace/usbmidilib/Debug/libusbmidilib.a(usb_class.o)
                0x00000000000099d8                USB_Sof_Service
 .text.USB_Reset_Service
                0x00000000000099f8       0x6c /home/ld0d/work/kds_workspace/usbmidilib/Debug/libusbmidilib.a(usb_class.o)
                0x00000000000099f8                USB_Reset_Service
 .text.USB_Stall_Service
                0x0000000000009a64       0x18 /home/ld0d/work/kds_workspace/usbmidilib/Debug/libusbmidilib.a(usb_class.o)
                0x0000000000009a64                USB_Stall_Service
 .text.USB_Class_Init
                0x0000000000009a7c       0x9c /home/ld0d/work/kds_workspace/usbmidilib/Debug/libusbmidilib.a(usb_class.o)
                0x0000000000009a7c                USB_Class_Init
 .text.USB_Class_Send_Data
                0x0000000000009b18       0x70 /home/ld0d/work/kds_workspace/usbmidilib/Debug/libusbmidilib.a(usb_class.o)
                0x0000000000009b18                USB_Class_Send_Data
 .text.USB_Class_Periodic_Task
                0x0000000000009b88        0x2 /home/ld0d/work/kds_workspace/usbmidilib/Debug/libusbmidilib.a(usb_class.o)
                0x0000000000009b88                USB_Class_Periodic_Task
 *fill*         0x0000000000009b8a        0x2 
 .text.USB_DCI_Validate_Param.constprop.0
                0x0000000000009b8c       0x3c /home/ld0d/work/kds_workspace/usbmidilib/Debug/libusbmidilib.a(usb_dci_kinetis.o)
 .text.USB_DCI_Init
                0x0000000000009bc8      0x10c /home/ld0d/work/kds_workspace/usbmidilib/Debug/libusbmidilib.a(usb_dci_kinetis.o)
                0x0000000000009bc8                USB_DCI_Init
 .text.USB_DCI_Init_EndPoint
                0x0000000000009cd4      0x170 /home/ld0d/work/kds_workspace/usbmidilib/Debug/libusbmidilib.a(usb_dci_kinetis.o)
                0x0000000000009cd4                USB_DCI_Init_EndPoint
 .text._usb_device_cancel_transfer
                0x0000000000009e44       0x54 /home/ld0d/work/kds_workspace/usbmidilib/Debug/libusbmidilib.a(usb_dci_kinetis.o)
                0x0000000000009e44                _usb_device_cancel_transfer
 .text.USB_DCI_Deinit_EndPoint
                0x0000000000009e98       0x6c /home/ld0d/work/kds_workspace/usbmidilib/Debug/libusbmidilib.a(usb_dci_kinetis.o)
                0x0000000000009e98                USB_DCI_Deinit_EndPoint
 .text._usb_device_stall_endpoint
                0x0000000000009f04       0x48 /home/ld0d/work/kds_workspace/usbmidilib/Debug/libusbmidilib.a(usb_dci_kinetis.o)
                0x0000000000009f04                _usb_device_stall_endpoint
 .text._usb_device_recv_data
                0x0000000000009f4c      0x100 /home/ld0d/work/kds_workspace/usbmidilib/Debug/libusbmidilib.a(usb_dci_kinetis.o)
                0x0000000000009f4c                _usb_device_recv_data
 .text._usb_device_unstall_endpoint
                0x000000000000a04c       0x78 /home/ld0d/work/kds_workspace/usbmidilib/Debug/libusbmidilib.a(usb_dci_kinetis.o)
                0x000000000000a04c                _usb_device_unstall_endpoint
 .text._usb_device_send_data
                0x000000000000a0c4       0xa8 /home/ld0d/work/kds_workspace/usbmidilib/Debug/libusbmidilib.a(usb_dci_kinetis.o)
                0x000000000000a0c4                _usb_device_send_data
 .text._usb_device_set_address
                0x000000000000a16c       0x1c /home/ld0d/work/kds_workspace/usbmidilib/Debug/libusbmidilib.a(usb_dci_kinetis.o)
                0x000000000000a16c                _usb_device_set_address
 .text._usb_device_assert_resume
                0x000000000000a188       0x64 /home/ld0d/work/kds_workspace/usbmidilib/Debug/libusbmidilib.a(usb_dci_kinetis.o)
                0x000000000000a188                _usb_device_assert_resume
 .text.USB_ISR  0x000000000000a1ec      0x4e8 /home/ld0d/work/kds_workspace/usbmidilib/Debug/libusbmidilib.a(usb_dci_kinetis.o)
                0x000000000000a1ec                USB_ISR
 .text.USB_Device_Init_Params
                0x000000000000a6d4       0x38 /home/ld0d/work/kds_workspace/usbmidilib/Debug/libusbmidilib.a(usb_driver.o)
 .text.USB_NULL_CALLBACK
                0x000000000000a70c        0x4 /home/ld0d/work/kds_workspace/usbmidilib/Debug/libusbmidilib.a(usb_driver.o)
                0x000000000000a70c                USB_NULL_CALLBACK
 .text._usb_device_init
                0x000000000000a710       0x28 /home/ld0d/work/kds_workspace/usbmidilib/Debug/libusbmidilib.a(usb_driver.o)
                0x000000000000a710                _usb_device_init
 .text._usb_device_init_endpoint
                0x000000000000a738       0x4c /home/ld0d/work/kds_workspace/usbmidilib/Debug/libusbmidilib.a(usb_driver.o)
                0x000000000000a738                _usb_device_init_endpoint
 .text._usb_device_deinit_endpoint
                0x000000000000a784       0x38 /home/ld0d/work/kds_workspace/usbmidilib/Debug/libusbmidilib.a(usb_driver.o)
                0x000000000000a784                _usb_device_deinit_endpoint
 .text._usb_device_get_status
                0x000000000000a7bc       0x34 /home/ld0d/work/kds_workspace/usbmidilib/Debug/libusbmidilib.a(usb_driver.o)
                0x000000000000a7bc                _usb_device_get_status
 .text._usb_device_set_status
                0x000000000000a7f0       0x70 /home/ld0d/work/kds_workspace/usbmidilib/Debug/libusbmidilib.a(usb_driver.o)
                0x000000000000a7f0                _usb_device_set_status
 .text._usb_device_register_service
                0x000000000000a860        0x4 /home/ld0d/work/kds_workspace/usbmidilib/Debug/libusbmidilib.a(usb_driver.o)
                0x000000000000a860                _usb_device_register_service
 .text.USB_Device_Call_Service
                0x000000000000a864       0x24 /home/ld0d/work/kds_workspace/usbmidilib/Debug/libusbmidilib.a(usb_driver.o)
                0x000000000000a864                USB_Device_Call_Service
 .text.USB_Strd_Req_Sync_Frame
                0x000000000000a888       0x30 /home/ld0d/work/kds_workspace/usbmidilib/Debug/libusbmidilib.a(usb_framework.o)
 .text.USB_Strd_Req_Get_Config
                0x000000000000a8b8       0x30 /home/ld0d/work/kds_workspace/usbmidilib/Debug/libusbmidilib.a(usb_framework.o)
 .text.USB_Strd_Req_Set_Config
                0x000000000000a8e8       0x64 /home/ld0d/work/kds_workspace/usbmidilib/Debug/libusbmidilib.a(usb_framework.o)
 .text.USB_Strd_Req_Set_Address
                0x000000000000a94c       0x28 /home/ld0d/work/kds_workspace/usbmidilib/Debug/libusbmidilib.a(usb_framework.o)
 .text.USB_Strd_Req_Feature
                0x000000000000a974       0xcc /home/ld0d/work/kds_workspace/usbmidilib/Debug/libusbmidilib.a(usb_framework.o)
 .text.USB_Strd_Req_Get_Descriptor
                0x000000000000aa40       0x34 /home/ld0d/work/kds_workspace/usbmidilib/Debug/libusbmidilib.a(usb_framework.o)
 .text.USB_Strd_Req_Get_Status
                0x000000000000aa74       0xd4 /home/ld0d/work/kds_workspace/usbmidilib/Debug/libusbmidilib.a(usb_framework.o)
 .text.USB_Strd_Req_Set_Interface
                0x000000000000ab48       0x22 /home/ld0d/work/kds_workspace/usbmidilib/Debug/libusbmidilib.a(usb_framework.o)
 *fill*         0x000000000000ab6a        0x2 
 .text.USB_Strd_Req_Get_Interface
                0x000000000000ab6c       0x28 /home/ld0d/work/kds_workspace/usbmidilib/Debug/libusbmidilib.a(usb_framework.o)
 .text.USB_Control_Service_Handler.constprop.2
                0x000000000000ab94       0x50 /home/ld0d/work/kds_workspace/usbmidilib/Debug/libusbmidilib.a(usb_framework.o)
 .text.USB_Control_Service
                0x000000000000abe4      0x158 /home/ld0d/work/kds_workspace/usbmidilib/Debug/libusbmidilib.a(usb_framework.o)
                0x000000000000abe4                USB_Control_Service
 .text.USB_Framework_Init
                0x000000000000ad3c       0x20 /home/ld0d/work/kds_workspace/usbmidilib/Debug/libusbmidilib.a(usb_framework.o)
                0x000000000000ad3c                USB_Framework_Init
 .text.USB_Class_MIDI_Service_Bulk_In
                0x000000000000ad5c       0x28 /home/ld0d/work/kds_workspace/usbmidilib/Debug/libusbmidilib.a(usb_midi.o)
                0x000000000000ad5c                USB_Class_MIDI_Service_Bulk_In
 .text.USB_Class_MIDI_Service_Bulk_Out
                0x000000000000ad84       0x48 /home/ld0d/work/kds_workspace/usbmidilib/Debug/libusbmidilib.a(usb_midi.o)
                0x000000000000ad84                USB_Class_MIDI_Service_Bulk_Out
 .text.USB_MIDI_Other_Requests
                0x000000000000adcc        0x6 /home/ld0d/work/kds_workspace/usbmidilib/Debug/libusbmidilib.a(usb_midi.o)
 *fill*         0x000000000000add2        0x2 
 .text.USB_Class_MIDI_Event
                0x000000000000add4       0xb8 /home/ld0d/work/kds_workspace/usbmidilib/Debug/libusbmidilib.a(usb_midi.o)
                0x000000000000add4                USB_Class_MIDI_Event
 .text.USB_Class_MIDI_Init
                0x000000000000ae8c       0x4c /home/ld0d/work/kds_workspace/usbmidilib/Debug/libusbmidilib.a(usb_midi.o)
                0x000000000000ae8c                USB_Class_MIDI_Init
 .text.USB_Class_MIDI_Send_Data
                0x000000000000aed8        0x8 /home/ld0d/work/kds_workspace/usbmidilib/Debug/libusbmidilib.a(usb_midi.o)
                0x000000000000aed8                USB_Class_MIDI_Send_Data
 .text.Watchdog_Reset
                0x000000000000aee0       0x10 /home/ld0d/work/kds_workspace/usbmidilib/Debug/libusbmidilib.a(wdt_kinetis.o)
                0x000000000000aee0                Watchdog_Reset
 .text.intercore_sync_slave
                0x000000000000aef0       0x42 /home/ld0d/work/kds_workspace/usbmidilib/Debug/libusbmidilib.a(intercore.o)
                0x000000000000aef0                intercore_sync_slave
 *fill*         0x000000000000af32        0x2 
 .text.intercore_received_4
                0x000000000000af34       0x1c /home/ld0d/work/kds_workspace/usbmidilib/Debug/libusbmidilib.a(intercore.o)
                0x000000000000af34                intercore_received_4
 .text.intercore_sent_4
                0x000000000000af50       0x20 /home/ld0d/work/kds_workspace/usbmidilib/Debug/libusbmidilib.a(intercore.o)
                0x000000000000af50                intercore_sent_4
 .text.intercore_receive
                0x000000000000af70       0x78 /home/ld0d/work/kds_workspace/usbmidilib/Debug/libusbmidilib.a(intercore.o)
                0x000000000000af70                intercore_receive
 .text.intercore_can_transmit
                0x000000000000afe8       0x24 /home/ld0d/work/kds_workspace/usbmidilib/Debug/libusbmidilib.a(intercore.o)
                0x000000000000afe8                intercore_can_transmit
 .text.intercore_transmit
                0x000000000000b00c       0x26 /home/ld0d/work/kds_workspace/usbmidilib/Debug/libusbmidilib.a(intercore.o)
                0x000000000000b00c                intercore_transmit
 .text.usbmidi_scheduler_reset
                0x000000000000b032        0x8 /home/ld0d/work/kds_workspace/usbmidilib/Debug/libusbmidilib.a(usbmidischeduler.o)
                0x000000000000b032                usbmidi_scheduler_reset
 .text.usbmidi_scheduler
                0x000000000000b03a       0xb4 /home/ld0d/work/kds_workspace/usbmidilib/Debug/libusbmidilib.a(usbmidischeduler.o)
                0x000000000000b03a                usbmidi_scheduler
 .text.memcpy   0x000000000000b0ee       0x12 /home/ld0d/opt/KDS_2.0.0/toolchain/bin/../lib/gcc/arm-none-eabi/4.8.0/../../../../arm-none-eabi/lib/libg_s.a(lib_a-memcpy.o)
                0x000000000000b0ee                memcpy
 .text.memset   0x000000000000b100       0x12 /home/ld0d/opt/KDS_2.0.0/toolchain/bin/../lib/gcc/arm-none-eabi/4.8.0/../../../../arm-none-eabi/lib/libg_s.a(lib_a-memset.o)
                0x000000000000b100                memset
 *(.rodata)
 *fill*         0x000000000000b112        0x2 
 .rodata        0x000000000000b114        0x8 /home/ld0d/work/kds_workspace/usbmidilib/Debug/libusbmidilib.a(usb_dci_kinetis.o)
 *(.rodata*)
 .rodata.usb_desc_ep
                0x000000000000b11c       0x10 ./Sources/usb_descriptor.o
                0x000000000000b11c                usb_desc_ep
 .rodata.g_std_desc_size
                0x000000000000b12c       0x10 ./Sources/usb_descriptor.o
                0x000000000000b12c                g_std_desc_size
 .rodata.g_std_descriptors
                0x000000000000b13c       0x20 ./Sources/usb_descriptor.o
                0x000000000000b13c                g_std_descriptors
 .rodata.g_string_desc_size
                0x000000000000b15c        0xc ./Sources/usb_descriptor.o
                0x000000000000b15c                g_string_desc_size
 .rodata.g_string_descriptors
                0x000000000000b168       0x24 ./Sources/usb_descriptor.o
                0x000000000000b168                g_string_descriptors
 .rodata.g_languages
                0x000000000000b18c       0x1c ./Sources/usb_descriptor.o
                0x000000000000b18c                g_languages
 .rodata.g_valid_config_values
                0x000000000000b1a8        0x4 ./Sources/usb_descriptor.o
                0x000000000000b1a8                g_valid_config_values
 .rodata.g_usb_CB
                0x000000000000b1ac       0x60 /home/ld0d/work/kds_workspace/usbmidilib/Debug/libusbmidilib.a(usb_driver.o)
 .rodata.g_standard_request
                0x000000000000b20c       0x34 /home/ld0d/work/kds_workspace/usbmidilib/Debug/libusbmidilib.a(usb_framework.o)
                0x000000000000b20c                g_standard_request
 .rodata.g_validate_request
                0x000000000000b240       0x27 /home/ld0d/work/kds_workspace/usbmidilib/Debug/libusbmidilib.a(usb_framework.o)
                0x000000000000b240                g_validate_request
 *(.glue_7)
 .glue_7        0x0000000000000000        0x0 linker stubs
 *(.glue_7t)
 .glue_7t       0x0000000000000000        0x0 linker stubs
 *(.eh_frame)
 *fill*         0x000000000000b267        0x1 
 .eh_frame      0x000000000000b268        0x0 /home/ld0d/opt/KDS_2.0.0/toolchain/bin/../lib/gcc/arm-none-eabi/4.8.0/crtbegin.o
 *(.init)
 .init          0x000000000000b268        0x4 /home/ld0d/opt/KDS_2.0.0/toolchain/bin/../lib/gcc/arm-none-eabi/4.8.0/crti.o
                0x000000000000b268                _init
 .init          0x000000000000b26c        0x8 /home/ld0d/opt/KDS_2.0.0/toolchain/bin/../lib/gcc/arm-none-eabi/4.8.0/crtn.o
 *(.fini)
 .fini          0x000000000000b274        0x4 /home/ld0d/opt/KDS_2.0.0/toolchain/bin/../lib/gcc/arm-none-eabi/4.8.0/crti.o
                0x000000000000b274                _fini
 .fini          0x000000000000b278        0x8 /home/ld0d/opt/KDS_2.0.0/toolchain/bin/../lib/gcc/arm-none-eabi/4.8.0/crtn.o
                0x000000000000b280                . = ALIGN (0x4)
                0x000000000000b280                _etext = .

.vfp11_veneer   0x000000000000b280        0x0
 .vfp11_veneer  0x0000000000000000        0x0 linker stubs

.v4_bx          0x000000000000b280        0x0
 .v4_bx         0x0000000000000000        0x0 linker stubs

.iplt           0x000000000000b280        0x0
 .iplt          0x0000000000000000        0x0 /home/ld0d/opt/KDS_2.0.0/toolchain/bin/../lib/gcc/arm-none-eabi/4.8.0/crtbegin.o

.rel.dyn        0x000000000000b280        0x0
 .rel.iplt      0x0000000000000000        0x0 /home/ld0d/opt/KDS_2.0.0/toolchain/bin/../lib/gcc/arm-none-eabi/4.8.0/crtbegin.o

.ARM.extab
 *(.ARM.extab* .gnu.linkonce.armextab.*)

.ARM            0x000000000000b280        0x0
                0x000000000000b280                __exidx_start = .
 *(.ARM.exidx*)
                0x000000000000b280                __exidx_end = .

.ctors          0x000000000000b280        0x0
                0x000000000000b280                __CTOR_LIST__ = .
 *crtbegin.o(.ctors)
 *(EXCLUDE_FILE(*crtend.o) .ctors)
 *(SORT(.ctors.*))
 *(.ctors)
                0x000000000000b280                __CTOR_END__ = .

.dtors          0x000000000000b280        0x0
                0x000000000000b280                __DTOR_LIST__ = .
 *crtbegin.o(.dtors)
 *(EXCLUDE_FILE(*crtend.o) .dtors)
 *(SORT(.dtors.*))
 *(.dtors)
                0x000000000000b280                __DTOR_END__ = .

.preinit_array  0x000000000000b280        0x0
                0x000000000000b280                PROVIDE (__preinit_array_start, .)
 *(.preinit_array*)
                0x000000000000b280                PROVIDE (__preinit_array_end, .)

.init_array     0x000000000000b280        0x4
                0x000000000000b280                PROVIDE (__init_array_start, .)
 *(SORT(.init_array.*))
 *(.init_array*)
 .init_array    0x000000000000b280        0x4 /home/ld0d/opt/KDS_2.0.0/toolchain/bin/../lib/gcc/arm-none-eabi/4.8.0/crtbegin.o
                0x000000000000b284                PROVIDE (__init_array_end, .)

.fini_array     0x000000000000b284        0x4
                0x000000000000b284                PROVIDE (__fini_array_start, .)
 *(SORT(.fini_array.*))
 *(.fini_array*)
 .fini_array    0x000000000000b284        0x4 /home/ld0d/opt/KDS_2.0.0/toolchain/bin/../lib/gcc/arm-none-eabi/4.8.0/crtbegin.o
                0x000000000000b288                PROVIDE (__fini_array_end, .)
                0x000000000000b288                ___ROM_AT = .

.mtb            0x000000001ffff800        0x0
                0x000000001ffff800                . = ALIGN (0x8)
                0x000000001ffff800                _mtb_start = .
 *(.mtb_buf)
                0x000000001ffff800                . = ALIGN (0x8)
                0x000000001ffff800                _mtb_end = .

.data           0x000000001ffff800      0x158 load address 0x000000000000b288
                0x000000001ffff800                . = ALIGN (0x4)
                0x000000001ffff800                _sdata = .
 *(.data)
 *(.data*)
 .data.g_device_descriptor
                0x000000001ffff800       0x14 ./Sources/usb_descriptor.o
                0x000000001ffff800                g_device_descriptor
 .data.g_config_descriptor
                0x000000001ffff814       0x88 ./Sources/usb_descriptor.o
                0x000000001ffff814                g_config_descriptor
 .data.USB_STR_0
                0x000000001ffff89c        0x4 ./Sources/usb_descriptor.o
                0x000000001ffff89c                USB_STR_0
 .data.USB_STR_1
                0x000000001ffff8a0       0x18 ./Sources/usb_descriptor.o
                0x000000001ffff8a0                USB_STR_1
 .data.USB_STR_2
                0x000000001ffff8b8       0x20 ./Sources/usb_descriptor.o
                0x000000001ffff8b8                USB_STR_2
 .data.USB_STR_3
                0x000000001ffff8d8        0x4 ./Sources/usb_descriptor.o
                0x000000001ffff8d8                USB_STR_3
 .data.USB_STR_4
                0x000000001ffff8dc       0x10 ./Sources/usb_descriptor.o
                0x000000001ffff8dc                USB_STR_4
 .data.USB_STR_5
                0x000000001ffff8ec       0x1c ./Sources/usb_descriptor.o
                0x000000001ffff8ec                USB_STR_5
 .data.USB_STR_6
                0x000000001ffff908       0x10 ./Sources/usb_descriptor.o
                0x000000001ffff908                USB_STR_6
 .data.USB_STR_7
                0x000000001ffff918       0x18 ./Sources/usb_descriptor.o
                0x000000001ffff918                USB_STR_7
 .data.USB_STR_n
                0x000000001ffff930       0x24 ./Sources/usb_descriptor.o
                0x000000001ffff930                USB_STR_n
 .data.g_trf_direction
                0x000000001ffff954        0x1 /home/ld0d/work/kds_workspace/usbmidilib/Debug/libusbmidilib.a(usb_dci_kinetis.o)
                0x000000001ffff958                . = ALIGN (0x4)
 *fill*         0x000000001ffff955        0x3 
                0x000000001ffff958                _edata = .
                0x0000000000000158                ___data_size = (_edata - _sdata)

.jcr            0x000000001ffff958        0x0 load address 0x000000000000b3e0
 .jcr           0x000000001ffff958        0x0 /home/ld0d/opt/KDS_2.0.0/toolchain/bin/../lib/gcc/arm-none-eabi/4.8.0/crtbegin.o

.tm_clone_table
                0x000000001ffff958        0x0 load address 0x000000000000b3e0
 .tm_clone_table
                0x000000001ffff958        0x0 /home/ld0d/opt/KDS_2.0.0/toolchain/bin/../lib/gcc/arm-none-eabi/4.8.0/crtbegin.o
 .tm_clone_table
                0x000000001ffff958        0x0 /home/ld0d/opt/KDS_2.0.0/toolchain/bin/../lib/gcc/arm-none-eabi/4.8.0/crtend.o

.igot.plt       0x000000001ffff958        0x0 load address 0x000000000000b3e0
 .igot.plt      0x0000000000000000        0x0 /home/ld0d/opt/KDS_2.0.0/toolchain/bin/../lib/gcc/arm-none-eabi/4.8.0/crtbegin.o
                0x000000001ffff958                . = ALIGN (0x4)

.bss            0x000000001ffffa00      0xe00 load address 0x000000000000b600
                0x000000001ffffa00                __START_BSS = .
                0x000000001ffffa00                PROVIDE (__bss_start__, __START_BSS)
 *(.bss)
 *(.bss*)
 .bss.completed.6137
                0x000000001ffffa00        0x1 /home/ld0d/opt/KDS_2.0.0/toolchain/bin/../lib/gcc/arm-none-eabi/4.8.0/crtbegin.o
 *fill*         0x000000001ffffa01        0x3 
 .bss.object.6142
                0x000000001ffffa04       0x18 /home/ld0d/opt/KDS_2.0.0/toolchain/bin/../lib/gcc/arm-none-eabi/4.8.0/crtbegin.o
 .bss.g_alternate_interface
                0x000000001ffffa1c        0x4 ./Sources/usb_descriptor.o
 *fill*         0x000000001ffffa20      0x1e0 
 .bss.midi_buffer
                0x000000001ffffc00      0x200 ./Sources/usbmain.o
 .bss.argv      0x000000001ffffe00       0x28 ./Project_Settings/Startup_Code/startup.o
 .bss.DeviceDataPrv__DEFAULT_RTOS_ALLOC
                0x000000001ffffe28       0x20 ./Generated_Code/ASerialLdd1.o
 .bss.INT_UART0__DEFAULT_RTOS_ISRPARAM
                0x000000001ffffe48        0x4 ./Generated_Code/ASerialLdd1.o
 .bss.DeviceDataPrv__DEFAULT_RTOS_ALLOC
                0x000000001ffffe4c        0x4 ./Generated_Code/BitIoLdd1.o
 .bss.SerFlag   0x000000001ffffe50        0x2 ./Generated_Code/COREUART.o
 .bss.COREUART_InpLen
                0x000000001ffffe52        0x2 ./Generated_Code/COREUART.o
 .bss.InpIndexR
                0x000000001ffffe54        0x2 ./Generated_Code/COREUART.o
 .bss.InpIndexW
                0x000000001ffffe56        0x2 ./Generated_Code/COREUART.o
 .bss.InpBuffer
                0x000000001ffffe58      0x100 ./Generated_Code/COREUART.o
 .bss.BufferRead
                0x000000001fffff58        0x1 ./Generated_Code/COREUART.o
 *fill*         0x000000001fffff59        0x1 
 .bss.COREUART_OutLen
                0x000000001fffff5a        0x2 ./Generated_Code/COREUART.o
 .bss.OutIndexR
                0x000000001fffff5c        0x2 ./Generated_Code/COREUART.o
 .bss.OutIndexW
                0x000000001fffff5e        0x2 ./Generated_Code/COREUART.o
 .bss.OutBuffer
                0x000000001fffff60      0x100 ./Generated_Code/COREUART.o
 .bss.OnFreeTxBufSemaphore
                0x0000000020000060        0x1 ./Generated_Code/COREUART.o
 .bss.SR_lock   0x0000000020000061        0x1 ./Generated_Code/Cpu.o
                0x0000000020000061                SR_lock
 *fill*         0x0000000020000062        0x2 
 .bss.PE_LDD_DeviceDataList
                0x0000000020000064        0x8 ./Generated_Code/PE_LDD.o
                0x0000000020000064                PE_LDD_DeviceDataList
 .bss.UsbMidiRx_buffer
                0x000000002000006c       0x40 ./Generated_Code/UsbMidiRx.o
 .bss.UsbMidiRx_inIdx
                0x00000000200000ac        0x1 ./Generated_Code/UsbMidiRx.o
 .bss.UsbMidiRx_outIdx
                0x00000000200000ad        0x1 ./Generated_Code/UsbMidiRx.o
 .bss.UsbMidiRx_inSize
                0x00000000200000ae        0x1 ./Generated_Code/UsbMidiRx.o
 *fill*         0x00000000200000af        0x1 
 .bss.UsbMidiTx_buffer
                0x00000000200000b0       0x40 ./Generated_Code/UsbMidiTx.o
 .bss.UsbMidiTx_inIdx
                0x00000000200000f0        0x1 ./Generated_Code/UsbMidiTx.o
 .bss.UsbMidiTx_outIdx
                0x00000000200000f1        0x1 ./Generated_Code/UsbMidiTx.o
 .bss.UsbMidiTx_inSize
                0x00000000200000f2        0x1 ./Generated_Code/UsbMidiTx.o
 *fill*         0x00000000200000f3        0x1 
 .bss.recvactive
                0x00000000200000f4        0x4 /home/ld0d/work/kds_workspace/usbmidilib/Debug/libusbmidilib.a(USBMIDI1.o)
 .bss.transactionOngoing
                0x00000000200000f8        0x1 /home/ld0d/work/kds_workspace/usbmidilib/Debug/libusbmidilib.a(USBMIDI1.o)
 .bss.start_app
                0x00000000200000f9        0x1 /home/ld0d/work/kds_workspace/usbmidilib/Debug/libusbmidilib.a(USBMIDI1.o)
 .bss.start_transactions
                0x00000000200000fa        0x1 /home/ld0d/work/kds_workspace/usbmidilib/Debug/libusbmidilib.a(USBMIDI1.o)
 *fill*         0x00000000200000fb        0x1 
 .bss.g_class_callback
                0x00000000200000fc        0x4 /home/ld0d/work/kds_workspace/usbmidilib/Debug/libusbmidilib.a(usb_class.o)
 .bss.g_device_state_before_suspend
                0x0000000020000100        0x1 /home/ld0d/work/kds_workspace/usbmidilib/Debug/libusbmidilib.a(usb_class.o)
 *fill*         0x0000000020000101        0x3 
 .bss.g_bdt_address
                0x0000000020000104        0x4 /home/ld0d/work/kds_workspace/usbmidilib/Debug/libusbmidilib.a(usb_dci_kinetis.o)
 .bss.g_dci_controller_Id
                0x0000000020000108        0x1 /home/ld0d/work/kds_workspace/usbmidilib/Debug/libusbmidilib.a(usb_dci_kinetis.o)
 *fill*         0x0000000020000109        0x3 
 .bss.g_bdtmap  0x000000002000010c        0x4 /home/ld0d/work/kds_workspace/usbmidilib/Debug/libusbmidilib.a(usb_dci_kinetis.o)
                0x000000002000010c                g_bdtmap
 .bss.g_bdt_elem
                0x0000000020000110      0x240 /home/ld0d/work/kds_workspace/usbmidilib/Debug/libusbmidilib.a(usb_dci_kinetis.o)
 .bss.g_EPn_max
                0x0000000020000350        0x1 /home/ld0d/work/kds_workspace/usbmidilib/Debug/libusbmidilib.a(usb_driver.o)
 .bss.g_usb_ep_status
                0x0000000020000351        0x7 /home/ld0d/work/kds_workspace/usbmidilib/Debug/libusbmidilib.a(usb_driver.o)
 .bss.g_EPn     0x0000000020000358        0x1 /home/ld0d/work/kds_workspace/usbmidilib/Debug/libusbmidilib.a(usb_driver.o)
 .bss.g_usb_component_status
                0x0000000020000359        0x7 /home/ld0d/work/kds_workspace/usbmidilib/Debug/libusbmidilib.a(usb_driver.o)
 .bss.g_assigned_address
                0x0000000020000360        0x1 /home/ld0d/work/kds_workspace/usbmidilib/Debug/libusbmidilib.a(usb_framework.o)
 *fill*         0x0000000020000361        0x1 
 .bss.g_std_framework_data
                0x0000000020000362        0x2 /home/ld0d/work/kds_workspace/usbmidilib/Debug/libusbmidilib.a(usb_framework.o)
 .bss.g_setup_pkt
                0x0000000020000364        0x8 /home/ld0d/work/kds_workspace/usbmidilib/Debug/libusbmidilib.a(usb_framework.o)
 .bss.ext_req_to_host
                0x000000002000036c       0x10 /home/ld0d/work/kds_workspace/usbmidilib/Debug/libusbmidilib.a(usb_framework.o)
 .bss.g_other_req_callback
                0x000000002000037c        0x4 /home/ld0d/work/kds_workspace/usbmidilib/Debug/libusbmidilib.a(usb_framework.o)
 .bss.g_framework_callback
                0x0000000020000380        0x4 /home/ld0d/work/kds_workspace/usbmidilib/Debug/libusbmidilib.a(usb_framework.o)
 .bss.g_midi_class_callback
                0x0000000020000384        0x4 /home/ld0d/work/kds_workspace/usbmidilib/Debug/libusbmidilib.a(usb_midi.o)
 .bss.g_vendor_req_callback
                0x0000000020000388        0x4 /home/ld0d/work/kds_workspace/usbmidilib/Debug/libusbmidilib.a(usb_midi.o)
 .bss.intercore_recv_counter
                0x000000002000038c        0x4 /home/ld0d/work/kds_workspace/usbmidilib/Debug/libusbmidilib.a(intercore.o)
 .bss.intercore_msgbuf
                0x0000000020000390        0x4 /home/ld0d/work/kds_workspace/usbmidilib/Debug/libusbmidilib.a(intercore.o)
 .bss.intercore_waiting_ack
                0x0000000020000394        0x4 /home/ld0d/work/kds_workspace/usbmidilib/Debug/libusbmidilib.a(intercore.o)
 .bss.intercore_sent_counter
                0x0000000020000398        0x4 /home/ld0d/work/kds_workspace/usbmidilib/Debug/libusbmidilib.a(intercore.o)
 .bss.intercore_msgbuf_counter
                0x000000002000039c        0x4 /home/ld0d/work/kds_workspace/usbmidilib/Debug/libusbmidilib.a(intercore.o)
 *(COMMON)
 COMMON         0x00000000200003a0        0x4 ./Generated_Code/COREUART.o
                0x00000000200003a0                ASerialLdd1_DeviceDataPtr
 COMMON         0x00000000200003a4        0x1 ./Generated_Code/Cpu.o
                0x00000000200003a4                SR_reg
 *fill*         0x00000000200003a5       0x5b 
 COMMON         0x0000000020000400      0x400 /home/ld0d/work/kds_workspace/usbmidilib/Debug/libusbmidilib.a(usb_dci_kinetis.o)
                0x0000000020000400                g_Mem
                0x0000000020000800                . = ALIGN (0x4)
                0x0000000020000800                __END_BSS = .
                0x0000000020000800                PROVIDE (__bss_end__, __END_BSS)
                0x000000000000b3e0                _romp_at = (___ROM_AT + SIZEOF (.data))

.romp           0x0000000020000800       0x18 load address 0x000000000000b3e0
                0x000000000000b3e0                __S_romp = _romp_at
                0x0000000020000800        0x4 LONG 0xb288 ___ROM_AT
                0x0000000020000804        0x4 LONG 0x1ffff800 _sdata
                0x0000000020000808        0x4 LONG 0x158 ___data_size
                0x000000002000080c        0x4 LONG 0x0
                0x0000000020000810        0x4 LONG 0x0
                0x0000000020000814        0x4 LONG 0x0

._user_heap_stack
                0x0000000020000818      0x200 load address 0x000000000000b3f8
                0x0000000020000818                . = ALIGN (0x4)
                0x0000000020000818                PROVIDE (end, .)
                0x0000000020000818                PROVIDE (_end, .)
                0x0000000020000818                __heap_addr = .
                0x0000000020000818                __HeapBase = .
                0x0000000020000918                . = (. + __heap_size)
 *fill*         0x0000000020000818      0x100 
                0x0000000020000918                __HeapLimit = .
                0x0000000020000a18                . = (. + __stack_size)
 *fill*         0x0000000020000918      0x100 
                0x0000000020000a18                . = ALIGN (0x4)

.ARM.attributes
                0x0000000000000000       0x2f
 *(.ARM.attributes)
 .ARM.attributes
                0x0000000000000000       0x23 /home/ld0d/opt/KDS_2.0.0/toolchain/bin/../lib/gcc/arm-none-eabi/4.8.0/crti.o
 .ARM.attributes
                0x0000000000000023       0x31 /home/ld0d/opt/KDS_2.0.0/toolchain/bin/../lib/gcc/arm-none-eabi/4.8.0/crtbegin.o
 .ARM.attributes
                0x0000000000000054       0x32 ./Sources/Events.o
 .ARM.attributes
                0x0000000000000086       0x32 ./Sources/main.o
 .ARM.attributes
                0x00000000000000b8       0x32 ./Sources/usb_descriptor.o
 .ARM.attributes
                0x00000000000000ea       0x32 ./Sources/usbmain.o
 .ARM.attributes
                0x000000000000011c       0x32 ./Project_Settings/Startup_Code/startup.o
 .ARM.attributes
                0x000000000000014e       0x32 ./Generated_Code/ASerialLdd1.o
 .ARM.attributes
                0x0000000000000180       0x32 ./Generated_Code/BitIoLdd1.o
 .ARM.attributes
                0x00000000000001b2       0x32 ./Generated_Code/COREUART.o
 .ARM.attributes
                0x00000000000001e4       0x32 ./Generated_Code/Cpu.o
 .ARM.attributes
                0x0000000000000216       0x32 ./Generated_Code/PE_LDD.o
 .ARM.attributes
                0x0000000000000248       0x32 ./Generated_Code/PTA.o
 .ARM.attributes
                0x000000000000027a       0x32 ./Generated_Code/PTB.o
 .ARM.attributes
                0x00000000000002ac       0x32 ./Generated_Code/PTC.o
 .ARM.attributes
                0x00000000000002de       0x32 ./Generated_Code/PTD.o
 .ARM.attributes
                0x0000000000000310       0x32 ./Generated_Code/PTE.o
 .ARM.attributes
                0x0000000000000342       0x32 ./Generated_Code/USB0.o
 .ARM.attributes
                0x0000000000000374       0x32 ./Generated_Code/UsbMidiRx.o
 .ARM.attributes
                0x00000000000003a6       0x32 ./Generated_Code/UsbMidiTx.o
 .ARM.attributes
                0x00000000000003d8       0x32 ./Generated_Code/Vectors.o
 .ARM.attributes
                0x000000000000040a       0x32 /home/ld0d/work/kds_workspace/usbmidilib/Debug/libusbmidilib.a(USB1.o)
 .ARM.attributes
                0x000000000000043c       0x32 /home/ld0d/work/kds_workspace/usbmidilib/Debug/libusbmidilib.a(USBMIDI1.o)
 .ARM.attributes
                0x000000000000046e       0x32 /home/ld0d/work/kds_workspace/usbmidilib/Debug/libusbmidilib.a(usb_class.o)
 .ARM.attributes
                0x00000000000004a0       0x32 /home/ld0d/work/kds_workspace/usbmidilib/Debug/libusbmidilib.a(usb_dci_kinetis.o)
 .ARM.attributes
                0x00000000000004d2       0x32 /home/ld0d/work/kds_workspace/usbmidilib/Debug/libusbmidilib.a(usb_driver.o)
 .ARM.attributes
                0x0000000000000504       0x32 /home/ld0d/work/kds_workspace/usbmidilib/Debug/libusbmidilib.a(usb_framework.o)
 .ARM.attributes
                0x0000000000000536       0x32 /home/ld0d/work/kds_workspace/usbmidilib/Debug/libusbmidilib.a(usb_midi.o)
 .ARM.attributes
                0x0000000000000568       0x32 /home/ld0d/work/kds_workspace/usbmidilib/Debug/libusbmidilib.a(wdt_kinetis.o)
 .ARM.attributes
                0x000000000000059a       0x32 /home/ld0d/work/kds_workspace/usbmidilib/Debug/libusbmidilib.a(intercore.o)
 .ARM.attributes
                0x00000000000005cc       0x32 /home/ld0d/work/kds_workspace/usbmidilib/Debug/libusbmidilib.a(usbmidischeduler.o)
 .ARM.attributes
                0x00000000000005fe       0x23 /home/ld0d/opt/KDS_2.0.0/toolchain/bin/../lib/gcc/arm-none-eabi/4.8.0/libgcc.a(_udivsi3.o)
 .ARM.attributes
                0x0000000000000621       0x23 /home/ld0d/opt/KDS_2.0.0/toolchain/bin/../lib/gcc/arm-none-eabi/4.8.0/libgcc.a(_dvmd_tls.o)
 .ARM.attributes
                0x0000000000000644       0x31 /home/ld0d/opt/KDS_2.0.0/toolchain/bin/../lib/gcc/arm-none-eabi/4.8.0/../../../../arm-none-eabi/lib/libg_s.a(lib_a-memcpy.o)
 .ARM.attributes
                0x0000000000000675       0x31 /home/ld0d/opt/KDS_2.0.0/toolchain/bin/../lib/gcc/arm-none-eabi/4.8.0/../../../../arm-none-eabi/lib/libg_s.a(lib_a-memset.o)
 .ARM.attributes
                0x00000000000006a6       0x31 /home/ld0d/opt/KDS_2.0.0/toolchain/bin/../lib/gcc/arm-none-eabi/4.8.0/crtend.o
 .ARM.attributes
                0x00000000000006d7       0x23 /home/ld0d/opt/KDS_2.0.0/toolchain/bin/../lib/gcc/arm-none-eabi/4.8.0/crtn.o
OUTPUT(usbmidi2_slave.elf elf32-littlearm)

.comment        0x0000000000000000       0x3b
 .comment       0x0000000000000000       0x2a /home/ld0d/opt/KDS_2.0.0/toolchain/bin/../lib/gcc/arm-none-eabi/4.8.0/crtbegin.o
                                         0x2b (size before relaxing)
 .comment       0x0000000000000000       0x2b ./Sources/Events.o
 .comment       0x0000000000000000       0x2b ./Sources/main.o
 .comment       0x0000000000000000       0x2b ./Sources/usb_descriptor.o
 .comment       0x0000000000000000       0x2b ./Sources/usbmain.o
 .comment       0x0000000000000000       0x2b ./Project_Settings/Startup_Code/startup.o
 .comment       0x0000000000000000       0x2b ./Generated_Code/ASerialLdd1.o
 .comment       0x0000000000000000       0x2b ./Generated_Code/BitIoLdd1.o
 .comment       0x0000000000000000       0x2b ./Generated_Code/COREUART.o
 .comment       0x0000000000000000       0x2b ./Generated_Code/Cpu.o
 .comment       0x0000000000000000       0x2b ./Generated_Code/PE_LDD.o
 .comment       0x0000000000000000       0x2b ./Generated_Code/PTA.o
 .comment       0x0000000000000000       0x2b ./Generated_Code/PTB.o
 .comment       0x0000000000000000       0x2b ./Generated_Code/PTC.o
 .comment       0x0000000000000000       0x2b ./Generated_Code/PTD.o
 .comment       0x0000000000000000       0x2b ./Generated_Code/PTE.o
 .comment       0x0000000000000000       0x2b ./Generated_Code/USB0.o
 .comment       0x0000000000000000       0x2b ./Generated_Code/UsbMidiRx.o
 .comment       0x0000000000000000       0x2b ./Generated_Code/UsbMidiTx.o
 .comment       0x0000000000000000       0x2b ./Generated_Code/Vectors.o
 .comment       0x0000000000000000       0x2b /home/ld0d/work/kds_workspace/usbmidilib/Debug/libusbmidilib.a(USB1.o)
 .comment       0x0000000000000000       0x2b /home/ld0d/work/kds_workspace/usbmidilib/Debug/libusbmidilib.a(USBMIDI1.o)
 .comment       0x0000000000000000       0x2b /home/ld0d/work/kds_workspace/usbmidilib/Debug/libusbmidilib.a(usb_class.o)
 .comment       0x0000000000000000       0x2b /home/ld0d/work/kds_workspace/usbmidilib/Debug/libusbmidilib.a(usb_dci_kinetis.o)
 .comment       0x0000000000000000       0x2b /home/ld0d/work/kds_workspace/usbmidilib/Debug/libusbmidilib.a(usb_driver.o)
 .comment       0x0000000000000000       0x2b /home/ld0d/work/kds_workspace/usbmidilib/Debug/libusbmidilib.a(usb_framework.o)
 .comment       0x0000000000000000       0x2b /home/ld0d/work/kds_workspace/usbmidilib/Debug/libusbmidilib.a(usb_midi.o)
 .comment       0x0000000000000000       0x2b /home/ld0d/work/kds_workspace/usbmidilib/Debug/libusbmidilib.a(wdt_kinetis.o)
 .comment       0x0000000000000000       0x2b /home/ld0d/work/kds_workspace/usbmidilib/Debug/libusbmidilib.a(intercore.o)
 .comment       0x0000000000000000       0x2b /home/ld0d/work/kds_workspace/usbmidilib/Debug/libusbmidilib.a(usbmidischeduler.o)
 .comment       0x000000000000002a       0x11 /home/ld0d/opt/KDS_2.0.0/toolchain/bin/../lib/gcc/arm-none-eabi/4.8.0/../../../../arm-none-eabi/lib/libg_s.a(lib_a-memcpy.o)
                                         0x12 (size before relaxing)
 .comment       0x0000000000000000       0x12 /home/ld0d/opt/KDS_2.0.0/toolchain/bin/../lib/gcc/arm-none-eabi/4.8.0/../../../../arm-none-eabi/lib/libg_s.a(lib_a-memset.o)
 .comment       0x0000000000000000       0x2b /home/ld0d/opt/KDS_2.0.0/toolchain/bin/../lib/gcc/arm-none-eabi/4.8.0/crtend.o

.debug_info     0x0000000000000000     0x8f55
 .debug_info    0x0000000000000000       0xeb ./Sources/Events.o
 .debug_info    0x00000000000000eb      0x149 ./Sources/main.o
 .debug_info    0x0000000000000234      0x89e ./Sources/usb_descriptor.o
 .debug_info    0x0000000000000ad2      0x377 ./Sources/usbmain.o
 .debug_info    0x0000000000000e49      0x308 ./Project_Settings/Startup_Code/startup.o
 .debug_info    0x0000000000001151      0x7ff ./Generated_Code/ASerialLdd1.o
 .debug_info    0x0000000000001950      0x35c ./Generated_Code/BitIoLdd1.o
 .debug_info    0x0000000000001cac      0x4f2 ./Generated_Code/COREUART.o
 .debug_info    0x000000000000219e      0x849 ./Generated_Code/Cpu.o
 .debug_info    0x00000000000029e7      0x23b ./Generated_Code/PE_LDD.o
 .debug_info    0x0000000000002c22      0x114 ./Generated_Code/PTA.o
 .debug_info    0x0000000000002d36      0x114 ./Generated_Code/PTB.o
 .debug_info    0x0000000000002e4a      0x114 ./Generated_Code/PTC.o
 .debug_info    0x0000000000002f5e      0x114 ./Generated_Code/PTD.o
 .debug_info    0x0000000000003072      0x114 ./Generated_Code/PTE.o
 .debug_info    0x0000000000003186      0x627 ./Generated_Code/USB0.o
 .debug_info    0x00000000000037ad      0x1e7 ./Generated_Code/UsbMidiRx.o
 .debug_info    0x0000000000003994      0x1e7 ./Generated_Code/UsbMidiTx.o
 .debug_info    0x0000000000003b7b      0x103 ./Generated_Code/Vectors.o
 .debug_info    0x0000000000003c7e      0x1c9 /home/ld0d/work/kds_workspace/usbmidilib/Debug/libusbmidilib.a(USB1.o)
 .debug_info    0x0000000000003e47      0x538 /home/ld0d/work/kds_workspace/usbmidilib/Debug/libusbmidilib.a(USBMIDI1.o)
 .debug_info    0x000000000000437f      0xa35 /home/ld0d/work/kds_workspace/usbmidilib/Debug/libusbmidilib.a(usb_class.o)
 .debug_info    0x0000000000004db4     0x1a1b /home/ld0d/work/kds_workspace/usbmidilib/Debug/libusbmidilib.a(usb_dci_kinetis.o)
 .debug_info    0x00000000000067cf      0x6e7 /home/ld0d/work/kds_workspace/usbmidilib/Debug/libusbmidilib.a(usb_driver.o)
 .debug_info    0x0000000000006eb6      0xf9a /home/ld0d/work/kds_workspace/usbmidilib/Debug/libusbmidilib.a(usb_framework.o)
 .debug_info    0x0000000000007e50      0x75d /home/ld0d/work/kds_workspace/usbmidilib/Debug/libusbmidilib.a(usb_midi.o)
 .debug_info    0x00000000000085ad      0x11e /home/ld0d/work/kds_workspace/usbmidilib/Debug/libusbmidilib.a(wdt_kinetis.o)
 .debug_info    0x00000000000086cb      0x4d6 /home/ld0d/work/kds_workspace/usbmidilib/Debug/libusbmidilib.a(intercore.o)
 .debug_info    0x0000000000008ba1      0x3b4 /home/ld0d/work/kds_workspace/usbmidilib/Debug/libusbmidilib.a(usbmidischeduler.o)

.debug_abbrev   0x0000000000000000     0x2789
 .debug_abbrev  0x0000000000000000       0x45 ./Sources/Events.o
 .debug_abbrev  0x0000000000000045       0xe2 ./Sources/main.o
 .debug_abbrev  0x0000000000000127      0x120 ./Sources/usb_descriptor.o
 .debug_abbrev  0x0000000000000247      0x17c ./Sources/usbmain.o
 .debug_abbrev  0x00000000000003c3      0x148 ./Project_Settings/Startup_Code/startup.o
 .debug_abbrev  0x000000000000050b      0x1b8 ./Generated_Code/ASerialLdd1.o
 .debug_abbrev  0x00000000000006c3      0x127 ./Generated_Code/BitIoLdd1.o
 .debug_abbrev  0x00000000000007ea      0x1d6 ./Generated_Code/COREUART.o
 .debug_abbrev  0x00000000000009c0      0x170 ./Generated_Code/Cpu.o
 .debug_abbrev  0x0000000000000b30      0x10d ./Generated_Code/PE_LDD.o
 .debug_abbrev  0x0000000000000c3d       0x8d ./Generated_Code/PTA.o
 .debug_abbrev  0x0000000000000cca       0x8d ./Generated_Code/PTB.o
 .debug_abbrev  0x0000000000000d57       0x8d ./Generated_Code/PTC.o
 .debug_abbrev  0x0000000000000de4       0x8d ./Generated_Code/PTD.o
 .debug_abbrev  0x0000000000000e71       0x8d ./Generated_Code/PTE.o
 .debug_abbrev  0x0000000000000efe       0xe9 ./Generated_Code/USB0.o
 .debug_abbrev  0x0000000000000fe7       0xf1 ./Generated_Code/UsbMidiRx.o
 .debug_abbrev  0x00000000000010d8       0xf1 ./Generated_Code/UsbMidiTx.o
 .debug_abbrev  0x00000000000011c9       0xa4 ./Generated_Code/Vectors.o
 .debug_abbrev  0x000000000000126d       0xf8 /home/ld0d/work/kds_workspace/usbmidilib/Debug/libusbmidilib.a(USB1.o)
 .debug_abbrev  0x0000000000001365      0x224 /home/ld0d/work/kds_workspace/usbmidilib/Debug/libusbmidilib.a(USBMIDI1.o)
 .debug_abbrev  0x0000000000001589      0x26c /home/ld0d/work/kds_workspace/usbmidilib/Debug/libusbmidilib.a(usb_class.o)
 .debug_abbrev  0x00000000000017f5      0x428 /home/ld0d/work/kds_workspace/usbmidilib/Debug/libusbmidilib.a(usb_dci_kinetis.o)
 .debug_abbrev  0x0000000000001c1d      0x210 /home/ld0d/work/kds_workspace/usbmidilib/Debug/libusbmidilib.a(usb_driver.o)
 .debug_abbrev  0x0000000000001e2d      0x2d4 /home/ld0d/work/kds_workspace/usbmidilib/Debug/libusbmidilib.a(usb_framework.o)
 .debug_abbrev  0x0000000000002101      0x23f /home/ld0d/work/kds_workspace/usbmidilib/Debug/libusbmidilib.a(usb_midi.o)
 .debug_abbrev  0x0000000000002340       0x9f /home/ld0d/work/kds_workspace/usbmidilib/Debug/libusbmidilib.a(wdt_kinetis.o)
 .debug_abbrev  0x00000000000023df      0x1e8 /home/ld0d/work/kds_workspace/usbmidilib/Debug/libusbmidilib.a(intercore.o)
 .debug_abbrev  0x00000000000025c7      0x1c2 /home/ld0d/work/kds_workspace/usbmidilib/Debug/libusbmidilib.a(usbmidischeduler.o)

.debug_aranges  0x0000000000000000      0x788
 .debug_aranges
                0x0000000000000000       0x48 ./Sources/Events.o
 .debug_aranges
                0x0000000000000048       0x20 ./Sources/main.o
 .debug_aranges
                0x0000000000000068       0x80 ./Sources/usb_descriptor.o
 .debug_aranges
                0x00000000000000e8       0x28 ./Sources/usbmain.o
 .debug_aranges
                0x0000000000000110       0x60 ./Project_Settings/Startup_Code/startup.o
 .debug_aranges
                0x0000000000000170       0x50 ./Generated_Code/ASerialLdd1.o
 .debug_aranges
                0x00000000000001c0       0x40 ./Generated_Code/BitIoLdd1.o
 .debug_aranges
                0x0000000000000200       0x88 ./Generated_Code/COREUART.o
 .debug_aranges
                0x0000000000000288       0x38 ./Generated_Code/Cpu.o
 .debug_aranges
                0x00000000000002c0       0x30 ./Generated_Code/PE_LDD.o
 .debug_aranges
                0x00000000000002f0       0x20 ./Generated_Code/PTA.o
 .debug_aranges
                0x0000000000000310       0x20 ./Generated_Code/PTB.o
 .debug_aranges
                0x0000000000000330       0x20 ./Generated_Code/PTC.o
 .debug_aranges
                0x0000000000000350       0x20 ./Generated_Code/PTD.o
 .debug_aranges
                0x0000000000000370       0x20 ./Generated_Code/PTE.o
 .debug_aranges
                0x0000000000000390       0x20 ./Generated_Code/USB0.o
 .debug_aranges
                0x00000000000003b0       0x40 ./Generated_Code/UsbMidiRx.o
 .debug_aranges
                0x00000000000003f0       0x40 ./Generated_Code/UsbMidiTx.o
 .debug_aranges
                0x0000000000000430       0x18 ./Generated_Code/Vectors.o
 .debug_aranges
                0x0000000000000448       0x30 /home/ld0d/work/kds_workspace/usbmidilib/Debug/libusbmidilib.a(USB1.o)
 .debug_aranges
                0x0000000000000478       0x30 /home/ld0d/work/kds_workspace/usbmidilib/Debug/libusbmidilib.a(USBMIDI1.o)
 .debug_aranges
                0x00000000000004a8       0x68 /home/ld0d/work/kds_workspace/usbmidilib/Debug/libusbmidilib.a(usb_class.o)
 .debug_aranges
                0x0000000000000510       0xa0 /home/ld0d/work/kds_workspace/usbmidilib/Debug/libusbmidilib.a(usb_dci_kinetis.o)
 .debug_aranges
                0x00000000000005b0       0x70 /home/ld0d/work/kds_workspace/usbmidilib/Debug/libusbmidilib.a(usb_driver.o)
 .debug_aranges
                0x0000000000000620       0x88 /home/ld0d/work/kds_workspace/usbmidilib/Debug/libusbmidilib.a(usb_framework.o)
 .debug_aranges
                0x00000000000006a8       0x48 /home/ld0d/work/kds_workspace/usbmidilib/Debug/libusbmidilib.a(usb_midi.o)
 .debug_aranges
                0x00000000000006f0       0x20 /home/ld0d/work/kds_workspace/usbmidilib/Debug/libusbmidilib.a(wdt_kinetis.o)
 .debug_aranges
                0x0000000000000710       0x50 /home/ld0d/work/kds_workspace/usbmidilib/Debug/libusbmidilib.a(intercore.o)
 .debug_aranges
                0x0000000000000760       0x28 /home/ld0d/work/kds_workspace/usbmidilib/Debug/libusbmidilib.a(usbmidischeduler.o)

.debug_ranges   0x0000000000000000      0x6c0
 .debug_ranges  0x0000000000000000       0x38 ./Sources/Events.o
 .debug_ranges  0x0000000000000038       0x10 ./Sources/main.o
 .debug_ranges  0x0000000000000048       0x70 ./Sources/usb_descriptor.o
 .debug_ranges  0x00000000000000b8       0x18 ./Sources/usbmain.o
 .debug_ranges  0x00000000000000d0       0x50 ./Project_Settings/Startup_Code/startup.o
 .debug_ranges  0x0000000000000120       0x40 ./Generated_Code/ASerialLdd1.o
 .debug_ranges  0x0000000000000160       0x30 ./Generated_Code/BitIoLdd1.o
 .debug_ranges  0x0000000000000190       0x78 ./Generated_Code/COREUART.o
 .debug_ranges  0x0000000000000208       0x28 ./Generated_Code/Cpu.o
 .debug_ranges  0x0000000000000230       0x20 ./Generated_Code/PE_LDD.o
 .debug_ranges  0x0000000000000250       0x10 ./Generated_Code/PTA.o
 .debug_ranges  0x0000000000000260       0x10 ./Generated_Code/PTB.o
 .debug_ranges  0x0000000000000270       0x10 ./Generated_Code/PTC.o
 .debug_ranges  0x0000000000000280       0x10 ./Generated_Code/PTD.o
 .debug_ranges  0x0000000000000290       0x10 ./Generated_Code/PTE.o
 .debug_ranges  0x00000000000002a0       0x10 ./Generated_Code/USB0.o
 .debug_ranges  0x00000000000002b0       0x30 ./Generated_Code/UsbMidiRx.o
 .debug_ranges  0x00000000000002e0       0x30 ./Generated_Code/UsbMidiTx.o
 .debug_ranges  0x0000000000000310       0x20 /home/ld0d/work/kds_workspace/usbmidilib/Debug/libusbmidilib.a(USB1.o)
 .debug_ranges  0x0000000000000330       0x20 /home/ld0d/work/kds_workspace/usbmidilib/Debug/libusbmidilib.a(USBMIDI1.o)
 .debug_ranges  0x0000000000000350       0x58 /home/ld0d/work/kds_workspace/usbmidilib/Debug/libusbmidilib.a(usb_class.o)
 .debug_ranges  0x00000000000003a8      0x188 /home/ld0d/work/kds_workspace/usbmidilib/Debug/libusbmidilib.a(usb_dci_kinetis.o)
 .debug_ranges  0x0000000000000530       0x60 /home/ld0d/work/kds_workspace/usbmidilib/Debug/libusbmidilib.a(usb_driver.o)
 .debug_ranges  0x0000000000000590       0x78 /home/ld0d/work/kds_workspace/usbmidilib/Debug/libusbmidilib.a(usb_framework.o)
 .debug_ranges  0x0000000000000608       0x38 /home/ld0d/work/kds_workspace/usbmidilib/Debug/libusbmidilib.a(usb_midi.o)
 .debug_ranges  0x0000000000000640       0x10 /home/ld0d/work/kds_workspace/usbmidilib/Debug/libusbmidilib.a(wdt_kinetis.o)
 .debug_ranges  0x0000000000000650       0x58 /home/ld0d/work/kds_workspace/usbmidilib/Debug/libusbmidilib.a(intercore.o)
 .debug_ranges  0x00000000000006a8       0x18 /home/ld0d/work/kds_workspace/usbmidilib/Debug/libusbmidilib.a(usbmidischeduler.o)

.debug_macro    0x0000000000000000    0x15ee6
 .debug_macro   0x0000000000000000      0x146 ./Sources/Events.o
 .debug_macro   0x0000000000000146      0x81a ./Sources/Events.o
 .debug_macro   0x0000000000000960      0x214 ./Sources/Events.o
 .debug_macro   0x0000000000000b74     0x1592 ./Sources/Events.o
 .debug_macro   0x0000000000002106      0x14e ./Sources/Events.o
 .debug_macro   0x0000000000002254       0x64 ./Sources/Events.o
 .debug_macro   0x00000000000022b8     0x621c ./Sources/Events.o
 .debug_macro   0x00000000000084d4       0x9a ./Sources/Events.o
 .debug_macro   0x000000000000856e       0x12 ./Sources/Events.o
 .debug_macro   0x0000000000008580       0x12 ./Sources/Events.o
 .debug_macro   0x0000000000008592       0x65 ./Sources/Events.o
 .debug_macro   0x00000000000085f7       0x1f ./Sources/Events.o
 .debug_macro   0x0000000000008616       0x10 ./Sources/Events.o
 .debug_macro   0x0000000000008626       0x10 ./Sources/Events.o
 .debug_macro   0x0000000000008636       0x3d ./Sources/Events.o
 .debug_macro   0x0000000000008673       0x16 ./Sources/Events.o
 .debug_macro   0x0000000000008689       0x94 ./Sources/Events.o
 .debug_macro   0x000000000000871d      0x12b ./Sources/Events.o
 .debug_macro   0x0000000000008848       0x40 ./Sources/Events.o
 .debug_macro   0x0000000000008888       0x20 ./Sources/Events.o
 .debug_macro   0x00000000000088a8       0x47 ./Sources/Events.o
 .debug_macro   0x00000000000088ef       0x16 ./Sources/Events.o
 .debug_macro   0x0000000000008905       0x16 ./Sources/Events.o
 .debug_macro   0x000000000000891b       0x18 ./Sources/Events.o
 .debug_macro   0x0000000000008933      0x180 ./Sources/main.o
 .debug_macro   0x0000000000008ab3      0x166 ./Sources/main.o
 .debug_macro   0x0000000000008c19       0x52 ./Sources/main.o
 .debug_macro   0x0000000000008c6b      0x110 ./Sources/usb_descriptor.o
 .debug_macro   0x0000000000008d7b       0x10 ./Sources/usb_descriptor.o
 .debug_macro   0x0000000000008d8b       0x5e ./Sources/usb_descriptor.o
 .debug_macro   0x0000000000008de9       0x10 ./Sources/usb_descriptor.o
 .debug_macro   0x0000000000008df9       0x34 ./Sources/usb_descriptor.o
 .debug_macro   0x0000000000008e2d      0x38c ./Sources/usb_descriptor.o
 .debug_macro   0x00000000000091b9       0x82 ./Sources/usb_descriptor.o
 .debug_macro   0x000000000000923b      0x27f ./Sources/usb_descriptor.o
 .debug_macro   0x00000000000094ba      0x310 ./Sources/usb_descriptor.o
 .debug_macro   0x00000000000097ca       0xf4 ./Sources/usb_descriptor.o
 .debug_macro   0x00000000000098be      0x16b ./Sources/usbmain.o
 .debug_macro   0x0000000000009a29       0xa0 ./Sources/usbmain.o
 .debug_macro   0x0000000000009ac9       0x1c ./Sources/usbmain.o
 .debug_macro   0x0000000000009ae5       0x3a ./Sources/usbmain.o
 .debug_macro   0x0000000000009b1f      0x119 ./Project_Settings/Startup_Code/startup.o
 .debug_macro   0x0000000000009c38       0x2e ./Project_Settings/Startup_Code/startup.o
 .debug_macro   0x0000000000009c66       0x2e ./Project_Settings/Startup_Code/startup.o
 .debug_macro   0x0000000000009c94       0x95 ./Project_Settings/Startup_Code/startup.o
 .debug_macro   0x0000000000009d29       0x3a ./Project_Settings/Startup_Code/startup.o
 .debug_macro   0x0000000000009d63       0x52 ./Project_Settings/Startup_Code/startup.o
 .debug_macro   0x0000000000009db5       0x19 ./Project_Settings/Startup_Code/startup.o
 .debug_macro   0x0000000000009dce      0x16d ./Project_Settings/Startup_Code/startup.o
 .debug_macro   0x0000000000009f3b       0x89 ./Project_Settings/Startup_Code/startup.o
 .debug_macro   0x0000000000009fc4       0x10 ./Project_Settings/Startup_Code/startup.o
 .debug_macro   0x0000000000009fd4       0x89 ./Project_Settings/Startup_Code/startup.o
 .debug_macro   0x000000000000a05d       0x1c ./Project_Settings/Startup_Code/startup.o
 .debug_macro   0x000000000000a079       0x10 ./Project_Settings/Startup_Code/startup.o
 .debug_macro   0x000000000000a089     0x6210 ./Project_Settings/Startup_Code/startup.o
 .debug_macro   0x0000000000010299       0xa7 ./Generated_Code/ASerialLdd1.o
 .debug_macro   0x0000000000010340       0x5f ./Generated_Code/ASerialLdd1.o
 .debug_macro   0x000000000001039f       0x25 ./Generated_Code/ASerialLdd1.o
 .debug_macro   0x00000000000103c4      0x31c ./Generated_Code/ASerialLdd1.o
 .debug_macro   0x00000000000106e0      0x84c ./Generated_Code/ASerialLdd1.o
 .debug_macro   0x0000000000010f2c       0x88 ./Generated_Code/BitIoLdd1.o
 .debug_macro   0x0000000000010fb4      0x1c7 ./Generated_Code/COREUART.o
 .debug_macro   0x000000000001117b      0x16a ./Generated_Code/Cpu.o
 .debug_macro   0x00000000000112e5      0x121 ./Generated_Code/PE_LDD.o
 .debug_macro   0x0000000000011406       0x70 ./Generated_Code/PTA.o
 .debug_macro   0x0000000000011476       0x10 ./Generated_Code/PTA.o
 .debug_macro   0x0000000000011486       0x70 ./Generated_Code/PTB.o
 .debug_macro   0x00000000000114f6       0x10 ./Generated_Code/PTB.o
 .debug_macro   0x0000000000011506       0x73 ./Generated_Code/PTC.o
 .debug_macro   0x0000000000011579       0x70 ./Generated_Code/PTD.o
 .debug_macro   0x00000000000115e9       0x12 ./Generated_Code/PTD.o
 .debug_macro   0x00000000000115fb       0x70 ./Generated_Code/PTE.o
 .debug_macro   0x000000000001166b       0x10 ./Generated_Code/PTE.o
 .debug_macro   0x000000000001167b       0x79 ./Generated_Code/USB0.o
 .debug_macro   0x00000000000116f4       0x71 ./Generated_Code/UsbMidiRx.o
 .debug_macro   0x0000000000011765       0x71 ./Generated_Code/UsbMidiTx.o
 .debug_macro   0x00000000000117d6      0x167 ./Generated_Code/Vectors.o
 .debug_macro   0x000000000001193d       0x18 ./Generated_Code/Vectors.o
 .debug_macro   0x0000000000011955       0xc5 /home/ld0d/work/kds_workspace/usbmidilib/Debug/libusbmidilib.a(USB1.o)
 .debug_macro   0x0000000000011a1a      0x826 /home/ld0d/work/kds_workspace/usbmidilib/Debug/libusbmidilib.a(USB1.o)
 .debug_macro   0x0000000000012240     0x15ae /home/ld0d/work/kds_workspace/usbmidilib/Debug/libusbmidilib.a(USB1.o)
 .debug_macro   0x00000000000137ee       0xa0 /home/ld0d/work/kds_workspace/usbmidilib/Debug/libusbmidilib.a(USB1.o)
 .debug_macro   0x000000000001388e      0x16d /home/ld0d/work/kds_workspace/usbmidilib/Debug/libusbmidilib.a(USB1.o)
 .debug_macro   0x00000000000139fb      0x13d /home/ld0d/work/kds_workspace/usbmidilib/Debug/libusbmidilib.a(USBMIDI1.o)
 .debug_macro   0x0000000000013b38       0x10 /home/ld0d/work/kds_workspace/usbmidilib/Debug/libusbmidilib.a(USBMIDI1.o)
 .debug_macro   0x0000000000013b48       0x64 /home/ld0d/work/kds_workspace/usbmidilib/Debug/libusbmidilib.a(USBMIDI1.o)
 .debug_macro   0x0000000000013bac       0xe9 /home/ld0d/work/kds_workspace/usbmidilib/Debug/libusbmidilib.a(usb_class.o)
 .debug_macro   0x0000000000013c95       0x6a /home/ld0d/work/kds_workspace/usbmidilib/Debug/libusbmidilib.a(usb_class.o)
 .debug_macro   0x0000000000013cff     0x159c /home/ld0d/work/kds_workspace/usbmidilib/Debug/libusbmidilib.a(usb_class.o)
 .debug_macro   0x000000000001529b       0x9a /home/ld0d/work/kds_workspace/usbmidilib/Debug/libusbmidilib.a(usb_class.o)
 .debug_macro   0x0000000000015335       0x9a /home/ld0d/work/kds_workspace/usbmidilib/Debug/libusbmidilib.a(usb_class.o)
 .debug_macro   0x00000000000153cf      0x19b /home/ld0d/work/kds_workspace/usbmidilib/Debug/libusbmidilib.a(usb_dci_kinetis.o)
 .debug_macro   0x000000000001556a       0x22 /home/ld0d/work/kds_workspace/usbmidilib/Debug/libusbmidilib.a(usb_dci_kinetis.o)
 .debug_macro   0x000000000001558c       0xf6 /home/ld0d/work/kds_workspace/usbmidilib/Debug/libusbmidilib.a(usb_dci_kinetis.o)
 .debug_macro   0x0000000000015682       0x62 /home/ld0d/work/kds_workspace/usbmidilib/Debug/libusbmidilib.a(usb_dci_kinetis.o)
 .debug_macro   0x00000000000156e4      0x164 /home/ld0d/work/kds_workspace/usbmidilib/Debug/libusbmidilib.a(usb_dci_kinetis.o)
 .debug_macro   0x0000000000015848       0x3a /home/ld0d/work/kds_workspace/usbmidilib/Debug/libusbmidilib.a(usb_dci_kinetis.o)
 .debug_macro   0x0000000000015882       0x88 /home/ld0d/work/kds_workspace/usbmidilib/Debug/libusbmidilib.a(usb_dci_kinetis.o)
 .debug_macro   0x000000000001590a       0xc5 /home/ld0d/work/kds_workspace/usbmidilib/Debug/libusbmidilib.a(usb_driver.o)
 .debug_macro   0x00000000000159cf       0x68 /home/ld0d/work/kds_workspace/usbmidilib/Debug/libusbmidilib.a(usb_driver.o)
 .debug_macro   0x0000000000015a37      0x18e /home/ld0d/work/kds_workspace/usbmidilib/Debug/libusbmidilib.a(usb_framework.o)
 .debug_macro   0x0000000000015bc5       0x43 /home/ld0d/work/kds_workspace/usbmidilib/Debug/libusbmidilib.a(usb_framework.o)
 .debug_macro   0x0000000000015c08       0x35 /home/ld0d/work/kds_workspace/usbmidilib/Debug/libusbmidilib.a(usb_framework.o)
 .debug_macro   0x0000000000015c3d       0x1c /home/ld0d/work/kds_workspace/usbmidilib/Debug/libusbmidilib.a(usb_framework.o)
 .debug_macro   0x0000000000015c59       0xe9 /home/ld0d/work/kds_workspace/usbmidilib/Debug/libusbmidilib.a(usb_midi.o)
 .debug_macro   0x0000000000015d42       0x92 /home/ld0d/work/kds_workspace/usbmidilib/Debug/libusbmidilib.a(wdt_kinetis.o)
 .debug_macro   0x0000000000015dd4       0xc5 /home/ld0d/work/kds_workspace/usbmidilib/Debug/libusbmidilib.a(intercore.o)
 .debug_macro   0x0000000000015e99       0x4d /home/ld0d/work/kds_workspace/usbmidilib/Debug/libusbmidilib.a(usbmidischeduler.o)

.debug_line     0x0000000000000000     0x5833
 .debug_line    0x0000000000000000      0x304 ./Sources/Events.o
 .debug_line    0x0000000000000304      0x369 ./Sources/main.o
 .debug_line    0x000000000000066d      0x3e6 ./Sources/usb_descriptor.o
 .debug_line    0x0000000000000a53      0x478 ./Sources/usbmain.o
 .debug_line    0x0000000000000ecb      0x3d7 ./Project_Settings/Startup_Code/startup.o
 .debug_line    0x00000000000012a2      0x2fb ./Generated_Code/ASerialLdd1.o
 .debug_line    0x000000000000159d      0x22c ./Generated_Code/BitIoLdd1.o
 .debug_line    0x00000000000017c9      0x56b ./Generated_Code/COREUART.o
 .debug_line    0x0000000000001d34      0x474 ./Generated_Code/Cpu.o
 .debug_line    0x00000000000021a8      0x2ac ./Generated_Code/PE_LDD.o
 .debug_line    0x0000000000002454      0x177 ./Generated_Code/PTA.o
 .debug_line    0x00000000000025cb      0x177 ./Generated_Code/PTB.o
 .debug_line    0x0000000000002742      0x177 ./Generated_Code/PTC.o
 .debug_line    0x00000000000028b9      0x177 ./Generated_Code/PTD.o
 .debug_line    0x0000000000002a30      0x177 ./Generated_Code/PTE.o
 .debug_line    0x0000000000002ba7      0x1a1 ./Generated_Code/USB0.o
 .debug_line    0x0000000000002d48      0x1fc ./Generated_Code/UsbMidiRx.o
 .debug_line    0x0000000000002f44      0x1fc ./Generated_Code/UsbMidiTx.o
 .debug_line    0x0000000000003140      0x3b7 ./Generated_Code/Vectors.o
 .debug_line    0x00000000000034f7      0x20a /home/ld0d/work/kds_workspace/usbmidilib/Debug/libusbmidilib.a(USB1.o)
 .debug_line    0x0000000000003701      0x303 /home/ld0d/work/kds_workspace/usbmidilib/Debug/libusbmidilib.a(USBMIDI1.o)
 .debug_line    0x0000000000003a04      0x376 /home/ld0d/work/kds_workspace/usbmidilib/Debug/libusbmidilib.a(usb_class.o)
 .debug_line    0x0000000000003d7a      0x7d6 /home/ld0d/work/kds_workspace/usbmidilib/Debug/libusbmidilib.a(usb_dci_kinetis.o)
 .debug_line    0x0000000000004550      0x3ae /home/ld0d/work/kds_workspace/usbmidilib/Debug/libusbmidilib.a(usb_driver.o)
 .debug_line    0x00000000000048fe      0x598 /home/ld0d/work/kds_workspace/usbmidilib/Debug/libusbmidilib.a(usb_framework.o)
 .debug_line    0x0000000000004e96      0x2f1 /home/ld0d/work/kds_workspace/usbmidilib/Debug/libusbmidilib.a(usb_midi.o)
 .debug_line    0x0000000000005187      0x1ea /home/ld0d/work/kds_workspace/usbmidilib/Debug/libusbmidilib.a(wdt_kinetis.o)
 .debug_line    0x0000000000005371      0x313 /home/ld0d/work/kds_workspace/usbmidilib/Debug/libusbmidilib.a(intercore.o)
 .debug_line    0x0000000000005684      0x1af /home/ld0d/work/kds_workspace/usbmidilib/Debug/libusbmidilib.a(usbmidischeduler.o)

.debug_str      0x0000000000000000    0x3cd83
 .debug_str     0x0000000000000000    0x2b53a ./Sources/Events.o
                                      0x2b916 (size before relaxing)
 .debug_str     0x000000000002b53a      0x499 ./Sources/main.o
                                      0x2bda6 (size before relaxing)
 .debug_str     0x000000000002b9d3     0x31cf ./Sources/usb_descriptor.o
                                      0x2d5bc (size before relaxing)
 .debug_str     0x000000000002eba2      0x212 ./Sources/usbmain.o
                                      0x2be57 (size before relaxing)
 .debug_str     0x000000000002edb4     0x1b11 ./Project_Settings/Startup_Code/startup.o
                                      0x24f6c (size before relaxing)
 .debug_str     0x00000000000308c5     0x9e05 ./Generated_Code/ASerialLdd1.o
                                      0x345c2 (size before relaxing)
 .debug_str     0x000000000003a6ca       0xe9 ./Generated_Code/BitIoLdd1.o
                                      0x2b097 (size before relaxing)
 .debug_str     0x000000000003a7b3      0x30b ./Generated_Code/COREUART.o
                                      0x2bc60 (size before relaxing)
 .debug_str     0x000000000003aabe      0x19c ./Generated_Code/Cpu.o
                                      0x2bbc9 (size before relaxing)
 .debug_str     0x000000000003ac5a      0x177 ./Generated_Code/PE_LDD.o
                                      0x2ba57 (size before relaxing)
 .debug_str     0x000000000003add1       0x21 ./Generated_Code/PTA.o
                                      0x2a097 (size before relaxing)
 .debug_str     0x000000000003adf2       0x21 ./Generated_Code/PTB.o
                                      0x2a097 (size before relaxing)
 .debug_str     0x000000000003ae13       0x21 ./Generated_Code/PTC.o
                                      0x2a097 (size before relaxing)
 .debug_str     0x000000000003ae34       0x21 ./Generated_Code/PTD.o
                                      0x2a097 (size before relaxing)
 .debug_str     0x000000000003ae55       0x21 ./Generated_Code/PTE.o
                                      0x2a097 (size before relaxing)
 .debug_str     0x000000000003ae76      0x1e7 ./Generated_Code/USB0.o
                                      0x2a301 (size before relaxing)
 .debug_str     0x000000000003b05d       0x9e ./Generated_Code/UsbMidiRx.o
                                      0x2a10a (size before relaxing)
 .debug_str     0x000000000003b0fb       0xbc ./Generated_Code/UsbMidiTx.o
                                      0x2a10a (size before relaxing)
 .debug_str     0x000000000003b1b7       0x1c ./Generated_Code/Vectors.o
                                      0x2b8f4 (size before relaxing)
 .debug_str     0x000000000003b1d3      0x255 /home/ld0d/work/kds_workspace/usbmidilib/Debug/libusbmidilib.a(USB1.o)
                                      0x2a834 (size before relaxing)
 .debug_str     0x000000000003b428      0x1ed /home/ld0d/work/kds_workspace/usbmidilib/Debug/libusbmidilib.a(USBMIDI1.o)
                                      0x2d52b (size before relaxing)
 .debug_str     0x000000000003b615      0x575 /home/ld0d/work/kds_workspace/usbmidilib/Debug/libusbmidilib.a(usb_class.o)
                                      0x2d5b9 (size before relaxing)
 .debug_str     0x000000000003bb8a      0xc50 /home/ld0d/work/kds_workspace/usbmidilib/Debug/libusbmidilib.a(usb_dci_kinetis.o)
                                      0x2e27b (size before relaxing)
 .debug_str     0x000000000003c7da       0xff /home/ld0d/work/kds_workspace/usbmidilib/Debug/libusbmidilib.a(usb_driver.o)
                                      0x2c3f5 (size before relaxing)
 .debug_str     0x000000000003c8d9      0x249 /home/ld0d/work/kds_workspace/usbmidilib/Debug/libusbmidilib.a(usb_framework.o)
                                      0x2f0a0 (size before relaxing)
 .debug_str     0x000000000003cb22       0xba /home/ld0d/work/kds_workspace/usbmidilib/Debug/libusbmidilib.a(usb_midi.o)
                                      0x2d5de (size before relaxing)
 .debug_str     0x000000000003cbdc       0x1d /home/ld0d/work/kds_workspace/usbmidilib/Debug/libusbmidilib.a(wdt_kinetis.o)
                                      0x2a640 (size before relaxing)
 .debug_str     0x000000000003cbf9      0x120 /home/ld0d/work/kds_workspace/usbmidilib/Debug/libusbmidilib.a(intercore.o)
                                      0x2a629 (size before relaxing)
 .debug_str     0x000000000003cd19       0x6a /home/ld0d/work/kds_workspace/usbmidilib/Debug/libusbmidilib.a(usbmidischeduler.o)
                                       0x9289 (size before relaxing)

.debug_frame    0x0000000000000000     0x1314
 .debug_frame   0x0000000000000000       0xb8 ./Sources/Events.o
 .debug_frame   0x00000000000000b8       0x30 ./Sources/main.o
 .debug_frame   0x00000000000000e8      0x1b0 ./Sources/usb_descriptor.o
 .debug_frame   0x0000000000000298       0x50 ./Sources/usbmain.o
 .debug_frame   0x00000000000002e8      0x120 ./Project_Settings/Startup_Code/startup.o
 .debug_frame   0x0000000000000408       0xf8 ./Generated_Code/ASerialLdd1.o
 .debug_frame   0x0000000000000500       0xb0 ./Generated_Code/BitIoLdd1.o
 .debug_frame   0x00000000000005b0      0x1c4 ./Generated_Code/COREUART.o
 .debug_frame   0x0000000000000774       0x80 ./Generated_Code/Cpu.o
 .debug_frame   0x00000000000007f4       0x6c ./Generated_Code/PE_LDD.o
 .debug_frame   0x0000000000000860       0x2c ./Generated_Code/PTA.o
 .debug_frame   0x000000000000088c       0x2c ./Generated_Code/PTB.o
 .debug_frame   0x00000000000008b8       0x2c ./Generated_Code/PTC.o
 .debug_frame   0x00000000000008e4       0x2c ./Generated_Code/PTD.o
 .debug_frame   0x0000000000000910       0x2c ./Generated_Code/PTE.o
 .debug_frame   0x000000000000093c       0x2c ./Generated_Code/USB0.o
 .debug_frame   0x0000000000000968       0xa4 ./Generated_Code/UsbMidiRx.o
 .debug_frame   0x0000000000000a0c       0xa4 ./Generated_Code/UsbMidiTx.o
 .debug_frame   0x0000000000000ab0       0x48 /home/ld0d/work/kds_workspace/usbmidilib/Debug/libusbmidilib.a(USB1.o)
 .debug_frame   0x0000000000000af8       0x64 /home/ld0d/work/kds_workspace/usbmidilib/Debug/libusbmidilib.a(USBMIDI1.o)
 .debug_frame   0x0000000000000b5c      0x120 /home/ld0d/work/kds_workspace/usbmidilib/Debug/libusbmidilib.a(usb_class.o)
 .debug_frame   0x0000000000000c7c      0x1e8 /home/ld0d/work/kds_workspace/usbmidilib/Debug/libusbmidilib.a(usb_dci_kinetis.o)
 .debug_frame   0x0000000000000e64      0x12c /home/ld0d/work/kds_workspace/usbmidilib/Debug/libusbmidilib.a(usb_driver.o)
 .debug_frame   0x0000000000000f90      0x1a4 /home/ld0d/work/kds_workspace/usbmidilib/Debug/libusbmidilib.a(usb_framework.o)
 .debug_frame   0x0000000000001134       0xb0 /home/ld0d/work/kds_workspace/usbmidilib/Debug/libusbmidilib.a(usb_midi.o)
 .debug_frame   0x00000000000011e4       0x20 /home/ld0d/work/kds_workspace/usbmidilib/Debug/libusbmidilib.a(wdt_kinetis.o)
 .debug_frame   0x0000000000001204       0xd0 /home/ld0d/work/kds_workspace/usbmidilib/Debug/libusbmidilib.a(intercore.o)
 .debug_frame   0x00000000000012d4       0x40 /home/ld0d/work/kds_workspace/usbmidilib/Debug/libusbmidilib.a(usbmidischeduler.o)

.debug_loc      0x0000000000000000     0x2ae2
 .debug_loc     0x0000000000000000      0x248 /home/ld0d/work/kds_workspace/usbmidilib/Debug/libusbmidilib.a(USBMIDI1.o)
 .debug_loc     0x0000000000000248      0x3b3 /home/ld0d/work/kds_workspace/usbmidilib/Debug/libusbmidilib.a(usb_class.o)
 .debug_loc     0x00000000000005fb      0xf2a /home/ld0d/work/kds_workspace/usbmidilib/Debug/libusbmidilib.a(usb_dci_kinetis.o)
 .debug_loc     0x0000000000001525      0x4ca /home/ld0d/work/kds_workspace/usbmidilib/Debug/libusbmidilib.a(usb_driver.o)
 .debug_loc     0x00000000000019ef      0xbf9 /home/ld0d/work/kds_workspace/usbmidilib/Debug/libusbmidilib.a(usb_framework.o)
 .debug_loc     0x00000000000025e8      0x366 /home/ld0d/work/kds_workspace/usbmidilib/Debug/libusbmidilib.a(usb_midi.o)
 .debug_loc     0x000000000000294e       0xb8 /home/ld0d/work/kds_workspace/usbmidilib/Debug/libusbmidilib.a(intercore.o)
 .debug_loc     0x0000000000002a06       0xdc /home/ld0d/work/kds_workspace/usbmidilib/Debug/libusbmidilib.a(usbmidischeduler.o)
