Archive member included because of file (symbol)

/home/ld0d/work/kds_workspace/usbmidilib/Debug/libusbmidilib.a(USB1.o)
                              ./Sources/main.o (USB1_usb_int_en)
/home/ld0d/work/kds_workspace/usbmidilib/Debug/libusbmidilib.a(USBMIDI1.o)
                              ./Sources/usbmain.o (USBMIDI1_App_Task)
/home/ld0d/work/kds_workspace/usbmidilib/Debug/libusbmidilib.a(usb_class.o)
                              /home/ld0d/work/kds_workspace/usbmidilib/Debug/libusbmidilib.a(USBMIDI1.o) (USB_Class_Periodic_Task)
/home/ld0d/work/kds_workspace/usbmidilib/Debug/libusbmidilib.a(usb_dci_kinetis.o)
                              ./Generated_Code/USB0.o (g_Mem)
/home/ld0d/work/kds_workspace/usbmidilib/Debug/libusbmidilib.a(usb_driver.o)
                              /home/ld0d/work/kds_workspace/usbmidilib/Debug/libusbmidilib.a(usb_class.o) (_usb_device_init_endpoint)
/home/ld0d/work/kds_workspace/usbmidilib/Debug/libusbmidilib.a(usb_framework.o)
                              /home/ld0d/work/kds_workspace/usbmidilib/Debug/libusbmidilib.a(usb_driver.o) (USB_Control_Service)
/home/ld0d/work/kds_workspace/usbmidilib/Debug/libusbmidilib.a(usb_midi.o)
                              /home/ld0d/work/kds_workspace/usbmidilib/Debug/libusbmidilib.a(usb_driver.o) (USB_Class_MIDI_Service_Bulk_In)
/home/ld0d/work/kds_workspace/usbmidilib/Debug/libusbmidilib.a(wdt_kinetis.o)
                              /home/ld0d/work/kds_workspace/usbmidilib/Debug/libusbmidilib.a(usb_dci_kinetis.o) (Watchdog_Reset)
/home/ld0d/work/kds_workspace/usbmidilib/Debug/libusbmidilib.a(intercore.o)
                              ./Generated_Code/DMAT1.o (intercore_dma_data)
/home/ld0d/work/kds_workspace/usbmidilib/Debug/libusbmidilib.a(midiparser.o)
                              ./Sources/usbmain.o (midiin_reset)
/home/ld0d/work/kds_workspace/usbmidilib/Debug/libusbmidilib.a(usbmidischeduler.o)
                              ./Sources/usbmain.o (usbmidi_scheduler_reset)
/home/ld0d/opt/KDS_2.0.0/toolchain/bin/../lib/gcc/arm-none-eabi/4.8.0/libgcc.a(_udivsi3.o)
                              /home/ld0d/work/kds_workspace/usbmidilib/Debug/libusbmidilib.a(usb_dci_kinetis.o) (__aeabi_uidivmod)
/home/ld0d/opt/KDS_2.0.0/toolchain/bin/../lib/gcc/arm-none-eabi/4.8.0/libgcc.a(_dvmd_tls.o)
                              /home/ld0d/opt/KDS_2.0.0/toolchain/bin/../lib/gcc/arm-none-eabi/4.8.0/libgcc.a(_udivsi3.o) (__aeabi_idiv0)
/home/ld0d/opt/KDS_2.0.0/toolchain/bin/../lib/gcc/arm-none-eabi/4.8.0/../../../../arm-none-eabi/lib/libc_s.a(lib_a-atexit.o)
                              /home/ld0d/opt/KDS_2.0.0/toolchain/bin/../lib/gcc/arm-none-eabi/4.8.0/../../../../arm-none-eabi/lib/crt0.o (atexit)
/home/ld0d/opt/KDS_2.0.0/toolchain/bin/../lib/gcc/arm-none-eabi/4.8.0/../../../../arm-none-eabi/lib/libc_s.a(lib_a-exit.o)
                              /home/ld0d/opt/KDS_2.0.0/toolchain/bin/../lib/gcc/arm-none-eabi/4.8.0/../../../../arm-none-eabi/lib/crt0.o (exit)
/home/ld0d/opt/KDS_2.0.0/toolchain/bin/../lib/gcc/arm-none-eabi/4.8.0/../../../../arm-none-eabi/lib/libc_s.a(lib_a-fini.o)
                              /home/ld0d/opt/KDS_2.0.0/toolchain/bin/../lib/gcc/arm-none-eabi/4.8.0/../../../../arm-none-eabi/lib/libc_s.a(lib_a-exit.o) (__libc_fini_array)
/home/ld0d/opt/KDS_2.0.0/toolchain/bin/../lib/gcc/arm-none-eabi/4.8.0/../../../../arm-none-eabi/lib/libc_s.a(lib_a-impure.o)
                              /home/ld0d/opt/KDS_2.0.0/toolchain/bin/../lib/gcc/arm-none-eabi/4.8.0/../../../../arm-none-eabi/lib/libc_s.a(lib_a-exit.o) (_global_impure_ptr)
/home/ld0d/opt/KDS_2.0.0/toolchain/bin/../lib/gcc/arm-none-eabi/4.8.0/../../../../arm-none-eabi/lib/libc_s.a(lib_a-memcpy.o)
                              /home/ld0d/work/kds_workspace/usbmidilib/Debug/libusbmidilib.a(usb_dci_kinetis.o) (memcpy)
/home/ld0d/opt/KDS_2.0.0/toolchain/bin/../lib/gcc/arm-none-eabi/4.8.0/../../../../arm-none-eabi/lib/libc_s.a(lib_a-memset.o)
                              /home/ld0d/opt/KDS_2.0.0/toolchain/bin/../lib/gcc/arm-none-eabi/4.8.0/../../../../arm-none-eabi/lib/crt0.o (memset)
/home/ld0d/opt/KDS_2.0.0/toolchain/bin/../lib/gcc/arm-none-eabi/4.8.0/../../../../arm-none-eabi/lib/libc_s.a(lib_a-syscalls.o)
                              /home/ld0d/opt/KDS_2.0.0/toolchain/bin/../lib/gcc/arm-none-eabi/4.8.0/../../../../arm-none-eabi/lib/libc_s.a(lib_a-exit.o) (_exit)
/home/ld0d/opt/KDS_2.0.0/toolchain/bin/../lib/gcc/arm-none-eabi/4.8.0/../../../../arm-none-eabi/lib/libc_s.a(lib_a-__atexit.o)
                              /home/ld0d/opt/KDS_2.0.0/toolchain/bin/../lib/gcc/arm-none-eabi/4.8.0/../../../../arm-none-eabi/lib/libc_s.a(lib_a-atexit.o) (__do_register_exitproc)
/home/ld0d/opt/KDS_2.0.0/toolchain/bin/../lib/gcc/arm-none-eabi/4.8.0/../../../../arm-none-eabi/lib/libc_s.a(lib_a-__call_atexit.o)
                              /home/ld0d/opt/KDS_2.0.0/toolchain/bin/../lib/gcc/arm-none-eabi/4.8.0/../../../../arm-none-eabi/lib/libc_s.a(lib_a-__atexit.o) (__call_exitprocs)
[...]
Memory Configuration

Name             Origin             Length             Attributes
m_interrupts     0x0000000000002000 0x00000000000000c0 xr
m_text           0x0000000000002410 0x000000000000dbf0 xr
m_data           0x000000001ffff800 0x0000000000002000 rw
m_buildid        0x0000000000002400 0x0000000000000010 r
*default*        0x0000000000000000 0xffffffffffffffff

Linker script and memory map

LOAD /home/ld0d/opt/KDS_2.0.0/toolchain/bin/../lib/gcc/arm-none-eabi/4.8.0/crti.o
LOAD /home/ld0d/opt/KDS_2.0.0/toolchain/bin/../lib/gcc/arm-none-eabi/4.8.0/crtbegin.o
LOAD /home/ld0d/opt/KDS_2.0.0/toolchain/bin/../lib/gcc/arm-none-eabi/4.8.0/../../../../arm-none-eabi/lib/crt0.o
LOAD ./Sources/Events.o
LOAD ./Sources/main.o
LOAD ./Sources/usb_descriptor.o
LOAD ./Sources/usbmain.o
LOAD ./Project_Settings/Startup_Code/startup.o
LOAD ./Generated_Code/ASerialLdd1.o
LOAD ./Generated_Code/ASerialLdd2.o
LOAD ./Generated_Code/ASerialLdd3.o
LOAD ./Generated_Code/BitIoLdd1.o
LOAD ./Generated_Code/COREUART.o
LOAD ./Generated_Code/CS1.o
LOAD ./Generated_Code/Cpu.o
LOAD ./Generated_Code/DMA1.o
LOAD ./Generated_Code/DMAT1.o
LOAD ./Generated_Code/LED1.o
LOAD ./Generated_Code/LEDpin1.o
LOAD ./Generated_Code/MIDIUART3.o
LOAD ./Generated_Code/MIDIUART4.o
LOAD ./Generated_Code/PE_LDD.o
LOAD ./Generated_Code/PTA.o
LOAD ./Generated_Code/PTB.o
LOAD ./Generated_Code/PTC.o
LOAD ./Generated_Code/PTD.o
LOAD ./Generated_Code/PTE.o
LOAD ./Generated_Code/TI1.o
LOAD ./Generated_Code/TMOUT1.o
LOAD ./Generated_Code/TU1.o
LOAD ./Generated_Code/TimerIntLdd1.o
LOAD ./Generated_Code/USB0.o
LOAD ./Generated_Code/UsbMidiRx.o
LOAD ./Generated_Code/UsbMidiTx.o
LOAD ./Generated_Code/Vectors.o
LOAD ./Generated_Code/WAIT1.o
LOAD /home/ld0d/work/kds_workspace/usbmidilib/Debug/libusbmidilib.a
LOAD /home/ld0d/opt/KDS_2.0.0/toolchain/bin/../lib/gcc/arm-none-eabi/4.8.0/../../../../arm-none-eabi/lib/libstdc++.a
LOAD /home/ld0d/opt/KDS_2.0.0/toolchain/bin/../lib/gcc/arm-none-eabi/4.8.0/../../../../arm-none-eabi/lib/libm.a
START GROUP
LOAD /home/ld0d/opt/KDS_2.0.0/toolchain/bin/../lib/gcc/arm-none-eabi/4.8.0/libgcc.a
LOAD /home/ld0d/opt/KDS_2.0.0/toolchain/bin/../lib/gcc/arm-none-eabi/4.8.0/../../../../arm-none-eabi/lib/libc_s.a
END GROUP
LOAD /home/ld0d/opt/KDS_2.0.0/toolchain/bin/../lib/gcc/arm-none-eabi/4.8.0/crtend.o
LOAD /home/ld0d/opt/KDS_2.0.0/toolchain/bin/../lib/gcc/arm-none-eabi/4.8.0/crtn.o
                0x0000000020001800                _estack = 0x20001800
                0x0000000020001800                __SP_INIT = _estack
                0x0000000000000100                __heap_size = 0x100
                0x0000000000000100                __stack_size = 0x100

.interrupts     0x0000000000002000       0xc0
                0x0000000000002000                __vector_table = .
                0x0000000000002000                . = ALIGN (0x4)
 *(.vectortable)
 .vectortable   0x0000000000002000       0xc0 ./Generated_Code/Vectors.o
                0x0000000000002000                __vect_table
                0x00000000000020c0                . = ALIGN (0x4)

.buildid        0x0000000000002400       0x10
                0x0000000000002400                __buildid = .
                0x0000000000002400                . = ALIGN (0x4)
 *(.buildid)
 .buildid       0x0000000000002400       0x10 ./Sources/main.o
                0x0000000000002410                . = ALIGN (0x4)

.text           0x0000000000002410     0xbe98
                0x0000000000002410                . = ALIGN (0x4)
 *(.text)
 .text          0x0000000000002410     0x7884 ./Sources/main.o
                0x0000000000002410                hex_data
 .text          0x0000000000009c94       0x9c /home/ld0d/opt/KDS_2.0.0/toolchain/bin/../lib/gcc/arm-none-eabi/4.8.0/libgcc.a(_udivsi3.o)
                0x0000000000009c94                __udivsi3
                0x0000000000009c94                __aeabi_uidiv
                0x0000000000009d1c                __aeabi_uidivmod
 .text          0x0000000000009d30        0x4 /home/ld0d/opt/KDS_2.0.0/toolchain/bin/../lib/gcc/arm-none-eabi/4.8.0/libgcc.a(_dvmd_tls.o)
                0x0000000000009d30                __aeabi_ldiv0
                0x0000000000009d30                __aeabi_idiv0
 *(.text*)
 .text.deregister_tm_clones
                0x0000000000009d34       0x24 /home/ld0d/opt/KDS_2.0.0/toolchain/bin/../lib/gcc/arm-none-eabi/4.8.0/crtbegin.o
 .text.register_tm_clones
                0x0000000000009d58       0x28 /home/ld0d/opt/KDS_2.0.0/toolchain/bin/../lib/gcc/arm-none-eabi/4.8.0/crtbegin.o
 .text.__do_global_dtors_aux
                0x0000000000009d80       0x30 /home/ld0d/opt/KDS_2.0.0/toolchain/bin/../lib/gcc/arm-none-eabi/4.8.0/crtbegin.o
 .text.frame_dummy
                0x0000000000009db0       0x3c /home/ld0d/opt/KDS_2.0.0/toolchain/bin/../lib/gcc/arm-none-eabi/4.8.0/crtbegin.o
 .text.Cpu_OnNMIINT
                0x0000000000009dec        0x4 ./Sources/Events.o
                0x0000000000009dec                Cpu_OnNMIINT
 .text.COREUART_OnError
                0x0000000000009df0        0x4 ./Sources/Events.o
                0x0000000000009df0                COREUART_OnError
 .text.COREUART_OnRxChar
                0x0000000000009df4        0x4 ./Sources/Events.o
                0x0000000000009df4                COREUART_OnRxChar
 .text.COREUART_OnTxChar
                0x0000000000009df8        0x4 ./Sources/Events.o
                0x0000000000009df8                COREUART_OnTxChar
 .text.COREUART_OnFullRxBuf
                0x0000000000009dfc        0x4 ./Sources/Events.o
                0x0000000000009dfc                COREUART_OnFullRxBuf
 .text.COREUART_OnFreeTxBuf
                0x0000000000009e00        0x4 ./Sources/Events.o
                0x0000000000009e00                COREUART_OnFreeTxBuf
 .text.TI1_OnInterrupt
                0x0000000000009e04        0x8 ./Sources/Events.o
                0x0000000000009e04                TI1_OnInterrupt
 .text.MIDIUART3_OnError
                0x0000000000009e0c        0x4 ./Sources/Events.o
                0x0000000000009e0c                MIDIUART3_OnError
 .text.MIDIUART3_OnRxChar
                0x0000000000009e10        0x4 ./Sources/Events.o
                0x0000000000009e10                MIDIUART3_OnRxChar
 .text.MIDIUART3_OnTxChar
                0x0000000000009e14        0x4 ./Sources/Events.o
                0x0000000000009e14                MIDIUART3_OnTxChar
 .text.MIDIUART4_OnError
                0x0000000000009e18        0x4 ./Sources/Events.o
                0x0000000000009e18                MIDIUART4_OnError
 .text.MIDIUART4_OnRxChar
                0x0000000000009e1c        0x4 ./Sources/Events.o
                0x0000000000009e1c                MIDIUART4_OnRxChar
 .text.MIDIUART4_OnTxChar
                0x0000000000009e20        0x4 ./Sources/Events.o
                0x0000000000009e20                MIDIUART4_OnTxChar
 .text.MIDIUART3_OnFullRxBuf
                0x0000000000009e24        0x4 ./Sources/Events.o
                0x0000000000009e24                MIDIUART3_OnFullRxBuf
 .text.MIDIUART3_OnFreeTxBuf
                0x0000000000009e28        0x4 ./Sources/Events.o
                0x0000000000009e28                MIDIUART3_OnFreeTxBuf
 .text.MIDIUART4_OnFullRxBuf
                0x0000000000009e2c        0x4 ./Sources/Events.o
                0x0000000000009e2c                MIDIUART4_OnFullRxBuf
 .text.MIDIUART4_OnFreeTxBuf
                0x0000000000009e30        0x4 ./Sources/Events.o
                0x0000000000009e30                MIDIUART4_OnFreeTxBuf
 .text.startup.main
                0x0000000000009e34       0x20 ./Sources/main.o
                0x0000000000009e34                main
 .text.USB_Desc_Get_Descriptor
                0x0000000000009e54       0xac ./Sources/usb_descriptor.o
                0x0000000000009e54                USB_Desc_Get_Descriptor
 .text.USB_Desc_Get_Interface
                0x0000000000009f00       0x18 ./Sources/usb_descriptor.o
                0x0000000000009f00                USB_Desc_Get_Interface
 .text.USB_Desc_Set_Interface
                0x0000000000009f18       0x18 ./Sources/usb_descriptor.o
                0x0000000000009f18                USB_Desc_Set_Interface
 .text.USB_Desc_Valid_Configation
                0x0000000000009f30        0xc ./Sources/usb_descriptor.o
                0x0000000000009f30                USB_Desc_Valid_Configation
 .text.USB_Desc_Remote_Wakeup
                0x0000000000009f3c        0x4 ./Sources/usb_descriptor.o
                0x0000000000009f3c                USB_Desc_Remote_Wakeup
 .text.USB_Desc_Get_Endpoints
                0x0000000000009f40        0x8 ./Sources/usb_descriptor.o
                0x0000000000009f40                USB_Desc_Get_Endpoints
 .text.usbmidi_receive
                0x0000000000009f48        0x8 ./Sources/usbmain.o
                0x0000000000009f48                usbmidi_receive
 .text.usbmidi_can_transmit
                0x0000000000009f50       0x30 ./Sources/usbmain.o
                0x0000000000009f50                usbmidi_can_transmit
 .text.usbmidi_transmit
                0x0000000000009f80       0x2c ./Sources/usbmain.o
                0x0000000000009f80                usbmidi_transmit
 .text.usb_run  0x0000000000009fac      0x30c ./Sources/usbmain.o
                0x0000000000009fac                usb_run
 .text.__copy_rom_sections_to_ram
                0x000000000000a2b8       0x78 ./Project_Settings/Startup_Code/startup.o
                0x000000000000a2b8                __copy_rom_sections_to_ram
 .text.__init_registers
                0x000000000000a330        0x4 ./Project_Settings/Startup_Code/startup.o
                0x000000000000a330                __init_registers
 .text.__init_user
                0x000000000000a334        0x4 ./Project_Settings/Startup_Code/startup.o
                0x000000000000a334                __init_user
 .text.__thumb_startup
                0x000000000000a338       0x7c ./Project_Settings/Startup_Code/startup.o
                0x000000000000a338                __thumb_startup
 .text.ASerialLdd1_Init
                0x000000000000a3b4       0xf8 ./Generated_Code/ASerialLdd1.o
                0x000000000000a3b4                ASerialLdd1_Init
 .text.ASerialLdd1_Enable
                0x000000000000a4ac       0x38 ./Generated_Code/ASerialLdd1.o
                0x000000000000a4ac                ASerialLdd1_Enable
 .text.ASerialLdd1_Disable
                0x000000000000a4e4       0x38 ./Generated_Code/ASerialLdd1.o
                0x000000000000a4e4                ASerialLdd1_Disable
 .text.ASerialLdd1_ReceiveBlock
                0x000000000000a51c       0x34 ./Generated_Code/ASerialLdd1.o
                0x000000000000a51c                ASerialLdd1_ReceiveBlock
 .text.ASerialLdd1_SendBlock
                0x000000000000a550       0x50 ./Generated_Code/ASerialLdd1.o
                0x000000000000a550                ASerialLdd1_SendBlock
 .text.ASerialLdd1_Interrupt
                0x000000000000a5a0      0x10c ./Generated_Code/ASerialLdd1.o
                0x000000000000a5a0                ASerialLdd1_Interrupt
 .text.ASerialLdd1_GetError
                0x000000000000a6ac       0x24 ./Generated_Code/ASerialLdd1.o
                0x000000000000a6ac                ASerialLdd1_GetError
 .text.ASerialLdd2_Init
                0x000000000000a6d0       0xd8 ./Generated_Code/ASerialLdd2.o
                0x000000000000a6d0                ASerialLdd2_Init
 .text.ASerialLdd2_ReceiveBlock
                0x000000000000a7a8       0x2c ./Generated_Code/ASerialLdd2.o
                0x000000000000a7a8                ASerialLdd2_ReceiveBlock
 .text.ASerialLdd2_SendBlock
                0x000000000000a7d4       0x48 ./Generated_Code/ASerialLdd2.o
                0x000000000000a7d4                ASerialLdd2_SendBlock
 .text.ASerialLdd2_Interrupt
                0x000000000000a81c      0x108 ./Generated_Code/ASerialLdd2.o
                0x000000000000a81c                ASerialLdd2_Interrupt
 .text.ASerialLdd2_GetError
                0x000000000000a924       0x1c ./Generated_Code/ASerialLdd2.o
                0x000000000000a924                ASerialLdd2_GetError
 .text.ASerialLdd3_Init
                0x000000000000a940       0xdc ./Generated_Code/ASerialLdd3.o
                0x000000000000a940                ASerialLdd3_Init
 .text.ASerialLdd3_ReceiveBlock
                0x000000000000aa1c       0x2c ./Generated_Code/ASerialLdd3.o
                0x000000000000aa1c                ASerialLdd3_ReceiveBlock
 .text.ASerialLdd3_SendBlock
                0x000000000000aa48       0x48 ./Generated_Code/ASerialLdd3.o
                0x000000000000aa48                ASerialLdd3_SendBlock
 .text.ASerialLdd3_Interrupt
                0x000000000000aa90      0x108 ./Generated_Code/ASerialLdd3.o
                0x000000000000aa90                ASerialLdd3_Interrupt
 .text.ASerialLdd3_GetError
                0x000000000000ab98       0x1c ./Generated_Code/ASerialLdd3.o
                0x000000000000ab98                ASerialLdd3_GetError
 .text.BitIoLdd1_Init
                0x000000000000abb4       0x40 ./Generated_Code/BitIoLdd1.o
                0x000000000000abb4                BitIoLdd1_Init
 .text.BitIoLdd1_ClrVal
                0x000000000000abf4        0xc ./Generated_Code/BitIoLdd1.o
                0x000000000000abf4                BitIoLdd1_ClrVal
 .text.BitIoLdd1_SetVal
                0x000000000000ac00        0xc ./Generated_Code/BitIoLdd1.o
                0x000000000000ac00                BitIoLdd1_SetVal
 .text.COREUART_Enable
                0x000000000000ac0c       0x64 ./Generated_Code/COREUART.o
                0x000000000000ac0c                COREUART_Enable
 .text.COREUART_SendChar
                0x000000000000ac70       0x80 ./Generated_Code/COREUART.o
                0x000000000000ac70                COREUART_SendChar
 .text.COREUART_GetCharsInTxBuf
                0x000000000000acf0        0xc ./Generated_Code/COREUART.o
                0x000000000000acf0                COREUART_GetCharsInTxBuf
 .text.COREUART_Init
                0x000000000000acfc       0xac ./Generated_Code/COREUART.o
                0x000000000000acfc                COREUART_Init
 .text.ASerialLdd1_OnBlockReceived
                0x000000000000ada8       0x78 ./Generated_Code/COREUART.o
                0x000000000000ada8                ASerialLdd1_OnBlockReceived
 .text.ASerialLdd1_OnBlockSent
                0x000000000000ae20       0x84 ./Generated_Code/COREUART.o
                0x000000000000ae20                ASerialLdd1_OnBlockSent
 .text.ASerialLdd1_OnError
                0x000000000000aea4       0x4c ./Generated_Code/COREUART.o
                0x000000000000aea4                ASerialLdd1_OnError
 .text.ASerialLdd1_OnBreak
                0x000000000000aef0       0x10 ./Generated_Code/COREUART.o
                0x000000000000aef0                ASerialLdd1_OnBreak
 .text.EnterCritical
                0x000000000000af00       0x30 ./Generated_Code/Cpu.o
                0x000000000000af00                EnterCritical
 .text.ExitCritical
                0x000000000000af30       0x24 ./Generated_Code/Cpu.o
                0x000000000000af30                ExitCritical
 .text.Cpu_INT_NMIInterrupt
                0x000000000000af54        0x8 ./Generated_Code/Cpu.o
                0x000000000000af54                Cpu_INT_NMIInterrupt
 .text.Cpu_Interrupt
                0x000000000000af5c        0x4 ./Generated_Code/Cpu.o
                0x000000000000af5c                Cpu_Interrupt
 .text.__init_hardware
                0x000000000000af60      0x118 ./Generated_Code/Cpu.o
                0x000000000000af60                __init_hardware
 .text.PE_low_level_init
                0x000000000000b078      0x184 ./Generated_Code/Cpu.o
                0x000000000000b078                PE_low_level_init
 .text.DMA1_Init
                0x000000000000b1fc       0xc8 ./Generated_Code/DMA1.o
                0x000000000000b1fc                DMA1_Init
 .text.DMA1_AllocateChannel
                0x000000000000b2c4       0x24 ./Generated_Code/DMA1.o
                0x000000000000b2c4                DMA1_AllocateChannel
 .text.DMA1_EnableChannel
                0x000000000000b2e8      0x2e0 ./Generated_Code/DMA1.o
                0x000000000000b2e8                DMA1_EnableChannel
 .text.DMA1_Channel2Interrupt
                0x000000000000b5c8       0x60 ./Generated_Code/DMA1.o
                0x000000000000b5c8                DMA1_Channel2Interrupt
 .text.DMAT1_Init
                0x000000000000b628       0x8c ./Generated_Code/DMAT1.o
                0x000000000000b628                DMAT1_Init
 .text.DMAT1_AllocateChannel
                0x000000000000b6b4        0xc ./Generated_Code/DMAT1.o
                0x000000000000b6b4                DMAT1_AllocateChannel
 .text.DMAT1_EnableChannel
                0x000000000000b6c0        0xc ./Generated_Code/DMAT1.o
                0x000000000000b6c0                DMAT1_EnableChannel
 .text.MIDIUART3_RecvChar
                0x000000000000b6cc       0x68 ./Generated_Code/MIDIUART3.o
                0x000000000000b6cc                MIDIUART3_RecvChar
 .text.MIDIUART3_SendChar
                0x000000000000b734       0x74 ./Generated_Code/MIDIUART3.o
                0x000000000000b734                MIDIUART3_SendChar
 .text.MIDIUART3_GetCharsInRxBuf
                0x000000000000b7a8        0xc ./Generated_Code/MIDIUART3.o
                0x000000000000b7a8                MIDIUART3_GetCharsInRxBuf
 .text.MIDIUART3_GetCharsInTxBuf
                0x000000000000b7b4        0xc ./Generated_Code/MIDIUART3.o
                0x000000000000b7b4                MIDIUART3_GetCharsInTxBuf
 .text.MIDIUART3_Init
                0x000000000000b7c0       0x58 ./Generated_Code/MIDIUART3.o
                0x000000000000b7c0                MIDIUART3_Init
 .text.ASerialLdd2_OnBlockReceived
                0x000000000000b818       0x74 ./Generated_Code/MIDIUART3.o
                0x000000000000b818                ASerialLdd2_OnBlockReceived
 .text.ASerialLdd2_OnBlockSent
                0x000000000000b88c       0x84 ./Generated_Code/MIDIUART3.o
                0x000000000000b88c                ASerialLdd2_OnBlockSent
 .text.ASerialLdd2_OnError
                0x000000000000b910       0x4c ./Generated_Code/MIDIUART3.o
                0x000000000000b910                ASerialLdd2_OnError
 .text.ASerialLdd2_OnBreak
                0x000000000000b95c       0x10 ./Generated_Code/MIDIUART3.o
                0x000000000000b95c                ASerialLdd2_OnBreak
 .text.MIDIUART4_RecvChar
                0x000000000000b96c       0x68 ./Generated_Code/MIDIUART4.o
                0x000000000000b96c                MIDIUART4_RecvChar
 .text.MIDIUART4_SendChar
                0x000000000000b9d4       0x74 ./Generated_Code/MIDIUART4.o
                0x000000000000b9d4                MIDIUART4_SendChar
 .text.MIDIUART4_GetCharsInRxBuf
                0x000000000000ba48        0xc ./Generated_Code/MIDIUART4.o
                0x000000000000ba48                MIDIUART4_GetCharsInRxBuf
 .text.MIDIUART4_GetCharsInTxBuf
                0x000000000000ba54        0xc ./Generated_Code/MIDIUART4.o
                0x000000000000ba54                MIDIUART4_GetCharsInTxBuf
 .text.MIDIUART4_Init
                0x000000000000ba60       0x58 ./Generated_Code/MIDIUART4.o
                0x000000000000ba60                MIDIUART4_Init
 .text.ASerialLdd3_OnBlockReceived
                0x000000000000bab8       0x74 ./Generated_Code/MIDIUART4.o
                0x000000000000bab8                ASerialLdd3_OnBlockReceived
 .text.ASerialLdd3_OnBlockSent
                0x000000000000bb2c       0x84 ./Generated_Code/MIDIUART4.o
                0x000000000000bb2c                ASerialLdd3_OnBlockSent
 .text.ASerialLdd3_OnError
                0x000000000000bbb0       0x4c ./Generated_Code/MIDIUART4.o
                0x000000000000bbb0                ASerialLdd3_OnError
 .text.ASerialLdd3_OnBreak
                0x000000000000bbfc       0x10 ./Generated_Code/MIDIUART4.o
                0x000000000000bbfc                ASerialLdd3_OnBreak
 .text.PTA_Init
                0x000000000000bc0c       0x14 ./Generated_Code/PTA.o
                0x000000000000bc0c                PTA_Init
 .text.PTB_Init
                0x000000000000bc20       0x10 ./Generated_Code/PTB.o
                0x000000000000bc20                PTB_Init
 .text.PTC_Init
                0x000000000000bc30       0x10 ./Generated_Code/PTC.o
                0x000000000000bc30                PTC_Init
 .text.PTD_Init
                0x000000000000bc40       0x10 ./Generated_Code/PTD.o
                0x000000000000bc40                PTD_Init
 .text.PTE_Init
                0x000000000000bc50       0x14 ./Generated_Code/PTE.o
                0x000000000000bc50                PTE_Init
 .text.TimerIntLdd1_OnInterrupt
                0x000000000000bc64        0x8 ./Generated_Code/TI1.o
                0x000000000000bc64                TimerIntLdd1_OnInterrupt
 .text.TMOUT1_GetCounter
                0x000000000000bc6c       0x5c ./Generated_Code/TMOUT1.o
                0x000000000000bc6c                TMOUT1_GetCounter
 .text.TMOUT1_CounterExpired
                0x000000000000bcc8       0x38 ./Generated_Code/TMOUT1.o
                0x000000000000bcc8                TMOUT1_CounterExpired
 .text.TMOUT1_AddTick
                0x000000000000bd00       0x68 ./Generated_Code/TMOUT1.o
                0x000000000000bd00                TMOUT1_AddTick
 .text.TMOUT1_Init
                0x000000000000bd68       0x20 ./Generated_Code/TMOUT1.o
                0x000000000000bd68                TMOUT1_Init
 .text.TMOUT1_SetCounter
                0x000000000000bd88       0x34 ./Generated_Code/TMOUT1.o
                0x000000000000bd88                TMOUT1_SetCounter
 .text.TU1_Init
                0x000000000000bdbc       0x7c ./Generated_Code/TU1.o
                0x000000000000bdbc                TU1_Init
 .text.TU1_Interrupt
                0x000000000000be38       0x20 ./Generated_Code/TU1.o
                0x000000000000be38                TU1_Interrupt
 .text.TimerIntLdd1_Init
                0x000000000000be58       0x2c ./Generated_Code/TimerIntLdd1.o
                0x000000000000be58                TimerIntLdd1_Init
 .text.TU1_OnCounterRestart
                0x000000000000be84       0x14 ./Generated_Code/TimerIntLdd1.o
                0x000000000000be84                TU1_OnCounterRestart
 .text.USB0_Init
                0x000000000000be98       0xdc ./Generated_Code/USB0.o
                0x000000000000be98                USB0_Init
 .text.UsbMidiRx_Put
                0x000000000000bf74       0x48 ./Generated_Code/UsbMidiRx.o
                0x000000000000bf74                UsbMidiRx_Put
 .text.UsbMidiRx_Get
                0x000000000000bfbc       0x4c ./Generated_Code/UsbMidiRx.o
                0x000000000000bfbc                UsbMidiRx_Get
 .text.UsbMidiRx_NofFreeElements
                0x000000000000c008       0x14 ./Generated_Code/UsbMidiRx.o
                0x000000000000c008                UsbMidiRx_NofFreeElements
 .text.UsbMidiRx_Init
                0x000000000000c01c       0x1c ./Generated_Code/UsbMidiRx.o
                0x000000000000c01c                UsbMidiRx_Init
 .text.UsbMidiTx_Put
                0x000000000000c038       0x48 ./Generated_Code/UsbMidiTx.o
                0x000000000000c038                UsbMidiTx_Put
 .text.UsbMidiTx_Get
                0x000000000000c080       0x4c ./Generated_Code/UsbMidiTx.o
                0x000000000000c080                UsbMidiTx_Get
 .text.UsbMidiTx_NofElements
                0x000000000000c0cc        0xc ./Generated_Code/UsbMidiTx.o
                0x000000000000c0cc                UsbMidiTx_NofElements
 .text.UsbMidiTx_NofFreeElements
                0x000000000000c0d8       0x14 ./Generated_Code/UsbMidiTx.o
                0x000000000000c0d8                UsbMidiTx_NofFreeElements
 .text.UsbMidiTx_Init
                0x000000000000c0ec       0x1c ./Generated_Code/UsbMidiTx.o
                0x000000000000c0ec                UsbMidiTx_Init
 .text.USB1_usb_int_en
                0x000000000000c108       0x14 /home/ld0d/work/kds_workspace/usbmidilib/Debug/libusbmidilib.a(USB1.o)
                0x000000000000c108                USB1_usb_int_en
 .text.USBMIDI1_App_Callback
                0x000000000000c11c      0x194 /home/ld0d/work/kds_workspace/usbmidilib/Debug/libusbmidilib.a(USBMIDI1.o)
                0x000000000000c11c                USBMIDI1_App_Callback
 .text.USBMIDI1_App_Task
                0x000000000000c2b0      0x114 /home/ld0d/work/kds_workspace/usbmidilib/Debug/libusbmidilib.a(USBMIDI1.o)
                0x000000000000c2b0                USBMIDI1_App_Task
 .text.USBMIDI1_Init
                0x000000000000c3c4       0x1c /home/ld0d/work/kds_workspace/usbmidilib/Debug/libusbmidilib.a(USBMIDI1.o)
                0x000000000000c3c4                USBMIDI1_Init
 .text.USB_Error_Service
                0x000000000000c3e0       0x18 /home/ld0d/work/kds_workspace/usbmidilib/Debug/libusbmidilib.a(usb_class.o)
                0x000000000000c3e0                USB_Error_Service
 .text.USB_Suspend_Service
                0x000000000000c3f8       0x1c /home/ld0d/work/kds_workspace/usbmidilib/Debug/libusbmidilib.a(usb_class.o)
                0x000000000000c3f8                USB_Suspend_Service
 .text.USB_Resume_Service
                0x000000000000c414       0x2c /home/ld0d/work/kds_workspace/usbmidilib/Debug/libusbmidilib.a(usb_class.o)
                0x000000000000c414                USB_Resume_Service
 .text.USB_Sof_Service
                0x000000000000c440       0x20 /home/ld0d/work/kds_workspace/usbmidilib/Debug/libusbmidilib.a(usb_class.o)
                0x000000000000c440                USB_Sof_Service
 .text.USB_Reset_Service
                0x000000000000c460       0x70 /home/ld0d/work/kds_workspace/usbmidilib/Debug/libusbmidilib.a(usb_class.o)
                0x000000000000c460                USB_Reset_Service
 .text.USB_Stall_Service
                0x000000000000c4d0       0x1c /home/ld0d/work/kds_workspace/usbmidilib/Debug/libusbmidilib.a(usb_class.o)
                0x000000000000c4d0                USB_Stall_Service
 .text.USB_Class_Init
                0x000000000000c4ec       0xa0 /home/ld0d/work/kds_workspace/usbmidilib/Debug/libusbmidilib.a(usb_class.o)
                0x000000000000c4ec                USB_Class_Init
 .text.USB_Class_Send_Data
                0x000000000000c58c       0x84 /home/ld0d/work/kds_workspace/usbmidilib/Debug/libusbmidilib.a(usb_class.o)
                0x000000000000c58c                USB_Class_Send_Data
 .text.USB_Class_Periodic_Task
                0x000000000000c610        0x4 /home/ld0d/work/kds_workspace/usbmidilib/Debug/libusbmidilib.a(usb_class.o)
                0x000000000000c610                USB_Class_Periodic_Task
 .text.USB_DCI_Init
                0x000000000000c614      0x108 /home/ld0d/work/kds_workspace/usbmidilib/Debug/libusbmidilib.a(usb_dci_kinetis.o)
                0x000000000000c614                USB_DCI_Init
 .text.USB_DCI_Init_EndPoint
                0x000000000000c71c      0x1ac /home/ld0d/work/kds_workspace/usbmidilib/Debug/libusbmidilib.a(usb_dci_kinetis.o)
                0x000000000000c71c                USB_DCI_Init_EndPoint
 .text.USB_DCI_Deinit_EndPoint
                0x000000000000c8c8       0xcc /home/ld0d/work/kds_workspace/usbmidilib/Debug/libusbmidilib.a(usb_dci_kinetis.o)
                0x000000000000c8c8                USB_DCI_Deinit_EndPoint
 .text._usb_device_stall_endpoint
                0x000000000000c994       0xa8 /home/ld0d/work/kds_workspace/usbmidilib/Debug/libusbmidilib.a(usb_dci_kinetis.o)
                0x000000000000c994                _usb_device_stall_endpoint
 .text._usb_device_unstall_endpoint
                0x000000000000ca3c      0x128 /home/ld0d/work/kds_workspace/usbmidilib/Debug/libusbmidilib.a(usb_dci_kinetis.o)
                0x000000000000ca3c                _usb_device_unstall_endpoint
 .text._usb_device_recv_data
                0x000000000000cb64       0xd0 /home/ld0d/work/kds_workspace/usbmidilib/Debug/libusbmidilib.a(usb_dci_kinetis.o)
                0x000000000000cb64                _usb_device_recv_data
 .text._usb_device_send_data
                0x000000000000cc34       0x94 /home/ld0d/work/kds_workspace/usbmidilib/Debug/libusbmidilib.a(usb_dci_kinetis.o)
                0x000000000000cc34                _usb_device_send_data
 .text._usb_device_set_address
                0x000000000000ccc8       0x1c /home/ld0d/work/kds_workspace/usbmidilib/Debug/libusbmidilib.a(usb_dci_kinetis.o)
                0x000000000000ccc8                _usb_device_set_address
 .text._usb_device_assert_resume
                0x000000000000cce4       0x64 /home/ld0d/work/kds_workspace/usbmidilib/Debug/libusbmidilib.a(usb_dci_kinetis.o)
                0x000000000000cce4                _usb_device_assert_resume
 .text.USB_ISR  0x000000000000cd48      0x5dc /home/ld0d/work/kds_workspace/usbmidilib/Debug/libusbmidilib.a(usb_dci_kinetis.o)
                0x000000000000cd48                USB_ISR
 .text.USB_NULL_CALLBACK
                0x000000000000d324        0x4 /home/ld0d/work/kds_workspace/usbmidilib/Debug/libusbmidilib.a(usb_driver.o)
                0x000000000000d324                USB_NULL_CALLBACK
 .text._usb_device_init
                0x000000000000d328       0x4c /home/ld0d/work/kds_workspace/usbmidilib/Debug/libusbmidilib.a(usb_driver.o)
                0x000000000000d328                _usb_device_init
 .text._usb_device_init_endpoint
                0x000000000000d374       0x54 /home/ld0d/work/kds_workspace/usbmidilib/Debug/libusbmidilib.a(usb_driver.o)
                0x000000000000d374                _usb_device_init_endpoint
 .text._usb_device_deinit_endpoint
                0x000000000000d3c8       0x44 /home/ld0d/work/kds_workspace/usbmidilib/Debug/libusbmidilib.a(usb_driver.o)
                0x000000000000d3c8                _usb_device_deinit_endpoint
 .text._usb_device_get_status
                0x000000000000d40c       0x3c /home/ld0d/work/kds_workspace/usbmidilib/Debug/libusbmidilib.a(usb_driver.o)
                0x000000000000d40c                _usb_device_get_status
 .text._usb_device_set_status
                0x000000000000d448       0x80 /home/ld0d/work/kds_workspace/usbmidilib/Debug/libusbmidilib.a(usb_driver.o)
                0x000000000000d448                _usb_device_set_status
 .text._usb_device_register_service
                0x000000000000d4c8        0x4 /home/ld0d/work/kds_workspace/usbmidilib/Debug/libusbmidilib.a(usb_driver.o)
                0x000000000000d4c8                _usb_device_register_service
 .text.USB_Device_Call_Service
                0x000000000000d4cc       0x50 /home/ld0d/work/kds_workspace/usbmidilib/Debug/libusbmidilib.a(usb_driver.o)
                0x000000000000d4cc                USB_Device_Call_Service
 .text.USB_Strd_Req_Sync_Frame
                0x000000000000d51c       0x30 /home/ld0d/work/kds_workspace/usbmidilib/Debug/libusbmidilib.a(usb_framework.o)
 .text.USB_Strd_Req_Get_Config
                0x000000000000d54c       0x30 /home/ld0d/work/kds_workspace/usbmidilib/Debug/libusbmidilib.a(usb_framework.o)
 .text.USB_Strd_Req_Set_Config
                0x000000000000d57c       0x68 /home/ld0d/work/kds_workspace/usbmidilib/Debug/libusbmidilib.a(usb_framework.o)
 .text.USB_Strd_Req_Set_Address
                0x000000000000d5e4       0x2c /home/ld0d/work/kds_workspace/usbmidilib/Debug/libusbmidilib.a(usb_framework.o)
 .text.USB_Strd_Req_Feature
                0x000000000000d610       0xd4 /home/ld0d/work/kds_workspace/usbmidilib/Debug/libusbmidilib.a(usb_framework.o)
 .text.USB_Strd_Req_Get_Descriptor
                0x000000000000d6e4       0x38 /home/ld0d/work/kds_workspace/usbmidilib/Debug/libusbmidilib.a(usb_framework.o)
 .text.USB_Strd_Req_Get_Status
                0x000000000000d71c       0xf4 /home/ld0d/work/kds_workspace/usbmidilib/Debug/libusbmidilib.a(usb_framework.o)
 .text.USB_Strd_Req_Set_Interface
                0x000000000000d810       0x24 /home/ld0d/work/kds_workspace/usbmidilib/Debug/libusbmidilib.a(usb_framework.o)
 .text.USB_Strd_Req_Get_Interface
                0x000000000000d834       0x2c /home/ld0d/work/kds_workspace/usbmidilib/Debug/libusbmidilib.a(usb_framework.o)
 .text.USB_Control_Service
                0x000000000000d860      0x188 /home/ld0d/work/kds_workspace/usbmidilib/Debug/libusbmidilib.a(usb_framework.o)
                0x000000000000d860                USB_Control_Service
 .text.USB_Framework_Init
                0x000000000000d9e8       0x20 /home/ld0d/work/kds_workspace/usbmidilib/Debug/libusbmidilib.a(usb_framework.o)
                0x000000000000d9e8                USB_Framework_Init
 .text.USB_Class_MIDI_Service_Bulk_In
                0x000000000000da08       0x30 /home/ld0d/work/kds_workspace/usbmidilib/Debug/libusbmidilib.a(usb_midi.o)
                0x000000000000da08                USB_Class_MIDI_Service_Bulk_In
 .text.USB_Class_MIDI_Service_Bulk_Out
                0x000000000000da38       0x54 /home/ld0d/work/kds_workspace/usbmidilib/Debug/libusbmidilib.a(usb_midi.o)
                0x000000000000da38                USB_Class_MIDI_Service_Bulk_Out
 .text.USB_MIDI_Other_Requests
                0x000000000000da8c        0x8 /home/ld0d/work/kds_workspace/usbmidilib/Debug/libusbmidilib.a(usb_midi.o)
 .text.USB_Class_MIDI_Event
                0x000000000000da94       0xd4 /home/ld0d/work/kds_workspace/usbmidilib/Debug/libusbmidilib.a(usb_midi.o)
                0x000000000000da94                USB_Class_MIDI_Event
 .text.USB_Class_MIDI_Init
                0x000000000000db68       0x4c /home/ld0d/work/kds_workspace/usbmidilib/Debug/libusbmidilib.a(usb_midi.o)
                0x000000000000db68                USB_Class_MIDI_Init
 .text.USB_Class_MIDI_Send_Data
                0x000000000000dbb4        0x8 /home/ld0d/work/kds_workspace/usbmidilib/Debug/libusbmidilib.a(usb_midi.o)
                0x000000000000dbb4                USB_Class_MIDI_Send_Data
 .text.Watchdog_Reset
                0x000000000000dbbc       0x10 /home/ld0d/work/kds_workspace/usbmidilib/Debug/libusbmidilib.a(wdt_kinetis.o)
                0x000000000000dbbc                Watchdog_Reset
 .text.intercore_sync_slave
                0x000000000000dbcc       0x74 /home/ld0d/work/kds_workspace/usbmidilib/Debug/libusbmidilib.a(intercore.o)
                0x000000000000dbcc                intercore_sync_slave
 .text.intercore_receive
                0x000000000000dc40       0xc0 /home/ld0d/work/kds_workspace/usbmidilib/Debug/libusbmidilib.a(intercore.o)
                0x000000000000dc40                intercore_receive
 .text.intercore_can_transmit
                0x000000000000dd00       0x24 /home/ld0d/work/kds_workspace/usbmidilib/Debug/libusbmidilib.a(intercore.o)
                0x000000000000dd00                intercore_can_transmit
 .text.intercore_transmit
                0x000000000000dd24       0x30 /home/ld0d/work/kds_workspace/usbmidilib/Debug/libusbmidilib.a(intercore.o)
                0x000000000000dd24                intercore_transmit
 .text.midiin_reset
                0x000000000000dd54        0xc /home/ld0d/work/kds_workspace/usbmidilib/Debug/libusbmidilib.a(midiparser.o)
                0x000000000000dd54                midiin_reset
 .text.midiin_receive
                0x000000000000dd60      0x170 /home/ld0d/work/kds_workspace/usbmidilib/Debug/libusbmidilib.a(midiparser.o)
                0x000000000000dd60                midiin_receive
 .text.midiout_reset
                0x000000000000ded0        0x8 /home/ld0d/work/kds_workspace/usbmidilib/Debug/libusbmidilib.a(midiparser.o)
                0x000000000000ded0                midiout_reset
 .text.midiout_can_transmit
                0x000000000000ded8       0x18 /home/ld0d/work/kds_workspace/usbmidilib/Debug/libusbmidilib.a(midiparser.o)
                0x000000000000ded8                midiout_can_transmit
 .text.midiout_transmit
                0x000000000000def0       0xd8 /home/ld0d/work/kds_workspace/usbmidilib/Debug/libusbmidilib.a(midiparser.o)
                0x000000000000def0                midiout_transmit
 .text.usbmidi_scheduler_reset
                0x000000000000dfc8        0x8 /home/ld0d/work/kds_workspace/usbmidilib/Debug/libusbmidilib.a(usbmidischeduler.o)
                0x000000000000dfc8                usbmidi_scheduler_reset
 .text.usbmidi_scheduler
                0x000000000000dfd0      0x130 /home/ld0d/work/kds_workspace/usbmidilib/Debug/libusbmidilib.a(usbmidischeduler.o)
                0x000000000000dfd0                usbmidi_scheduler
 .text.memcpy   0x000000000000e100       0x12 /home/ld0d/opt/KDS_2.0.0/toolchain/bin/../lib/gcc/arm-none-eabi/4.8.0/../../../../arm-none-eabi/lib/libc_s.a(lib_a-memcpy.o)
                0x000000000000e100                memcpy
 .text.memset   0x000000000000e112       0x12 /home/ld0d/opt/KDS_2.0.0/toolchain/bin/../lib/gcc/arm-none-eabi/4.8.0/../../../../arm-none-eabi/lib/libc_s.a(lib_a-memset.o)
                0x000000000000e112                memset
 *(.rodata)
 .rodata        0x000000000000e124        0x8 /home/ld0d/work/kds_workspace/usbmidilib/Debug/libusbmidilib.a(usb_dci_kinetis.o)
 *(.rodata*)
 .rodata.g_languages
                0x000000000000e12c       0x1c ./Sources/usb_descriptor.o
                0x000000000000e12c                g_languages
 .rodata.g_std_desc_size
                0x000000000000e148       0x10 ./Sources/usb_descriptor.o
                0x000000000000e148                g_std_desc_size
 .rodata.g_string_descriptors
                0x000000000000e158       0x24 ./Sources/usb_descriptor.o
                0x000000000000e158                g_string_descriptors
 .rodata.usb_desc_ep
                0x000000000000e17c       0x10 ./Sources/usb_descriptor.o
                0x000000000000e17c                usb_desc_ep
 .rodata.g_std_descriptors
                0x000000000000e18c       0x20 ./Sources/usb_descriptor.o
                0x000000000000e18c                g_std_descriptors
 .rodata.g_string_desc_size
                0x000000000000e1ac        0xc ./Sources/usb_descriptor.o
                0x000000000000e1ac                g_string_desc_size
 .rodata.g_usb_CB
                0x000000000000e1b8       0x60 /home/ld0d/work/kds_workspace/usbmidilib/Debug/libusbmidilib.a(usb_driver.o)
 .rodata.g_standard_request
                0x000000000000e218       0x34 /home/ld0d/work/kds_workspace/usbmidilib/Debug/libusbmidilib.a(usb_framework.o)
                0x000000000000e218                g_standard_request
 .rodata.g_validate_request
                0x000000000000e24c       0x28 /home/ld0d/work/kds_workspace/usbmidilib/Debug/libusbmidilib.a(usb_framework.o)
                0x000000000000e24c                g_validate_request
 .rodata.midiin_receive
                0x000000000000e274       0x1c /home/ld0d/work/kds_workspace/usbmidilib/Debug/libusbmidilib.a(midiparser.o)
 *(.glue_7)
 .glue_7        0x0000000000000000        0x0 linker stubs
 *(.glue_7t)
 .glue_7t       0x0000000000000000        0x0 linker stubs
 *(.eh_frame)
 .eh_frame      0x000000000000e290        0x0 /home/ld0d/opt/KDS_2.0.0/toolchain/bin/../lib/gcc/arm-none-eabi/4.8.0/crtbegin.o
 *(.init)
 .init          0x000000000000e290        0x4 /home/ld0d/opt/KDS_2.0.0/toolchain/bin/../lib/gcc/arm-none-eabi/4.8.0/crti.o
                0x000000000000e290                _init
 .init          0x000000000000e294        0x8 /home/ld0d/opt/KDS_2.0.0/toolchain/bin/../lib/gcc/arm-none-eabi/4.8.0/crtn.o
 *(.fini)
 .fini          0x000000000000e29c        0x4 /home/ld0d/opt/KDS_2.0.0/toolchain/bin/../lib/gcc/arm-none-eabi/4.8.0/crti.o
                0x000000000000e29c                _fini
 .fini          0x000000000000e2a0        0x8 /home/ld0d/opt/KDS_2.0.0/toolchain/bin/../lib/gcc/arm-none-eabi/4.8.0/crtn.o
                0x000000000000e2a8                . = ALIGN (0x4)
                0x000000000000e2a8                _etext = .

.vfp11_veneer   0x000000000000e2a8        0x0
 .vfp11_veneer  0x0000000000000000        0x0 linker stubs

.v4_bx          0x000000000000e2a8        0x0
 .v4_bx         0x0000000000000000        0x0 linker stubs

.iplt           0x000000000000e2a8        0x0
 .iplt          0x0000000000000000        0x0 /home/ld0d/opt/KDS_2.0.0/toolchain/bin/../lib/gcc/arm-none-eabi/4.8.0/crtbegin.o

.rel.dyn        0x000000000000e2a8        0x0
 .rel.iplt      0x0000000000000000        0x0 /home/ld0d/opt/KDS_2.0.0/toolchain/bin/../lib/gcc/arm-none-eabi/4.8.0/crtbegin.o

.ARM.extab
 *(.ARM.extab* .gnu.linkonce.armextab.*)

.ARM            0x000000000000e2a8        0x0
                0x000000000000e2a8                __exidx_start = .
 *(.ARM.exidx*)
                0x000000000000e2a8                __exidx_end = .

.ctors          0x000000000000e2a8        0x0
                0x000000000000e2a8                __CTOR_LIST__ = .
 *crtbegin.o(.ctors)
 *(EXCLUDE_FILE(*crtend.o) .ctors)
 *(SORT(.ctors.*))
 *(.ctors)
                0x000000000000e2a8                __CTOR_END__ = .

.dtors          0x000000000000e2a8        0x0
                0x000000000000e2a8                __DTOR_LIST__ = .
 *crtbegin.o(.dtors)
 *(EXCLUDE_FILE(*crtend.o) .dtors)
 *(SORT(.dtors.*))
 *(.dtors)
                0x000000000000e2a8                __DTOR_END__ = .

.preinit_array  0x000000000000e2a8        0x0
                0x000000000000e2a8                PROVIDE (__preinit_array_start, .)
 *(.preinit_array*)
                0x000000000000e2a8                PROVIDE (__preinit_array_end, .)

.init_array     0x000000000000e2a8        0x4
                0x000000000000e2a8                PROVIDE (__init_array_start, .)
 *(SORT(.init_array.*))
 *(.init_array*)
 .init_array    0x000000000000e2a8        0x4 /home/ld0d/opt/KDS_2.0.0/toolchain/bin/../lib/gcc/arm-none-eabi/4.8.0/crtbegin.o
                0x000000000000e2ac                PROVIDE (__init_array_end, .)

.fini_array     0x000000000000e2ac        0x4
                0x000000000000e2ac                PROVIDE (__fini_array_start, .)
 *(SORT(.fini_array.*))
 *(.fini_array*)
 .fini_array    0x000000000000e2ac        0x4 /home/ld0d/opt/KDS_2.0.0/toolchain/bin/../lib/gcc/arm-none-eabi/4.8.0/crtbegin.o
                0x000000000000e2b0                PROVIDE (__fini_array_end, .)
                0x000000000000e2b0                ___ROM_AT = .

.mtb            0x000000001ffff800        0x0
                0x000000001ffff800                . = ALIGN (0x8)
                0x000000001ffff800                _mtb_start = .
 *(.mtb_buf)
                0x000000001ffff800                . = ALIGN (0x8)
                0x000000001ffff800                _mtb_end = .

.data           0x000000001ffff800      0x224 load address 0x000000000000e2b0
                0x000000001ffff800                . = ALIGN (0x4)
                0x000000001ffff800                _sdata = .
 *(.data)
 *(.data*)
 .data.g_config_descriptor
                0x000000001ffff800      0x148 ./Sources/usb_descriptor.o
                0x000000001ffff800                g_config_descriptor
 .data.USB_STR_n
                0x000000001ffff948       0x24 ./Sources/usb_descriptor.o
                0x000000001ffff948                USB_STR_n
 .data.USB_STR_0
                0x000000001ffff96c        0x4 ./Sources/usb_descriptor.o
                0x000000001ffff96c                USB_STR_0
 .data.USB_STR_3
                0x000000001ffff970        0x4 ./Sources/usb_descriptor.o
                0x000000001ffff970                USB_STR_3
 .data.USB_STR_4
                0x000000001ffff974       0x10 ./Sources/usb_descriptor.o
                0x000000001ffff974                USB_STR_4
 .data.USB_STR_5
                0x000000001ffff984       0x1c ./Sources/usb_descriptor.o
                0x000000001ffff984                USB_STR_5
 .data.USB_STR_6
                0x000000001ffff9a0       0x10 ./Sources/usb_descriptor.o
                0x000000001ffff9a0                USB_STR_6
 .data.USB_STR_7
                0x000000001ffff9b0       0x18 ./Sources/usb_descriptor.o
                0x000000001ffff9b0                USB_STR_7
 .data.g_device_descriptor
                0x000000001ffff9c8       0x14 ./Sources/usb_descriptor.o
                0x000000001ffff9c8                g_device_descriptor
 .data.USB_STR_1
                0x000000001ffff9dc       0x18 ./Sources/usb_descriptor.o
                0x000000001ffff9dc                USB_STR_1
 .data.USB_STR_2
                0x000000001ffff9f4       0x28 ./Sources/usb_descriptor.o
                0x000000001ffff9f4                USB_STR_2
 .data.g_trf_direction
                0x000000001ffffa1c        0x1 /home/ld0d/work/kds_workspace/usbmidilib/Debug/libusbmidilib.a(usb_dci_kinetis.o)
 *fill*         0x000000001ffffa1d        0x3 
 .data.intercore_dma_readptr
                0x000000001ffffa20        0x4 /home/ld0d/work/kds_workspace/usbmidilib/Debug/libusbmidilib.a(intercore.o)
                0x000000001ffffa20                intercore_dma_readptr
                0x000000001ffffa24                . = ALIGN (0x4)
                0x000000001ffffa24                _edata = .
                0x0000000000000224                ___data_size = (_edata - _sdata)

.jcr            0x000000001ffffa24        0x0 load address 0x000000000000e4d4
 .jcr           0x000000001ffffa24        0x0 /home/ld0d/opt/KDS_2.0.0/toolchain/bin/../lib/gcc/arm-none-eabi/4.8.0/crtbegin.o

.tm_clone_table
                0x000000001ffffa24        0x0 load address 0x000000000000e4d4
 .tm_clone_table
                0x000000001ffffa24        0x0 /home/ld0d/opt/KDS_2.0.0/toolchain/bin/../lib/gcc/arm-none-eabi/4.8.0/crtbegin.o
 .tm_clone_table
                0x000000001ffffa24        0x0 /home/ld0d/opt/KDS_2.0.0/toolchain/bin/../lib/gcc/arm-none-eabi/4.8.0/crtend.o

.igot.plt       0x000000001ffffa24        0x0 load address 0x000000000000e4d4
 .igot.plt      0x0000000000000000        0x0 /home/ld0d/opt/KDS_2.0.0/toolchain/bin/../lib/gcc/arm-none-eabi/4.8.0/crtbegin.o
                0x000000001ffffa24                . = ALIGN (0x4)

.bss            0x000000001ffffc00     0x1280 load address 0x000000000000e800
                0x000000001ffffc00                __START_BSS = .
                0x000000001ffffc00                PROVIDE (__bss_start__, __START_BSS)
 *(.bss)
 *(.bss*)
 .bss.completed.6137
                0x000000001ffffc00        0x1 /home/ld0d/opt/KDS_2.0.0/toolchain/bin/../lib/gcc/arm-none-eabi/4.8.0/crtbegin.o
 *fill*         0x000000001ffffc01        0x3 
 .bss.object.6142
                0x000000001ffffc04       0x18 /home/ld0d/opt/KDS_2.0.0/toolchain/bin/../lib/gcc/arm-none-eabi/4.8.0/crtbegin.o
 .bss.g_alternate_interface
                0x000000001ffffc1c        0x4 ./Sources/usb_descriptor.o
 .bss.midiout3_state
                0x000000001ffffc20       0x1c ./Sources/usbmain.o
 .bss.midiin3_state
                0x000000001ffffc3c       0x18 ./Sources/usbmain.o
 *fill*         0x000000001ffffc54      0x1ac 
 .bss.midi_buffer
                0x000000001ffffe00      0x200 ./Sources/usbmain.o
 .bss.midiout4_state
                0x0000000020000000       0x1c ./Sources/usbmain.o
 .bss.midiin4_state
                0x000000002000001c       0x18 ./Sources/usbmain.o
 .bss.argv      0x0000000020000034       0x28 ./Project_Settings/Startup_Code/startup.o
 .bss.INT_UART0__DEFAULT_RTOS_ISRPARAM
                0x000000002000005c        0x4 ./Generated_Code/ASerialLdd1.o
 .bss.DeviceDataPrv__DEFAULT_RTOS_ALLOC
                0x0000000020000060       0x20 ./Generated_Code/ASerialLdd1.o
 .bss.INT_UART2__DEFAULT_RTOS_ISRPARAM
                0x0000000020000080        0x4 ./Generated_Code/ASerialLdd2.o
 .bss.DeviceDataPrv__DEFAULT_RTOS_ALLOC
                0x0000000020000084       0x20 ./Generated_Code/ASerialLdd2.o
 .bss.INT_UART1__DEFAULT_RTOS_ISRPARAM
                0x00000000200000a4        0x4 ./Generated_Code/ASerialLdd3.o
 .bss.DeviceDataPrv__DEFAULT_RTOS_ALLOC
                0x00000000200000a8       0x20 ./Generated_Code/ASerialLdd3.o
 .bss.DeviceDataPrv__DEFAULT_RTOS_ALLOC
                0x00000000200000c8        0x4 ./Generated_Code/BitIoLdd1.o
 .bss.EnUser    0x00000000200000cc        0x1 ./Generated_Code/COREUART.o
 *fill*         0x00000000200000cd        0x1 
 .bss.COREUART_OutLen
                0x00000000200000ce        0x2 ./Generated_Code/COREUART.o
 .bss.InpIndexR
                0x00000000200000d0        0x2 ./Generated_Code/COREUART.o
 .bss.BufferRead
                0x00000000200000d2        0x1 ./Generated_Code/COREUART.o
 *fill*         0x00000000200000d3        0x1 
 .bss.COREUART_InpLen
                0x00000000200000d4        0x2 ./Generated_Code/COREUART.o
 *fill*         0x00000000200000d6        0x2 
 .bss.OutBuffer
                0x00000000200000d8      0x100 ./Generated_Code/COREUART.o
 .bss.InpIndexW
                0x00000000200001d8        0x2 ./Generated_Code/COREUART.o
 .bss.OnFreeTxBufSemaphore
                0x00000000200001da        0x1 ./Generated_Code/COREUART.o
 *fill*         0x00000000200001db        0x1 
 .bss.OutIndexR
                0x00000000200001dc        0x2 ./Generated_Code/COREUART.o
 *fill*         0x00000000200001de        0x2 
 .bss.InpBuffer
                0x00000000200001e0      0x100 ./Generated_Code/COREUART.o
 .bss.SerFlag   0x00000000200002e0        0x2 ./Generated_Code/COREUART.o
 .bss.OutIndexW
                0x00000000200002e2        0x2 ./Generated_Code/COREUART.o
 .bss.SR_lock   0x00000000200002e4        0x1 ./Generated_Code/Cpu.o
                0x00000000200002e4                SR_lock
 *fill*         0x00000000200002e5        0x3 
 .bss.DeviceDataPtr__DEFAULT_RTOS_ALLOC
                0x00000000200002e8       0x30 ./Generated_Code/DMA1.o
 .bss.INT_DMA2__DEFAULT_RTOS_ISRPARAM
                0x0000000020000318        0x4 ./Generated_Code/DMA1.o
 .bss.DeviceDataPtr__DEFAULT_RTOS_ALLOC
                0x000000002000031c        0x8 ./Generated_Code/DMAT1.o
 .bss.DescriptorPtr__DEFAULT_RTOS_ALLOC
                0x0000000020000324       0x34 ./Generated_Code/DMAT1.o
 .bss.SerFlag   0x0000000020000358        0x2 ./Generated_Code/MIDIUART3.o
 .bss.InpIndexR
                0x000000002000035a        0x2 ./Generated_Code/MIDIUART3.o
 .bss.BufferRead
                0x000000002000035c        0x1 ./Generated_Code/MIDIUART3.o
 *fill*         0x000000002000035d        0x3 
 .bss.OutBuffer
                0x0000000020000360       0x80 ./Generated_Code/MIDIUART3.o
 .bss.InpIndexW
                0x00000000200003e0        0x2 ./Generated_Code/MIDIUART3.o
 .bss.MIDIUART3_OutLen
                0x00000000200003e2        0x2 ./Generated_Code/MIDIUART3.o
 .bss.MIDIUART3_InpLen
                0x00000000200003e4        0x2 ./Generated_Code/MIDIUART3.o
 .bss.OnFreeTxBufSemaphore
                0x00000000200003e6        0x1 ./Generated_Code/MIDIUART3.o
 *fill*         0x00000000200003e7        0x1 
 .bss.OutIndexR
                0x00000000200003e8        0x2 ./Generated_Code/MIDIUART3.o
 *fill*         0x00000000200003ea        0x2 
 .bss.InpBuffer
                0x00000000200003ec       0x80 ./Generated_Code/MIDIUART3.o
 .bss.OutIndexW
                0x000000002000046c        0x2 ./Generated_Code/MIDIUART3.o
 .bss.SerFlag   0x000000002000046e        0x2 ./Generated_Code/MIDIUART4.o
 .bss.InpIndexR
                0x0000000020000470        0x2 ./Generated_Code/MIDIUART4.o
 .bss.BufferRead
                0x0000000020000472        0x1 ./Generated_Code/MIDIUART4.o
 *fill*         0x0000000020000473        0x1 
 .bss.OutBuffer
                0x0000000020000474       0x80 ./Generated_Code/MIDIUART4.o
 .bss.InpIndexW
                0x00000000200004f4        0x2 ./Generated_Code/MIDIUART4.o
 .bss.OnFreeTxBufSemaphore
                0x00000000200004f6        0x1 ./Generated_Code/MIDIUART4.o
 *fill*         0x00000000200004f7        0x1 
 .bss.MIDIUART4_OutLen
                0x00000000200004f8        0x2 ./Generated_Code/MIDIUART4.o
 .bss.MIDIUART4_InpLen
                0x00000000200004fa        0x2 ./Generated_Code/MIDIUART4.o
 .bss.OutIndexR
                0x00000000200004fc        0x2 ./Generated_Code/MIDIUART4.o
 *fill*         0x00000000200004fe        0x2 
 .bss.InpBuffer
                0x0000000020000500       0x80 ./Generated_Code/MIDIUART4.o
 .bss.OutIndexW
                0x0000000020000580        0x2 ./Generated_Code/MIDIUART4.o
 *fill*         0x0000000020000582        0x2 
 .bss.PE_LDD_DeviceDataList
                0x0000000020000584       0x20 ./Generated_Code/PE_LDD.o
                0x0000000020000584                PE_LDD_DeviceDataList
 .bss.TMOUT1_FreeCounters
                0x00000000200005a4        0x8 ./Generated_Code/TMOUT1.o
 .bss.TMOUT1_Counters
                0x00000000200005ac        0xc ./Generated_Code/TMOUT1.o
 .bss.INT_LPTimer__DEFAULT_RTOS_ISRPARAM
                0x00000000200005b8        0x4 ./Generated_Code/TU1.o
 .bss.DeviceDataPrv__DEFAULT_RTOS_ALLOC
                0x00000000200005bc        0x8 ./Generated_Code/TU1.o
 .bss.DeviceDataPrv__DEFAULT_RTOS_ALLOC
                0x00000000200005c4        0xc ./Generated_Code/TimerIntLdd1.o
 .bss.UsbMidiRx_inIdx
                0x00000000200005d0        0x1 ./Generated_Code/UsbMidiRx.o
 .bss.UsbMidiRx_inSize
                0x00000000200005d1        0x1 ./Generated_Code/UsbMidiRx.o
 .bss.UsbMidiRx_outIdx
                0x00000000200005d2        0x1 ./Generated_Code/UsbMidiRx.o
 *fill*         0x00000000200005d3        0x1 
 .bss.UsbMidiRx_buffer
                0x00000000200005d4       0x80 ./Generated_Code/UsbMidiRx.o
 .bss.UsbMidiTx_buffer
                0x0000000020000654       0x80 ./Generated_Code/UsbMidiTx.o
 .bss.UsbMidiTx_inSize
                0x00000000200006d4        0x1 ./Generated_Code/UsbMidiTx.o
 .bss.UsbMidiTx_outIdx
                0x00000000200006d5        0x1 ./Generated_Code/UsbMidiTx.o
 .bss.UsbMidiTx_inIdx
                0x00000000200006d6        0x1 ./Generated_Code/UsbMidiTx.o
 *fill*         0x00000000200006d7        0x1 
 .bss.recvactive
                0x00000000200006d8        0x4 /home/ld0d/work/kds_workspace/usbmidilib/Debug/libusbmidilib.a(USBMIDI1.o)
 .bss.transactionOngoing
                0x00000000200006dc        0x1 /home/ld0d/work/kds_workspace/usbmidilib/Debug/libusbmidilib.a(USBMIDI1.o)
 .bss.start_app
                0x00000000200006dd        0x1 /home/ld0d/work/kds_workspace/usbmidilib/Debug/libusbmidilib.a(USBMIDI1.o)
 .bss.start_transactions
                0x00000000200006de        0x1 /home/ld0d/work/kds_workspace/usbmidilib/Debug/libusbmidilib.a(USBMIDI1.o)
 *fill*         0x00000000200006df       0x21 
 .bss.usbmidi_rx_buffer
                0x0000000020000700       0x40 /home/ld0d/work/kds_workspace/usbmidilib/Debug/libusbmidilib.a(USBMIDI1.o)
 .bss.g_class_callback
                0x0000000020000740        0x4 /home/ld0d/work/kds_workspace/usbmidilib/Debug/libusbmidilib.a(usb_class.o)
 .bss.g_device_state_before_suspend
                0x0000000020000744        0x1 /home/ld0d/work/kds_workspace/usbmidilib/Debug/libusbmidilib.a(usb_class.o)
 *fill*         0x0000000020000745        0x3 
 .bss.g_bdt_address
                0x0000000020000748        0x4 /home/ld0d/work/kds_workspace/usbmidilib/Debug/libusbmidilib.a(usb_dci_kinetis.o)
 .bss.g_dci_controller_Id
                0x000000002000074c        0x1 /home/ld0d/work/kds_workspace/usbmidilib/Debug/libusbmidilib.a(usb_dci_kinetis.o)
 *fill*         0x000000002000074d        0x3 
 .bss.g_bdtmap  0x0000000020000750        0x4 /home/ld0d/work/kds_workspace/usbmidilib/Debug/libusbmidilib.a(usb_dci_kinetis.o)
                0x0000000020000750                g_bdtmap
 .bss.g_bdt_elem
                0x0000000020000754      0x240 /home/ld0d/work/kds_workspace/usbmidilib/Debug/libusbmidilib.a(usb_dci_kinetis.o)
 .bss.g_EPn_max
                0x0000000020000994        0x1 /home/ld0d/work/kds_workspace/usbmidilib/Debug/libusbmidilib.a(usb_driver.o)
 *fill*         0x0000000020000995        0x3 
 .bss.g_usb_ep_status
                0x0000000020000998        0x8 /home/ld0d/work/kds_workspace/usbmidilib/Debug/libusbmidilib.a(usb_driver.o)
 .bss.g_EPn     0x00000000200009a0        0x1 /home/ld0d/work/kds_workspace/usbmidilib/Debug/libusbmidilib.a(usb_driver.o)
 *fill*         0x00000000200009a1        0x3 
 .bss.g_usb_component_status
                0x00000000200009a4        0x8 /home/ld0d/work/kds_workspace/usbmidilib/Debug/libusbmidilib.a(usb_driver.o)
 .bss.g_assigned_address
                0x00000000200009ac        0x1 /home/ld0d/work/kds_workspace/usbmidilib/Debug/libusbmidilib.a(usb_framework.o)
 *fill*         0x00000000200009ad        0x1 
 .bss.g_std_framework_data
                0x00000000200009ae        0x2 /home/ld0d/work/kds_workspace/usbmidilib/Debug/libusbmidilib.a(usb_framework.o)
 .bss.g_setup_pkt
                0x00000000200009b0        0x8 /home/ld0d/work/kds_workspace/usbmidilib/Debug/libusbmidilib.a(usb_framework.o)
 .bss.ext_req_to_host
                0x00000000200009b8       0x10 /home/ld0d/work/kds_workspace/usbmidilib/Debug/libusbmidilib.a(usb_framework.o)
 .bss.g_other_req_callback
                0x00000000200009c8        0x4 /home/ld0d/work/kds_workspace/usbmidilib/Debug/libusbmidilib.a(usb_framework.o)
 .bss.g_framework_callback
                0x00000000200009cc        0x4 /home/ld0d/work/kds_workspace/usbmidilib/Debug/libusbmidilib.a(usb_framework.o)
 .bss.g_midi_class_callback
                0x00000000200009d0        0x4 /home/ld0d/work/kds_workspace/usbmidilib/Debug/libusbmidilib.a(usb_midi.o)
 .bss.g_vendor_req_callback
                0x00000000200009d4        0x4 /home/ld0d/work/kds_workspace/usbmidilib/Debug/libusbmidilib.a(usb_midi.o)
 .bss.intercore_recv_counter
                0x00000000200009d8        0x4 /home/ld0d/work/kds_workspace/usbmidilib/Debug/libusbmidilib.a(intercore.o)
 .bss.intercore_sent_counter
                0x00000000200009dc        0x4 /home/ld0d/work/kds_workspace/usbmidilib/Debug/libusbmidilib.a(intercore.o)
 *(COMMON)
 COMMON         0x00000000200009e0        0x2 ./Sources/usbmain.o
                0x00000000200009e0                usb_timeout_counter_handle
                0x00000000200009e1                modes
 *fill*         0x00000000200009e2        0x2 
 COMMON         0x00000000200009e4        0x4 ./Generated_Code/COREUART.o
                0x00000000200009e4                ASerialLdd1_DeviceDataPtr
 COMMON         0x00000000200009e8        0x1 ./Generated_Code/Cpu.o
                0x00000000200009e8                SR_reg
 *fill*         0x00000000200009e9        0x3 
 COMMON         0x00000000200009ec        0x4 ./Generated_Code/MIDIUART3.o
                0x00000000200009ec                ASerialLdd2_DeviceDataPtr
 COMMON         0x00000000200009f0        0x4 ./Generated_Code/MIDIUART4.o
                0x00000000200009f0                ASerialLdd3_DeviceDataPtr
 *fill*         0x00000000200009f4        0xc 
 COMMON         0x0000000020000a00      0x400 /home/ld0d/work/kds_workspace/usbmidilib/Debug/libusbmidilib.a(usb_dci_kinetis.o)
                0x0000000020000a00                g_Mem
 COMMON         0x0000000020000e00       0x80 /home/ld0d/work/kds_workspace/usbmidilib/Debug/libusbmidilib.a(intercore.o)
                0x0000000020000e00                intercore_dma_data
                0x0000000020000e80                . = ALIGN (0x4)
                0x0000000020000e80                __END_BSS = .
                0x0000000020000e80                PROVIDE (__bss_end__, __END_BSS)
                0x000000000000e4d4                _romp_at = (___ROM_AT + SIZEOF (.data))

.romp           0x0000000020000e80       0x18 load address 0x000000000000e4d4
                0x000000000000e4d4                __S_romp = _romp_at
                0x0000000020000e80        0x4 LONG 0xe2b0 ___ROM_AT
                0x0000000020000e84        0x4 LONG 0x1ffff800 _sdata
                0x0000000020000e88        0x4 LONG 0x224 ___data_size
                0x0000000020000e8c        0x4 LONG 0x0
                0x0000000020000e90        0x4 LONG 0x0
                0x0000000020000e94        0x4 LONG 0x0

._user_heap_stack
                0x0000000020000e98      0x200 load address 0x000000000000e4ec
                0x0000000020000e98                . = ALIGN (0x4)
                0x0000000020000e98                PROVIDE (end, .)
                0x0000000020000e98                PROVIDE (_end, .)
                0x0000000020000e98                __heap_addr = .
                0x0000000020000e98                __HeapBase = .
                0x0000000020000f98                . = (. + __heap_size)
 *fill*         0x0000000020000e98      0x100 
                0x0000000020000f98                __HeapLimit = .
                0x0000000020001098                . = (. + __stack_size)
 *fill*         0x0000000020000f98      0x100 
                0x0000000020001098                . = ALIGN (0x4)

.ARM.attributes
                0x0000000000000000       0x2f
 *(.ARM.attributes)
 .ARM.attributes
                0x0000000000000000       0x23 /home/ld0d/opt/KDS_2.0.0/toolchain/bin/../lib/gcc/arm-none-eabi/4.8.0/crti.o
 .ARM.attributes
                0x0000000000000023       0x31 /home/ld0d/opt/KDS_2.0.0/toolchain/bin/../lib/gcc/arm-none-eabi/4.8.0/crtbegin.o
 .ARM.attributes
                0x0000000000000054       0x32 ./Sources/Events.o
 .ARM.attributes
                0x0000000000000086       0x32 ./Sources/main.o
 .ARM.attributes
                0x00000000000000b8       0x32 ./Sources/usb_descriptor.o
 .ARM.attributes
                0x00000000000000ea       0x32 ./Sources/usbmain.o
 .ARM.attributes
                0x000000000000011c       0x32 ./Project_Settings/Startup_Code/startup.o
 .ARM.attributes
                0x000000000000014e       0x32 ./Generated_Code/ASerialLdd1.o
 .ARM.attributes
                0x0000000000000180       0x32 ./Generated_Code/ASerialLdd2.o
 .ARM.attributes
                0x00000000000001b2       0x32 ./Generated_Code/ASerialLdd3.o
 .ARM.attributes
                0x00000000000001e4       0x32 ./Generated_Code/BitIoLdd1.o
 .ARM.attributes
                0x0000000000000216       0x32 ./Generated_Code/COREUART.o
 .ARM.attributes
                0x0000000000000248       0x32 ./Generated_Code/Cpu.o
 .ARM.attributes
                0x000000000000027a       0x32 ./Generated_Code/DMA1.o
 .ARM.attributes
                0x00000000000002ac       0x32 ./Generated_Code/DMAT1.o
 .ARM.attributes
                0x00000000000002de       0x32 ./Generated_Code/MIDIUART3.o
 .ARM.attributes
                0x0000000000000310       0x32 ./Generated_Code/MIDIUART4.o
 .ARM.attributes
                0x0000000000000342       0x32 ./Generated_Code/PE_LDD.o
 .ARM.attributes
                0x0000000000000374       0x32 ./Generated_Code/PTA.o
 .ARM.attributes
                0x00000000000003a6       0x32 ./Generated_Code/PTB.o
 .ARM.attributes
                0x00000000000003d8       0x32 ./Generated_Code/PTC.o
 .ARM.attributes
                0x000000000000040a       0x32 ./Generated_Code/PTD.o
 .ARM.attributes
                0x000000000000043c       0x32 ./Generated_Code/PTE.o
 .ARM.attributes
                0x000000000000046e       0x32 ./Generated_Code/TI1.o
 .ARM.attributes
                0x00000000000004a0       0x32 ./Generated_Code/TMOUT1.o
 .ARM.attributes
                0x00000000000004d2       0x32 ./Generated_Code/TU1.o
 .ARM.attributes
                0x0000000000000504       0x32 ./Generated_Code/TimerIntLdd1.o
 .ARM.attributes
                0x0000000000000536       0x32 ./Generated_Code/USB0.o
 .ARM.attributes
                0x0000000000000568       0x32 ./Generated_Code/UsbMidiRx.o
 .ARM.attributes
                0x000000000000059a       0x32 ./Generated_Code/UsbMidiTx.o
 .ARM.attributes
                0x00000000000005cc       0x32 ./Generated_Code/Vectors.o
 .ARM.attributes
                0x00000000000005fe       0x32 /home/ld0d/work/kds_workspace/usbmidilib/Debug/libusbmidilib.a(USB1.o)
 .ARM.attributes
                0x0000000000000630       0x32 /home/ld0d/work/kds_workspace/usbmidilib/Debug/libusbmidilib.a(USBMIDI1.o)
 .ARM.attributes
                0x0000000000000662       0x32 /home/ld0d/work/kds_workspace/usbmidilib/Debug/libusbmidilib.a(usb_class.o)
 .ARM.attributes
                0x0000000000000694       0x32 /home/ld0d/work/kds_workspace/usbmidilib/Debug/libusbmidilib.a(usb_dci_kinetis.o)
 .ARM.attributes
                0x00000000000006c6       0x32 /home/ld0d/work/kds_workspace/usbmidilib/Debug/libusbmidilib.a(usb_driver.o)
 .ARM.attributes
                0x00000000000006f8       0x32 /home/ld0d/work/kds_workspace/usbmidilib/Debug/libusbmidilib.a(usb_framework.o)
 .ARM.attributes
                0x000000000000072a       0x32 /home/ld0d/work/kds_workspace/usbmidilib/Debug/libusbmidilib.a(usb_midi.o)
 .ARM.attributes
                0x000000000000075c       0x32 /home/ld0d/work/kds_workspace/usbmidilib/Debug/libusbmidilib.a(wdt_kinetis.o)
 .ARM.attributes
                0x000000000000078e       0x32 /home/ld0d/work/kds_workspace/usbmidilib/Debug/libusbmidilib.a(intercore.o)
 .ARM.attributes
                0x00000000000007c0       0x32 /home/ld0d/work/kds_workspace/usbmidilib/Debug/libusbmidilib.a(midiparser.o)
 .ARM.attributes
                0x00000000000007f2       0x32 /home/ld0d/work/kds_workspace/usbmidilib/Debug/libusbmidilib.a(usbmidischeduler.o)
 .ARM.attributes
                0x0000000000000824       0x23 /home/ld0d/opt/KDS_2.0.0/toolchain/bin/../lib/gcc/arm-none-eabi/4.8.0/libgcc.a(_udivsi3.o)
 .ARM.attributes
                0x0000000000000847       0x23 /home/ld0d/opt/KDS_2.0.0/toolchain/bin/../lib/gcc/arm-none-eabi/4.8.0/libgcc.a(_dvmd_tls.o)
 .ARM.attributes
                0x000000000000086a       0x31 /home/ld0d/opt/KDS_2.0.0/toolchain/bin/../lib/gcc/arm-none-eabi/4.8.0/../../../../arm-none-eabi/lib/libc_s.a(lib_a-memcpy.o)
 .ARM.attributes
                0x000000000000089b       0x31 /home/ld0d/opt/KDS_2.0.0/toolchain/bin/../lib/gcc/arm-none-eabi/4.8.0/../../../../arm-none-eabi/lib/libc_s.a(lib_a-memset.o)
 .ARM.attributes
                0x00000000000008cc       0x31 /home/ld0d/opt/KDS_2.0.0/toolchain/bin/../lib/gcc/arm-none-eabi/4.8.0/crtend.o
 .ARM.attributes
                0x00000000000008fd       0x23 /home/ld0d/opt/KDS_2.0.0/toolchain/bin/../lib/gcc/arm-none-eabi/4.8.0/crtn.o
OUTPUT(usbmidi2_slave.elf elf32-littlearm)

.comment        0x0000000000000000       0x3b
 .comment       0x0000000000000000       0x2a /home/ld0d/opt/KDS_2.0.0/toolchain/bin/../lib/gcc/arm-none-eabi/4.8.0/crtbegin.o
                                         0x2b (size before relaxing)
 .comment       0x0000000000000000       0x2b ./Sources/Events.o
 .comment       0x0000000000000000       0x2b ./Sources/main.o
 .comment       0x0000000000000000       0x2b ./Sources/usb_descriptor.o
 .comment       0x0000000000000000       0x2b ./Sources/usbmain.o
 .comment       0x0000000000000000       0x2b ./Project_Settings/Startup_Code/startup.o
 .comment       0x0000000000000000       0x2b ./Generated_Code/ASerialLdd1.o
 .comment       0x0000000000000000       0x2b ./Generated_Code/ASerialLdd2.o
 .comment       0x0000000000000000       0x2b ./Generated_Code/ASerialLdd3.o
 .comment       0x0000000000000000       0x2b ./Generated_Code/BitIoLdd1.o
 .comment       0x0000000000000000       0x2b ./Generated_Code/COREUART.o
 .comment       0x0000000000000000       0x2b ./Generated_Code/Cpu.o
 .comment       0x0000000000000000       0x2b ./Generated_Code/DMA1.o
 .comment       0x0000000000000000       0x2b ./Generated_Code/DMAT1.o
 .comment       0x0000000000000000       0x2b ./Generated_Code/MIDIUART3.o
 .comment       0x0000000000000000       0x2b ./Generated_Code/MIDIUART4.o
 .comment       0x0000000000000000       0x2b ./Generated_Code/PE_LDD.o
 .comment       0x0000000000000000       0x2b ./Generated_Code/PTA.o
 .comment       0x0000000000000000       0x2b ./Generated_Code/PTB.o
 .comment       0x0000000000000000       0x2b ./Generated_Code/PTC.o
 .comment       0x0000000000000000       0x2b ./Generated_Code/PTD.o
 .comment       0x0000000000000000       0x2b ./Generated_Code/PTE.o
 .comment       0x0000000000000000       0x2b ./Generated_Code/TI1.o
 .comment       0x0000000000000000       0x2b ./Generated_Code/TMOUT1.o
 .comment       0x0000000000000000       0x2b ./Generated_Code/TU1.o
 .comment       0x0000000000000000       0x2b ./Generated_Code/TimerIntLdd1.o
 .comment       0x0000000000000000       0x2b ./Generated_Code/USB0.o
 .comment       0x0000000000000000       0x2b ./Generated_Code/UsbMidiRx.o
 .comment       0x0000000000000000       0x2b ./Generated_Code/UsbMidiTx.o
 .comment       0x0000000000000000       0x2b ./Generated_Code/Vectors.o
 .comment       0x0000000000000000       0x2b /home/ld0d/work/kds_workspace/usbmidilib/Debug/libusbmidilib.a(USB1.o)
 .comment       0x0000000000000000       0x2b /home/ld0d/work/kds_workspace/usbmidilib/Debug/libusbmidilib.a(USBMIDI1.o)
 .comment       0x0000000000000000       0x2b /home/ld0d/work/kds_workspace/usbmidilib/Debug/libusbmidilib.a(usb_class.o)
 .comment       0x0000000000000000       0x2b /home/ld0d/work/kds_workspace/usbmidilib/Debug/libusbmidilib.a(usb_dci_kinetis.o)
 .comment       0x0000000000000000       0x2b /home/ld0d/work/kds_workspace/usbmidilib/Debug/libusbmidilib.a(usb_driver.o)
 .comment       0x0000000000000000       0x2b /home/ld0d/work/kds_workspace/usbmidilib/Debug/libusbmidilib.a(usb_framework.o)
 .comment       0x0000000000000000       0x2b /home/ld0d/work/kds_workspace/usbmidilib/Debug/libusbmidilib.a(usb_midi.o)
 .comment       0x0000000000000000       0x2b /home/ld0d/work/kds_workspace/usbmidilib/Debug/libusbmidilib.a(wdt_kinetis.o)
 .comment       0x0000000000000000       0x2b /home/ld0d/work/kds_workspace/usbmidilib/Debug/libusbmidilib.a(intercore.o)
 .comment       0x0000000000000000       0x2b /home/ld0d/work/kds_workspace/usbmidilib/Debug/libusbmidilib.a(midiparser.o)
 .comment       0x0000000000000000       0x2b /home/ld0d/work/kds_workspace/usbmidilib/Debug/libusbmidilib.a(usbmidischeduler.o)
 .comment       0x000000000000002a       0x11 /home/ld0d/opt/KDS_2.0.0/toolchain/bin/../lib/gcc/arm-none-eabi/4.8.0/../../../../arm-none-eabi/lib/libc_s.a(lib_a-memcpy.o)
                                         0x12 (size before relaxing)
 .comment       0x0000000000000000       0x12 /home/ld0d/opt/KDS_2.0.0/toolchain/bin/../lib/gcc/arm-none-eabi/4.8.0/../../../../arm-none-eabi/lib/libc_s.a(lib_a-memset.o)
 .comment       0x0000000000000000       0x2b /home/ld0d/opt/KDS_2.0.0/toolchain/bin/../lib/gcc/arm-none-eabi/4.8.0/crtend.o

.debug_info

.debug_abbrev

.debug_aranges

.debug_ranges

.debug_macro

.debug_line

.debug_str

.debug_frame

.debug_loc
