Archive member included because of file (symbol)

/home/ld0d/opt/KDS_2.0.0/toolchain/bin/../lib/gcc/arm-none-eabi/4.8.0/../../../../arm-none-eabi/lib/libg_s.a(lib_a-atexit.o)
                              /home/ld0d/opt/KDS_2.0.0/toolchain/bin/../lib/gcc/arm-none-eabi/4.8.0/../../../../arm-none-eabi/lib/crt0.o (atexit)
/home/ld0d/opt/KDS_2.0.0/toolchain/bin/../lib/gcc/arm-none-eabi/4.8.0/../../../../arm-none-eabi/lib/libg_s.a(lib_a-exit.o)
                              /home/ld0d/opt/KDS_2.0.0/toolchain/bin/../lib/gcc/arm-none-eabi/4.8.0/../../../../arm-none-eabi/lib/crt0.o (exit)
/home/ld0d/opt/KDS_2.0.0/toolchain/bin/../lib/gcc/arm-none-eabi/4.8.0/../../../../arm-none-eabi/lib/libg_s.a(lib_a-fini.o)
                              /home/ld0d/opt/KDS_2.0.0/toolchain/bin/../lib/gcc/arm-none-eabi/4.8.0/../../../../arm-none-eabi/lib/libg_s.a(lib_a-exit.o) (__libc_fini_array)
/home/ld0d/opt/KDS_2.0.0/toolchain/bin/../lib/gcc/arm-none-eabi/4.8.0/../../../../arm-none-eabi/lib/libg_s.a(lib_a-impure.o)
                              /home/ld0d/opt/KDS_2.0.0/toolchain/bin/../lib/gcc/arm-none-eabi/4.8.0/../../../../arm-none-eabi/lib/libg_s.a(lib_a-exit.o) (_global_impure_ptr)
/home/ld0d/opt/KDS_2.0.0/toolchain/bin/../lib/gcc/arm-none-eabi/4.8.0/../../../../arm-none-eabi/lib/libg_s.a(lib_a-memcpy.o)
                              ./Generated_Code/IFsh1.o (memcpy)
/home/ld0d/opt/KDS_2.0.0/toolchain/bin/../lib/gcc/arm-none-eabi/4.8.0/../../../../arm-none-eabi/lib/libg_s.a(lib_a-memset.o)
                              /home/ld0d/opt/KDS_2.0.0/toolchain/bin/../lib/gcc/arm-none-eabi/4.8.0/../../../../arm-none-eabi/lib/crt0.o (memset)
/home/ld0d/opt/KDS_2.0.0/toolchain/bin/../lib/gcc/arm-none-eabi/4.8.0/../../../../arm-none-eabi/lib/libg_s.a(lib_a-syscalls.o)
                              /home/ld0d/opt/KDS_2.0.0/toolchain/bin/../lib/gcc/arm-none-eabi/4.8.0/../../../../arm-none-eabi/lib/libg_s.a(lib_a-exit.o) (_exit)
/home/ld0d/opt/KDS_2.0.0/toolchain/bin/../lib/gcc/arm-none-eabi/4.8.0/../../../../arm-none-eabi/lib/libg_s.a(lib_a-__atexit.o)
                              /home/ld0d/opt/KDS_2.0.0/toolchain/bin/../lib/gcc/arm-none-eabi/4.8.0/../../../../arm-none-eabi/lib/libg_s.a(lib_a-atexit.o) (__do_register_exitproc)
/home/ld0d/opt/KDS_2.0.0/toolchain/bin/../lib/gcc/arm-none-eabi/4.8.0/../../../../arm-none-eabi/lib/libg_s.a(lib_a-__call_atexit.o)
                              /home/ld0d/opt/KDS_2.0.0/toolchain/bin/../lib/gcc/arm-none-eabi/4.8.0/../../../../arm-none-eabi/lib/libg_s.a(lib_a-__atexit.o) (__call_exitprocs)
/home/ld0d/opt/KDS_2.0.0/toolchain/bin/../lib/gcc/arm-none-eabi/4.8.0/../../../../arm-none-eabi/lib/libg_s.a(lib_a-errno.o)
                              /home/ld0d/opt/KDS_2.0.0/toolchain/bin/../lib/gcc/arm-none-eabi/4.8.0/../../../../arm-none-eabi/lib/libg_s.a(lib_a-syscalls.o) (__errno)
/home/ld0d/opt/KDS_2.0.0/toolchain/bin/../lib/gcc/arm-none-eabi/4.8.0/../../../../arm-none-eabi/lib/libg_s.a(lib_a-malloc.o)
                              /home/ld0d/opt/KDS_2.0.0/toolchain/bin/../lib/gcc/arm-none-eabi/4.8.0/../../../../arm-none-eabi/lib/libg_s.a(lib_a-__atexit.o) (malloc)
/home/ld0d/opt/KDS_2.0.0/toolchain/bin/../lib/gcc/arm-none-eabi/4.8.0/../../../../arm-none-eabi/lib/libg_s.a(lib_a-mallocr.o)
                              /home/ld0d/opt/KDS_2.0.0/toolchain/bin/../lib/gcc/arm-none-eabi/4.8.0/../../../../arm-none-eabi/lib/libg_s.a(lib_a-malloc.o) (_malloc_r)
/home/ld0d/opt/KDS_2.0.0/toolchain/bin/../lib/gcc/arm-none-eabi/4.8.0/../../../../arm-none-eabi/lib/libg_s.a(lib_a-sbrkr.o)
                              /home/ld0d/opt/KDS_2.0.0/toolchain/bin/../lib/gcc/arm-none-eabi/4.8.0/../../../../arm-none-eabi/lib/libg_s.a(lib_a-mallocr.o) (_sbrk_r)
/home/ld0d/opt/KDS_2.0.0/toolchain/bin/../lib/gcc/arm-none-eabi/4.8.0/../../../../arm-none-eabi/lib/libg_s.a(lib_a-strlen.o)
                              /home/ld0d/opt/KDS_2.0.0/toolchain/bin/../lib/gcc/arm-none-eabi/4.8.0/../../../../arm-none-eabi/lib/libg_s.a(lib_a-syscalls.o) (strlen)
/home/ld0d/opt/KDS_2.0.0/toolchain/bin/../lib/gcc/arm-none-eabi/4.8.0/../../../../arm-none-eabi/lib/libg_s.a(lib_a-freer.o)
                              /home/ld0d/opt/KDS_2.0.0/toolchain/bin/../lib/gcc/arm-none-eabi/4.8.0/../../../../arm-none-eabi/lib/libg_s.a(lib_a-malloc.o) (_free_r)
/home/ld0d/opt/KDS_2.0.0/toolchain/bin/../lib/gcc/arm-none-eabi/4.8.0/../../../../arm-none-eabi/lib/libg_s.a(lib_a-reent.o)
                              /home/ld0d/opt/KDS_2.0.0/toolchain/bin/../lib/gcc/arm-none-eabi/4.8.0/../../../../arm-none-eabi/lib/libg_s.a(lib_a-sbrkr.o) (errno)

Allocating common symbols
Common symbol       size              file

flash_block         0x1000            ./Sources/bootloader.o
ASerialLdd1_DeviceDataPtr
                    0x4               ./Generated_Code/COREUART.o
errno               0x4               /home/ld0d/opt/KDS_2.0.0/toolchain/bin/../lib/gcc/arm-none-eabi/4.8.0/../../../../arm-none-eabi/lib/libg_s.a(lib_a-reent.o)
[...]
Memory Configuration

Name             Origin             Length             Attributes
m_interrupts     0x0000000000000000 0x00000000000000c0 xr
m_text           0x0000000000000410 0x0000000000003bf0 xr
m_data           0x000000001ffff000 0x0000000000004000 rw
m_cfmprotrom     0x0000000000000400 0x0000000000000010 xr
*default*        0x0000000000000000 0xffffffffffffffff

Linker script and memory map

LOAD /home/ld0d/opt/KDS_2.0.0/toolchain/bin/../lib/gcc/arm-none-eabi/4.8.0/crti.o
LOAD /home/ld0d/opt/KDS_2.0.0/toolchain/bin/../lib/gcc/arm-none-eabi/4.8.0/crtbegin.o
LOAD /home/ld0d/opt/KDS_2.0.0/toolchain/bin/../lib/gcc/arm-none-eabi/4.8.0/../../../../arm-none-eabi/lib/crt0.o
LOAD ./Sources/Events.o
LOAD ./Sources/bootloader.o
LOAD ./Sources/main.o
LOAD ./Project_Settings/Startup_Code/startup.o
LOAD ./Generated_Code/ASerialLdd1.o
LOAD ./Generated_Code/BitIoLdd1.o
LOAD ./Generated_Code/COREUART.o
LOAD ./Generated_Code/Cpu.o
LOAD ./Generated_Code/IFsh1.o
LOAD ./Generated_Code/IntFlashLdd1.o
LOAD ./Generated_Code/LED1.o
LOAD ./Generated_Code/LEDpin1.o
LOAD ./Generated_Code/PE_LDD.o
LOAD ./Generated_Code/PTC.o
LOAD ./Generated_Code/PTD.o
LOAD ./Generated_Code/PTE.o
LOAD ./Generated_Code/Vectors.o
LOAD ./Generated_Code/WAIT1.o
LOAD /home/ld0d/work/kds_workspace/usbmidilib/Debug/libusbmidilib.a
LOAD /home/ld0d/opt/KDS_2.0.0/toolchain/bin/../lib/gcc/arm-none-eabi/4.8.0/../../../../arm-none-eabi/lib/libstdc++.a
LOAD /home/ld0d/opt/KDS_2.0.0/toolchain/bin/../lib/gcc/arm-none-eabi/4.8.0/../../../../arm-none-eabi/lib/libm.a
START GROUP
LOAD /home/ld0d/opt/KDS_2.0.0/toolchain/bin/../lib/gcc/arm-none-eabi/4.8.0/libgcc.a
LOAD /home/ld0d/opt/KDS_2.0.0/toolchain/bin/../lib/gcc/arm-none-eabi/4.8.0/../../../../arm-none-eabi/lib/libg_s.a
LOAD /home/ld0d/opt/KDS_2.0.0/toolchain/bin/../lib/gcc/arm-none-eabi/4.8.0/../../../../arm-none-eabi/lib/libc_s.a
END GROUP
LOAD /home/ld0d/opt/KDS_2.0.0/toolchain/bin/../lib/gcc/arm-none-eabi/4.8.0/crtend.o
LOAD /home/ld0d/opt/KDS_2.0.0/toolchain/bin/../lib/gcc/arm-none-eabi/4.8.0/crtn.o
                0x0000000020003000                _estack = 0x20003000
                0x0000000020003000                __SP_INIT = _estack
                0x0000000000000000                __heap_size = 0x0
                0x0000000000000400                __stack_size = 0x400

.interrupts     0x0000000000000000       0xc0
                0x0000000000000000                __vector_table = .
                0x0000000000000000                . = ALIGN (0x4)
 *(.vectortable)
 .vectortable   0x0000000000000000       0xc0 ./Generated_Code/Vectors.o
                0x0000000000000000                __vect_table
                0x00000000000000c0                . = ALIGN (0x4)

.cfmprotect     0x0000000000000400       0x10
                0x0000000000000400                . = ALIGN (0x4)
 *(.cfmconfig)
 .cfmconfig     0x0000000000000400       0x10 ./Generated_Code/Cpu.o
                0x0000000000000400                _cfm
                0x0000000000000410                . = ALIGN (0x4)

.text           0x0000000000000410     0x2330
                0x0000000000000410                . = ALIGN (0x4)
 *(.text)
 *(.text*)
 .text.deregister_tm_clones
                0x0000000000000410       0x24 /home/ld0d/opt/KDS_2.0.0/toolchain/bin/../lib/gcc/arm-none-eabi/4.8.0/crtbegin.o
 .text.register_tm_clones
                0x0000000000000434       0x28 /home/ld0d/opt/KDS_2.0.0/toolchain/bin/../lib/gcc/arm-none-eabi/4.8.0/crtbegin.o
 .text.__do_global_dtors_aux
                0x000000000000045c       0x30 /home/ld0d/opt/KDS_2.0.0/toolchain/bin/../lib/gcc/arm-none-eabi/4.8.0/crtbegin.o
 .text.frame_dummy
                0x000000000000048c       0x3c /home/ld0d/opt/KDS_2.0.0/toolchain/bin/../lib/gcc/arm-none-eabi/4.8.0/crtbegin.o
 .text.Cpu_OnNMIINT
                0x00000000000004c8        0x8 ./Sources/Events.o
                0x00000000000004c8                Cpu_OnNMIINT
 .text.COREUART_OnError
                0x00000000000004d0        0x8 ./Sources/Events.o
                0x00000000000004d0                COREUART_OnError
 .text.COREUART_OnRxChar
                0x00000000000004d8        0x8 ./Sources/Events.o
                0x00000000000004d8                COREUART_OnRxChar
 .text.COREUART_OnTxChar
                0x00000000000004e0        0x8 ./Sources/Events.o
                0x00000000000004e0                COREUART_OnTxChar
 .text.COREUART_OnFullRxBuf
                0x00000000000004e8        0x8 ./Sources/Events.o
                0x00000000000004e8                COREUART_OnFullRxBuf
 .text.COREUART_OnFreeTxBuf
                0x00000000000004f0        0x8 ./Sources/Events.o
                0x00000000000004f0                COREUART_OnFreeTxBuf
 .text.WarmReset
                0x00000000000004f8       0x1c ./Sources/bootloader.o
                0x00000000000004f8                WarmReset
 .text.BootToApplication
                0x0000000000000514       0x44 ./Sources/bootloader.o
                0x0000000000000514                BootToApplication
 .text.ReadCoreUartByte
                0x0000000000000558       0x28 ./Sources/bootloader.o
                0x0000000000000558                ReadCoreUartByte
 .text.ReadCoreUart
                0x0000000000000580       0x74 ./Sources/bootloader.o
                0x0000000000000580                ReadCoreUart
 .text.SlaveReply
                0x00000000000005f4       0x4c ./Sources/bootloader.o
                0x00000000000005f4                SlaveReply
 .text.HandleStateRead
                0x0000000000000640       0x48 ./Sources/bootloader.o
                0x0000000000000640                HandleStateRead
 .text.HandleFlashRead
                0x0000000000000688       0x38 ./Sources/bootloader.o
                0x0000000000000688                HandleFlashRead
 .text.HandleFlashWrite
                0x00000000000006c0      0x17c ./Sources/bootloader.o
                0x00000000000006c0                HandleFlashWrite
 .text.bootloader_main
                0x000000000000083c       0x78 ./Sources/bootloader.o
                0x000000000000083c                bootloader_main
 .text.main     0x00000000000008b4       0x10 ./Sources/main.o
                0x00000000000008b4                main
 .text.__flush_cache
                0x00000000000008c4       0x10 ./Project_Settings/Startup_Code/startup.o
                0x00000000000008c4                __flush_cache
 .text.__copy_rom_section
                0x00000000000008d4       0xd8 ./Project_Settings/Startup_Code/startup.o
                0x00000000000008d4                __copy_rom_section
 .text.__copy_rom_sections_to_ram
                0x00000000000009ac       0xc0 ./Project_Settings/Startup_Code/startup.o
                0x00000000000009ac                __copy_rom_sections_to_ram
 .text.zero_fill_bss
                0x0000000000000a6c       0xac ./Project_Settings/Startup_Code/startup.o
 .text.__init_registers
                0x0000000000000b18        0x8 ./Project_Settings/Startup_Code/startup.o
                0x0000000000000b18                __init_registers
 .text.__init_user
                0x0000000000000b20        0x8 ./Project_Settings/Startup_Code/startup.o
                0x0000000000000b20                __init_user
 .text.__thumb_startup
                0x0000000000000b28       0x48 ./Project_Settings/Startup_Code/startup.o
                0x0000000000000b28                __thumb_startup
 .text.ASerialLdd1_Init
                0x0000000000000b70      0x1b8 ./Generated_Code/ASerialLdd1.o
                0x0000000000000b70                ASerialLdd1_Init
 .text.ASerialLdd1_Enable
                0x0000000000000d28       0x70 ./Generated_Code/ASerialLdd1.o
                0x0000000000000d28                ASerialLdd1_Enable
 .text.ASerialLdd1_Disable
                0x0000000000000d98       0x68 ./Generated_Code/ASerialLdd1.o
                0x0000000000000d98                ASerialLdd1_Disable
 .text.ASerialLdd1_ReceiveBlock
                0x0000000000000e00       0xa4 ./Generated_Code/ASerialLdd1.o
                0x0000000000000e00                ASerialLdd1_ReceiveBlock
 .text.ASerialLdd1_SendBlock
                0x0000000000000ea4       0xd0 ./Generated_Code/ASerialLdd1.o
                0x0000000000000ea4                ASerialLdd1_SendBlock
 .text.InterruptRx
                0x0000000000000f74       0x58 ./Generated_Code/ASerialLdd1.o
 .text.InterruptTx
                0x0000000000000fcc       0x80 ./Generated_Code/ASerialLdd1.o
 .text.ASerialLdd1_Interrupt
                0x000000000000104c       0xec ./Generated_Code/ASerialLdd1.o
                0x000000000000104c                ASerialLdd1_Interrupt
 .text.ASerialLdd1_GetError
                0x0000000000001138       0x80 ./Generated_Code/ASerialLdd1.o
                0x0000000000001138                ASerialLdd1_GetError
 .text.BitIoLdd1_Init
                0x00000000000011b8       0x60 ./Generated_Code/BitIoLdd1.o
                0x00000000000011b8                BitIoLdd1_Init
 .text.BitIoLdd1_ClrVal
                0x0000000000001218       0x18 ./Generated_Code/BitIoLdd1.o
                0x0000000000001218                BitIoLdd1_ClrVal
 .text.HWEnDi   0x0000000000001230       0x90 ./Generated_Code/COREUART.o
 .text.COREUART_Enable
                0x00000000000012c0       0x24 ./Generated_Code/COREUART.o
                0x00000000000012c0                COREUART_Enable
 .text.COREUART_RecvChar
                0x00000000000012e4       0xe8 ./Generated_Code/COREUART.o
                0x00000000000012e4                COREUART_RecvChar
 .text.COREUART_SendChar
                0x00000000000013cc       0xf8 ./Generated_Code/COREUART.o
                0x00000000000013cc                COREUART_SendChar
 .text.COREUART_RecvBlock
                0x00000000000014c4       0x64 ./Generated_Code/COREUART.o
                0x00000000000014c4                COREUART_RecvBlock
 .text.COREUART_SendBlock
                0x0000000000001528      0x188 ./Generated_Code/COREUART.o
                0x0000000000001528                COREUART_SendBlock
 .text.COREUART_Init
                0x00000000000016b0       0x6c ./Generated_Code/COREUART.o
                0x00000000000016b0                COREUART_Init
 .text.ASerialLdd1_OnBlockReceived
                0x000000000000171c       0xc4 ./Generated_Code/COREUART.o
                0x000000000000171c                ASerialLdd1_OnBlockReceived
 .text.ASerialLdd1_OnBlockSent
                0x00000000000017e0       0xe8 ./Generated_Code/COREUART.o
                0x00000000000017e0                ASerialLdd1_OnBlockSent
 .text.ASerialLdd1_OnError
                0x00000000000018c8       0x94 ./Generated_Code/COREUART.o
                0x00000000000018c8                ASerialLdd1_OnError
 .text.ASerialLdd1_OnBreak
                0x000000000000195c       0x20 ./Generated_Code/COREUART.o
                0x000000000000195c                ASerialLdd1_OnBreak
 .text.Cpu_INT_NMIInterrupt
                0x000000000000197c        0xc ./Generated_Code/Cpu.o
                0x000000000000197c                Cpu_INT_NMIInterrupt
 .text.Cpu_Interrupt
                0x0000000000001988        0xc ./Generated_Code/Cpu.o
                0x0000000000001988                Cpu_Interrupt
 .text.__init_hardware
                0x0000000000001994      0x17c ./Generated_Code/Cpu.o
                0x0000000000001994                __init_hardware
 .text.PE_low_level_init
                0x0000000000001b10      0x138 ./Generated_Code/Cpu.o
                0x0000000000001b10                PE_low_level_init
 .text.IFsh1_SetFlash
                0x0000000000001c48      0x1ec ./Generated_Code/IFsh1.o
                0x0000000000001c48                IFsh1_SetFlash
 .text.IFsh1_Init
                0x0000000000001e34       0x2c ./Generated_Code/IFsh1.o
                0x0000000000001e34                IFsh1_Init
 .text.IFsh1_Busy
                0x0000000000001e60       0x2c ./Generated_Code/IFsh1.o
                0x0000000000001e60                IFsh1_Busy
 .text.IFsh1_SetBlockFlash
                0x0000000000001e8c       0x2c ./Generated_Code/IFsh1.o
                0x0000000000001e8c                IFsh1_SetBlockFlash
 .text.IntFlashLdd1_OnOperationComplete
                0x0000000000001eb8      0x194 ./Generated_Code/IFsh1.o
                0x0000000000001eb8                IntFlashLdd1_OnOperationComplete
 .text.IntFlashLdd1_OnError
                0x000000000000204c       0x58 ./Generated_Code/IFsh1.o
                0x000000000000204c                IntFlashLdd1_OnError
 .text.IntFlashLdd1_Init
                0x00000000000020a4       0x5c ./Generated_Code/IntFlashLdd1.o
                0x00000000000020a4                IntFlashLdd1_Init
 .text.IntFlashLdd1_Write
                0x0000000000002100       0x78 ./Generated_Code/IntFlashLdd1.o
                0x0000000000002100                IntFlashLdd1_Write
 .text.IntFlashLdd1_Erase
                0x0000000000002178       0x8c ./Generated_Code/IntFlashLdd1.o
                0x0000000000002178                IntFlashLdd1_Erase
 .text.IntFlashLdd1_Main
                0x0000000000002204      0x328 ./Generated_Code/IntFlashLdd1.o
                0x0000000000002204                IntFlashLdd1_Main
 .text.IntFlashLdd1_GetError
                0x000000000000252c       0x94 ./Generated_Code/IntFlashLdd1.o
                0x000000000000252c                IntFlashLdd1_GetError
 .text.RangeCheck
                0x00000000000025c0       0x38 ./Generated_Code/IntFlashLdd1.o
 .text.SafeRoutineCaller
                0x00000000000025f8       0x84 ./Generated_Code/IntFlashLdd1.o
 .text.PTC_Init
                0x000000000000267c        0x8 ./Generated_Code/PTC.o
                0x000000000000267c                PTC_Init
 .text.PTD_Init
                0x0000000000002684       0x30 ./Generated_Code/PTD.o
                0x0000000000002684                PTD_Init
 .text.PTE_Init
                0x00000000000026b4       0x38 ./Generated_Code/PTE.o
                0x00000000000026b4                PTE_Init
 .text.memcpy   0x00000000000026ec       0x12 /home/ld0d/opt/KDS_2.0.0/toolchain/bin/../lib/gcc/arm-none-eabi/4.8.0/../../../../arm-none-eabi/lib/libg_s.a(lib_a-memcpy.o)
                0x00000000000026ec                memcpy
 .text.memset   0x00000000000026fe       0x12 /home/ld0d/opt/KDS_2.0.0/toolchain/bin/../lib/gcc/arm-none-eabi/4.8.0/../../../../arm-none-eabi/lib/libg_s.a(lib_a-memset.o)
                0x00000000000026fe                memset
 *(.rodata)
 *(.rodata*)
 .rodata.SafeRoutine
                0x0000000000002710       0x18 ./Generated_Code/IntFlashLdd1.o
 *(.glue_7)
 .glue_7        0x0000000000000000        0x0 linker stubs
 *(.glue_7t)
 .glue_7t       0x0000000000000000        0x0 linker stubs
 *(.eh_frame)
 .eh_frame      0x0000000000002728        0x0 /home/ld0d/opt/KDS_2.0.0/toolchain/bin/../lib/gcc/arm-none-eabi/4.8.0/crtbegin.o
 *(.init)
 .init          0x0000000000002728        0x4 /home/ld0d/opt/KDS_2.0.0/toolchain/bin/../lib/gcc/arm-none-eabi/4.8.0/crti.o
                0x0000000000002728                _init
 .init          0x000000000000272c        0x8 /home/ld0d/opt/KDS_2.0.0/toolchain/bin/../lib/gcc/arm-none-eabi/4.8.0/crtn.o
 *(.fini)
 .fini          0x0000000000002734        0x4 /home/ld0d/opt/KDS_2.0.0/toolchain/bin/../lib/gcc/arm-none-eabi/4.8.0/crti.o
                0x0000000000002734                _fini
 .fini          0x0000000000002738        0x8 /home/ld0d/opt/KDS_2.0.0/toolchain/bin/../lib/gcc/arm-none-eabi/4.8.0/crtn.o
                0x0000000000002740                . = ALIGN (0x4)
                0x0000000000002740                _etext = .

.vfp11_veneer   0x0000000000002740        0x0
 .vfp11_veneer  0x0000000000000000        0x0 linker stubs

.v4_bx          0x0000000000002740        0x0
 .v4_bx         0x0000000000000000        0x0 linker stubs

.iplt           0x0000000000002740        0x0
 .iplt          0x0000000000000000        0x0 /home/ld0d/opt/KDS_2.0.0/toolchain/bin/../lib/gcc/arm-none-eabi/4.8.0/crtbegin.o

.rel.dyn        0x0000000000002740        0x0
 .rel.iplt      0x0000000000000000        0x0 /home/ld0d/opt/KDS_2.0.0/toolchain/bin/../lib/gcc/arm-none-eabi/4.8.0/crtbegin.o

.ARM.extab
 *(.ARM.extab* .gnu.linkonce.armextab.*)

.ARM            0x0000000000002740        0x0
                0x0000000000002740                __exidx_start = .
 *(.ARM.exidx*)
                0x0000000000002740                __exidx_end = .

.ctors          0x0000000000002740        0x0
                0x0000000000002740                __CTOR_LIST__ = .
 *crtbegin.o(.ctors)
 *(EXCLUDE_FILE(*crtend.o) .ctors)
 *(SORT(.ctors.*))
 *(.ctors)
                0x0000000000002740                __CTOR_END__ = .

.dtors          0x0000000000002740        0x0
                0x0000000000002740                __DTOR_LIST__ = .
 *crtbegin.o(.dtors)
 *(EXCLUDE_FILE(*crtend.o) .dtors)
 *(SORT(.dtors.*))
 *(.dtors)
                0x0000000000002740                __DTOR_END__ = .

.preinit_array  0x0000000000002740        0x0
                0x0000000000002740                PROVIDE (__preinit_array_start, .)
 *(.preinit_array*)
                0x0000000000002740                PROVIDE (__preinit_array_end, .)

.init_array     0x0000000000002740        0x4
                0x0000000000002740                PROVIDE (__init_array_start, .)
 *(SORT(.init_array.*))
 *(.init_array*)
 .init_array    0x0000000000002740        0x4 /home/ld0d/opt/KDS_2.0.0/toolchain/bin/../lib/gcc/arm-none-eabi/4.8.0/crtbegin.o
                0x0000000000002744                PROVIDE (__init_array_end, .)

.fini_array     0x0000000000002744        0x4
                0x0000000000002744                PROVIDE (__fini_array_start, .)
 *(SORT(.fini_array.*))
 *(.fini_array*)
 .fini_array    0x0000000000002744        0x4 /home/ld0d/opt/KDS_2.0.0/toolchain/bin/../lib/gcc/arm-none-eabi/4.8.0/crtbegin.o
                0x0000000000002748                PROVIDE (__fini_array_end, .)
                0x0000000000002748                ___ROM_AT = .

.mtb            0x000000001ffff000        0x0
                0x000000001ffff000                . = ALIGN (0x8)
                0x000000001ffff000                _mtb_start = .
 *(.mtb_buf)
                0x000000001ffff000                . = ALIGN (0x8)
                0x000000001ffff000                _mtb_end = .

.data           0x000000001ffff000        0x4 load address 0x0000000000002748
                0x000000001ffff000                . = ALIGN (0x4)
                0x000000001ffff000                _sdata = .
 *(.data)
 *(.data*)
 .data.slave_buildid
                0x000000001ffff000        0x4 ./Sources/bootloader.o
                0x000000001ffff000                slave_buildid
                0x000000001ffff004                . = ALIGN (0x4)
                0x000000001ffff004                _edata = .
                0x0000000000000004                ___data_size = (_edata - _sdata)

.jcr            0x000000001ffff004        0x0 load address 0x000000000000274c
 .jcr           0x000000001ffff004        0x0 /home/ld0d/opt/KDS_2.0.0/toolchain/bin/../lib/gcc/arm-none-eabi/4.8.0/crtbegin.o

.tm_clone_table
                0x000000001ffff004        0x0 load address 0x000000000000274c
 .tm_clone_table
                0x000000001ffff004        0x0 /home/ld0d/opt/KDS_2.0.0/toolchain/bin/../lib/gcc/arm-none-eabi/4.8.0/crtbegin.o
 .tm_clone_table
                0x000000001ffff004        0x0 /home/ld0d/opt/KDS_2.0.0/toolchain/bin/../lib/gcc/arm-none-eabi/4.8.0/crtend.o

.igot.plt       0x000000001ffff004        0x0 load address 0x000000000000274c
 .igot.plt      0x0000000000000000        0x0 /home/ld0d/opt/KDS_2.0.0/toolchain/bin/../lib/gcc/arm-none-eabi/4.8.0/crtbegin.o
                0x000000001ffff004                . = ALIGN (0x4)

.bss            0x000000001ffff400     0x1c08 load address 0x0000000000002c00
                0x000000001ffff400                __START_BSS = .
                0x000000001ffff400                PROVIDE (__bss_start__, __START_BSS)
 *(.bss)
 *(.bss*)
 .bss.completed.6137
                0x000000001ffff400        0x1 /home/ld0d/opt/KDS_2.0.0/toolchain/bin/../lib/gcc/arm-none-eabi/4.8.0/crtbegin.o
 *fill*         0x000000001ffff401        0x3 
 .bss.object.6142
                0x000000001ffff404       0x18 /home/ld0d/opt/KDS_2.0.0/toolchain/bin/../lib/gcc/arm-none-eabi/4.8.0/crtbegin.o
 .bss.argv      0x000000001ffff41c       0x28 ./Project_Settings/Startup_Code/startup.o
 .bss.DeviceDataPrv__DEFAULT_RTOS_ALLOC
                0x000000001ffff444       0x20 ./Generated_Code/ASerialLdd1.o
 .bss.INT_UART0__DEFAULT_RTOS_ISRPARAM
                0x000000001ffff464        0x4 ./Generated_Code/ASerialLdd1.o
 .bss.DeviceDataPrv__DEFAULT_RTOS_ALLOC
                0x000000001ffff468        0x4 ./Generated_Code/BitIoLdd1.o
 .bss.EnUser    0x000000001ffff46c        0x1 ./Generated_Code/COREUART.o
 *fill*         0x000000001ffff46d        0x1 
 .bss.SerFlag   0x000000001ffff46e        0x2 ./Generated_Code/COREUART.o
 .bss.COREUART_InpLen
                0x000000001ffff470        0x2 ./Generated_Code/COREUART.o
 .bss.InpIndexR
                0x000000001ffff472        0x2 ./Generated_Code/COREUART.o
 .bss.InpIndexW
                0x000000001ffff474        0x2 ./Generated_Code/COREUART.o
 *fill*         0x000000001ffff476        0x2 
 .bss.InpBuffer
                0x000000001ffff478      0x100 ./Generated_Code/COREUART.o
 .bss.BufferRead
                0x000000001ffff578        0x1 ./Generated_Code/COREUART.o
 *fill*         0x000000001ffff579        0x1 
 .bss.COREUART_OutLen
                0x000000001ffff57a        0x2 ./Generated_Code/COREUART.o
 .bss.OutIndexR
                0x000000001ffff57c        0x2 ./Generated_Code/COREUART.o
 .bss.OutIndexW
                0x000000001ffff57e        0x2 ./Generated_Code/COREUART.o
 .bss.OutBuffer
                0x000000001ffff580      0x100 ./Generated_Code/COREUART.o
 .bss.OnFreeTxBufSemaphore
                0x000000001ffff680        0x1 ./Generated_Code/COREUART.o
 .bss.SR_lock   0x000000001ffff681        0x1 ./Generated_Code/Cpu.o
                0x000000001ffff681                SR_lock
 *fill*         0x000000001ffff682        0x2 
 .bss.IFsh1_CurrentCommand
                0x000000001ffff684        0x4 ./Generated_Code/IFsh1.o
 .bss.IFsh1_CmdResult
                0x000000001ffff688        0x1 ./Generated_Code/IFsh1.o
 .bss.IFsh1_CmdPending
                0x000000001ffff689        0x1 ./Generated_Code/IFsh1.o
 .bss.IFsh1_EnEvent
                0x000000001ffff68a        0x1 ./Generated_Code/IFsh1.o
 *fill*         0x000000001ffff68b        0x1 
 .bss.IntFlashLdd1_DevDataPtr
                0x000000001ffff68c        0x4 ./Generated_Code/IFsh1.o
 .bss.IFsh1_CurrentDataAddress
                0x000000001ffff690        0x4 ./Generated_Code/IFsh1.o
 .bss.IFsh1_CurrentDataSize
                0x000000001ffff694        0x4 ./Generated_Code/IFsh1.o
 .bss.IFsh1_FlashAddress
                0x000000001ffff698        0x4 ./Generated_Code/IFsh1.o
 .bss.IFsh1_NextSrcDataAddress
                0x000000001ffff69c        0x4 ./Generated_Code/IFsh1.o
 .bss.IFsh1_RemainingDataSize
                0x000000001ffff6a0        0x4 ./Generated_Code/IFsh1.o
 .bss.tmpSector
                0x000000001ffff6a4      0x400 ./Generated_Code/IFsh1.o
 .bss.DeviceDataPrv__DEFAULT_RTOS_ALLOC
                0x000000001ffffaa4       0x18 ./Generated_Code/IntFlashLdd1.o
 .bss.PE_LDD_DeviceDataList
                0x000000001ffffabc        0xc ./Generated_Code/PE_LDD.o
                0x000000001ffffabc                PE_LDD_DeviceDataList
 *(COMMON)
 *fill*         0x000000001ffffac8      0x138 
 COMMON         0x000000001ffffc00     0x1400 ./Sources/bootloader.o
                0x000000001ffffc00                flash_block
                0x0000000020000c00                flashblock
 COMMON         0x0000000020001000        0x4 ./Generated_Code/COREUART.o
                0x0000000020001000                ASerialLdd1_DeviceDataPtr
 COMMON         0x0000000020001004        0x1 ./Generated_Code/Cpu.o
                0x0000000020001004                SR_reg
                0x0000000020001008                . = ALIGN (0x4)
 *fill*         0x0000000020001005        0x3 
                0x0000000020001008                __END_BSS = .
                0x0000000020001008                PROVIDE (__bss_end__, __END_BSS)
                0x000000000000274c                _romp_at = (___ROM_AT + SIZEOF (.data))

.romp           0x0000000020001008       0x18 load address 0x000000000000274c
                0x000000000000274c                __S_romp = _romp_at
                0x0000000020001008        0x4 LONG 0x2748 ___ROM_AT
                0x000000002000100c        0x4 LONG 0x1ffff000 _sdata
                0x0000000020001010        0x4 LONG 0x4 ___data_size
                0x0000000020001014        0x4 LONG 0x0
                0x0000000020001018        0x4 LONG 0x0
                0x000000002000101c        0x4 LONG 0x0

._user_heap_stack
                0x0000000020001020      0x400 load address 0x0000000000002764
                0x0000000020001020                . = ALIGN (0x4)
                0x0000000020001020                PROVIDE (end, .)
                0x0000000020001020                PROVIDE (_end, .)
                0x0000000020001020                __heap_addr = .
                0x0000000020001020                __HeapBase = .
                0x0000000020001020                . = (. + __heap_size)
                0x0000000020001020                __HeapLimit = .
                0x0000000020001420                . = (. + __stack_size)
 *fill*         0x0000000020001020      0x400 
                0x0000000020001420                . = ALIGN (0x4)

.ARM.attributes
                0x0000000000000000       0x2f
 *(.ARM.attributes)
 .ARM.attributes
                0x0000000000000000       0x23 /home/ld0d/opt/KDS_2.0.0/toolchain/bin/../lib/gcc/arm-none-eabi/4.8.0/crti.o
 .ARM.attributes
                0x0000000000000023       0x31 /home/ld0d/opt/KDS_2.0.0/toolchain/bin/../lib/gcc/arm-none-eabi/4.8.0/crtbegin.o
 .ARM.attributes
                0x0000000000000054       0x32 ./Sources/Events.o
 .ARM.attributes
                0x0000000000000086       0x32 ./Sources/bootloader.o
 .ARM.attributes
                0x00000000000000b8       0x32 ./Sources/main.o
 .ARM.attributes
                0x00000000000000ea       0x32 ./Project_Settings/Startup_Code/startup.o
 .ARM.attributes
                0x000000000000011c       0x32 ./Generated_Code/ASerialLdd1.o
 .ARM.attributes
                0x000000000000014e       0x32 ./Generated_Code/BitIoLdd1.o
 .ARM.attributes
                0x0000000000000180       0x32 ./Generated_Code/COREUART.o
 .ARM.attributes
                0x00000000000001b2       0x32 ./Generated_Code/Cpu.o
 .ARM.attributes
                0x00000000000001e4       0x32 ./Generated_Code/IFsh1.o
 .ARM.attributes
                0x0000000000000216       0x32 ./Generated_Code/IntFlashLdd1.o
 .ARM.attributes
                0x0000000000000248       0x32 ./Generated_Code/PE_LDD.o
 .ARM.attributes
                0x000000000000027a       0x32 ./Generated_Code/PTC.o
 .ARM.attributes
                0x00000000000002ac       0x32 ./Generated_Code/PTD.o
 .ARM.attributes
                0x00000000000002de       0x32 ./Generated_Code/PTE.o
 .ARM.attributes
                0x0000000000000310       0x32 ./Generated_Code/Vectors.o
 .ARM.attributes
                0x0000000000000342       0x31 /home/ld0d/opt/KDS_2.0.0/toolchain/bin/../lib/gcc/arm-none-eabi/4.8.0/../../../../arm-none-eabi/lib/libg_s.a(lib_a-memcpy.o)
 .ARM.attributes
                0x0000000000000373       0x31 /home/ld0d/opt/KDS_2.0.0/toolchain/bin/../lib/gcc/arm-none-eabi/4.8.0/../../../../arm-none-eabi/lib/libg_s.a(lib_a-memset.o)
 .ARM.attributes
                0x00000000000003a4       0x31 /home/ld0d/opt/KDS_2.0.0/toolchain/bin/../lib/gcc/arm-none-eabi/4.8.0/crtend.o
 .ARM.attributes
                0x00000000000003d5       0x23 /home/ld0d/opt/KDS_2.0.0/toolchain/bin/../lib/gcc/arm-none-eabi/4.8.0/crtn.o
OUTPUT(usbmidi2_slave.elf elf32-littlearm)

.comment        0x0000000000000000       0x3b
 .comment       0x0000000000000000       0x2a /home/ld0d/opt/KDS_2.0.0/toolchain/bin/../lib/gcc/arm-none-eabi/4.8.0/crtbegin.o
                                         0x2b (size before relaxing)
 .comment       0x0000000000000000       0x2b ./Sources/Events.o
 .comment       0x0000000000000000       0x2b ./Sources/bootloader.o
 .comment       0x0000000000000000       0x2b ./Sources/main.o
 .comment       0x0000000000000000       0x2b ./Project_Settings/Startup_Code/startup.o
 .comment       0x0000000000000000       0x2b ./Generated_Code/ASerialLdd1.o
 .comment       0x0000000000000000       0x2b ./Generated_Code/BitIoLdd1.o
 .comment       0x0000000000000000       0x2b ./Generated_Code/COREUART.o
 .comment       0x0000000000000000       0x2b ./Generated_Code/Cpu.o
 .comment       0x0000000000000000       0x2b ./Generated_Code/IFsh1.o
 .comment       0x0000000000000000       0x2b ./Generated_Code/IntFlashLdd1.o
 .comment       0x0000000000000000       0x2b ./Generated_Code/PE_LDD.o
 .comment       0x0000000000000000       0x2b ./Generated_Code/PTC.o
 .comment       0x0000000000000000       0x2b ./Generated_Code/PTD.o
 .comment       0x0000000000000000       0x2b ./Generated_Code/PTE.o
 .comment       0x0000000000000000       0x2b ./Generated_Code/Vectors.o
 .comment       0x000000000000002a       0x11 /home/ld0d/opt/KDS_2.0.0/toolchain/bin/../lib/gcc/arm-none-eabi/4.8.0/../../../../arm-none-eabi/lib/libg_s.a(lib_a-memcpy.o)
                                         0x12 (size before relaxing)
 .comment       0x0000000000000000       0x12 /home/ld0d/opt/KDS_2.0.0/toolchain/bin/../lib/gcc/arm-none-eabi/4.8.0/../../../../arm-none-eabi/lib/libg_s.a(lib_a-memset.o)
 .comment       0x0000000000000000       0x2b /home/ld0d/opt/KDS_2.0.0/toolchain/bin/../lib/gcc/arm-none-eabi/4.8.0/crtend.o

.debug_info     0x0000000000000000     0x38ad
 .debug_info    0x0000000000000000       0xeb ./Sources/Events.o
 .debug_info    0x00000000000000eb      0x577 ./Sources/bootloader.o
 .debug_info    0x0000000000000662       0x9a ./Sources/main.o
 .debug_info    0x00000000000006fc      0x308 ./Project_Settings/Startup_Code/startup.o
 .debug_info    0x0000000000000a04      0x885 ./Generated_Code/ASerialLdd1.o
 .debug_info    0x0000000000001289      0x35c ./Generated_Code/BitIoLdd1.o
 .debug_info    0x00000000000015e5      0x51b ./Generated_Code/COREUART.o
 .debug_info    0x0000000000001b00      0x849 ./Generated_Code/Cpu.o
 .debug_info    0x0000000000002349      0x54f ./Generated_Code/IFsh1.o
 .debug_info    0x0000000000002898      0xa19 ./Generated_Code/IntFlashLdd1.o
 .debug_info    0x00000000000032b1      0x23b ./Generated_Code/PE_LDD.o
 .debug_info    0x00000000000034ec       0x96 ./Generated_Code/PTC.o
 .debug_info    0x0000000000003582      0x114 ./Generated_Code/PTD.o
 .debug_info    0x0000000000003696      0x114 ./Generated_Code/PTE.o
 .debug_info    0x00000000000037aa      0x103 ./Generated_Code/Vectors.o

.debug_abbrev   0x0000000000000000     0x1101
 .debug_abbrev  0x0000000000000000       0x45 ./Sources/Events.o
 .debug_abbrev  0x0000000000000045      0x1e1 ./Sources/bootloader.o
 .debug_abbrev  0x0000000000000226       0x47 ./Sources/main.o
 .debug_abbrev  0x000000000000026d      0x148 ./Project_Settings/Startup_Code/startup.o
 .debug_abbrev  0x00000000000003b5      0x1b8 ./Generated_Code/ASerialLdd1.o
 .debug_abbrev  0x000000000000056d      0x127 ./Generated_Code/BitIoLdd1.o
 .debug_abbrev  0x0000000000000694      0x1d4 ./Generated_Code/COREUART.o
 .debug_abbrev  0x0000000000000868      0x170 ./Generated_Code/Cpu.o
 .debug_abbrev  0x00000000000009d8      0x1c4 ./Generated_Code/IFsh1.o
 .debug_abbrev  0x0000000000000b9c      0x255 ./Generated_Code/IntFlashLdd1.o
 .debug_abbrev  0x0000000000000df1      0x10d ./Generated_Code/PE_LDD.o
 .debug_abbrev  0x0000000000000efe       0x45 ./Generated_Code/PTC.o
 .debug_abbrev  0x0000000000000f43       0x8d ./Generated_Code/PTD.o
 .debug_abbrev  0x0000000000000fd0       0x8d ./Generated_Code/PTE.o
 .debug_abbrev  0x000000000000105d       0xa4 ./Generated_Code/Vectors.o

.debug_aranges  0x0000000000000000      0x408
 .debug_aranges
                0x0000000000000000       0x48 ./Sources/Events.o
 .debug_aranges
                0x0000000000000048       0x60 ./Sources/bootloader.o
 .debug_aranges
                0x00000000000000a8       0x20 ./Sources/main.o
 .debug_aranges
                0x00000000000000c8       0x60 ./Project_Settings/Startup_Code/startup.o
 .debug_aranges
                0x0000000000000128       0x60 ./Generated_Code/ASerialLdd1.o
 .debug_aranges
                0x0000000000000188       0x40 ./Generated_Code/BitIoLdd1.o
 .debug_aranges
                0x00000000000001c8       0x90 ./Generated_Code/COREUART.o
 .debug_aranges
                0x0000000000000258       0x38 ./Generated_Code/Cpu.o
 .debug_aranges
                0x0000000000000290       0x70 ./Generated_Code/IFsh1.o
 .debug_aranges
                0x0000000000000300       0x60 ./Generated_Code/IntFlashLdd1.o
 .debug_aranges
                0x0000000000000360       0x30 ./Generated_Code/PE_LDD.o
 .debug_aranges
                0x0000000000000390       0x20 ./Generated_Code/PTC.o
 .debug_aranges
                0x00000000000003b0       0x20 ./Generated_Code/PTD.o
 .debug_aranges
                0x00000000000003d0       0x20 ./Generated_Code/PTE.o
 .debug_aranges
                0x00000000000003f0       0x18 ./Generated_Code/Vectors.o

.debug_ranges   0x0000000000000000      0x310
 .debug_ranges  0x0000000000000000       0x38 ./Sources/Events.o
 .debug_ranges  0x0000000000000038       0x50 ./Sources/bootloader.o
 .debug_ranges  0x0000000000000088       0x10 ./Sources/main.o
 .debug_ranges  0x0000000000000098       0x50 ./Project_Settings/Startup_Code/startup.o
 .debug_ranges  0x00000000000000e8       0x50 ./Generated_Code/ASerialLdd1.o
 .debug_ranges  0x0000000000000138       0x30 ./Generated_Code/BitIoLdd1.o
 .debug_ranges  0x0000000000000168       0x80 ./Generated_Code/COREUART.o
 .debug_ranges  0x00000000000001e8       0x28 ./Generated_Code/Cpu.o
 .debug_ranges  0x0000000000000210       0x60 ./Generated_Code/IFsh1.o
 .debug_ranges  0x0000000000000270       0x50 ./Generated_Code/IntFlashLdd1.o
 .debug_ranges  0x00000000000002c0       0x20 ./Generated_Code/PE_LDD.o
 .debug_ranges  0x00000000000002e0       0x10 ./Generated_Code/PTC.o
 .debug_ranges  0x00000000000002f0       0x10 ./Generated_Code/PTD.o
 .debug_ranges  0x0000000000000300       0x10 ./Generated_Code/PTE.o

.debug_macro    0x0000000000000000    0x12899
 .debug_macro   0x0000000000000000      0x14c ./Sources/Events.o
 .debug_macro   0x000000000000014c      0x81a ./Sources/Events.o
 .debug_macro   0x0000000000000966      0x214 ./Sources/Events.o
 .debug_macro   0x0000000000000b7a     0x1599 ./Sources/Events.o
 .debug_macro   0x0000000000002113      0x14e ./Sources/Events.o
 .debug_macro   0x0000000000002261       0x64 ./Sources/Events.o
 .debug_macro   0x00000000000022c5     0x621c ./Sources/Events.o
 .debug_macro   0x00000000000084e1       0x9a ./Sources/Events.o
 .debug_macro   0x000000000000857b       0x10 ./Sources/Events.o
 .debug_macro   0x000000000000858b       0x73 ./Sources/Events.o
 .debug_macro   0x00000000000085fe       0x1f ./Sources/Events.o
 .debug_macro   0x000000000000861d       0x3d ./Sources/Events.o
 .debug_macro   0x000000000000865a       0x16 ./Sources/Events.o
 .debug_macro   0x0000000000008670       0x94 ./Sources/Events.o
 .debug_macro   0x0000000000008704      0x12b ./Sources/Events.o
 .debug_macro   0x000000000000882f       0x40 ./Sources/Events.o
 .debug_macro   0x000000000000886f       0x20 ./Sources/Events.o
 .debug_macro   0x000000000000888f       0x47 ./Sources/Events.o
 .debug_macro   0x00000000000088d6       0x16 ./Sources/Events.o
 .debug_macro   0x00000000000088ec      0x39c ./Sources/Events.o
 .debug_macro   0x0000000000008c88      0x13d ./Sources/Events.o
 .debug_macro   0x0000000000008dc5       0x95 ./Sources/Events.o
 .debug_macro   0x0000000000008e5a       0x2b ./Sources/Events.o
 .debug_macro   0x0000000000008e85      0x17c ./Sources/bootloader.o
 .debug_macro   0x0000000000009001       0x2e ./Sources/bootloader.o
 .debug_macro   0x000000000000902f       0x2e ./Sources/bootloader.o
 .debug_macro   0x000000000000905d       0x95 ./Sources/bootloader.o
 .debug_macro   0x00000000000090f2       0x3a ./Sources/bootloader.o
 .debug_macro   0x000000000000912c       0x52 ./Sources/bootloader.o
 .debug_macro   0x000000000000917e       0x19 ./Sources/bootloader.o
 .debug_macro   0x0000000000009197      0x16d ./Sources/bootloader.o
 .debug_macro   0x0000000000009304       0x89 ./Sources/bootloader.o
 .debug_macro   0x000000000000938d     0x1593 ./Sources/bootloader.o
 .debug_macro   0x000000000000a920       0xa0 ./Sources/bootloader.o
 .debug_macro   0x000000000000a9c0       0x10 ./Sources/bootloader.o
 .debug_macro   0x000000000000a9d0      0x14c ./Sources/main.o
 .debug_macro   0x000000000000ab1c      0x119 ./Project_Settings/Startup_Code/startup.o
 .debug_macro   0x000000000000ac35       0x10 ./Project_Settings/Startup_Code/startup.o
 .debug_macro   0x000000000000ac45       0x89 ./Project_Settings/Startup_Code/startup.o
 .debug_macro   0x000000000000acce       0x1c ./Project_Settings/Startup_Code/startup.o
 .debug_macro   0x000000000000acea       0x10 ./Project_Settings/Startup_Code/startup.o
 .debug_macro   0x000000000000acfa     0x6210 ./Project_Settings/Startup_Code/startup.o
 .debug_macro   0x0000000000010f0a       0xa7 ./Generated_Code/ASerialLdd1.o
 .debug_macro   0x0000000000010fb1       0x6d ./Generated_Code/ASerialLdd1.o
 .debug_macro   0x000000000001101e       0x25 ./Generated_Code/ASerialLdd1.o
 .debug_macro   0x0000000000011043      0x31c ./Generated_Code/ASerialLdd1.o
 .debug_macro   0x000000000001135f      0x84c ./Generated_Code/ASerialLdd1.o
 .debug_macro   0x0000000000011bab       0x88 ./Generated_Code/BitIoLdd1.o
 .debug_macro   0x0000000000011c33      0x1cc ./Generated_Code/COREUART.o
 .debug_macro   0x0000000000011dff      0x15e ./Generated_Code/Cpu.o
 .debug_macro   0x0000000000011f5d       0xe2 ./Generated_Code/IFsh1.o
 .debug_macro   0x000000000001203f      0x396 ./Generated_Code/IFsh1.o
 .debug_macro   0x00000000000123d5       0xce ./Generated_Code/IntFlashLdd1.o
 .debug_macro   0x00000000000124a3      0x122 ./Generated_Code/PE_LDD.o
 .debug_macro   0x00000000000125c5       0x70 ./Generated_Code/PTC.o
 .debug_macro   0x0000000000012635       0x70 ./Generated_Code/PTD.o
 .debug_macro   0x00000000000126a5       0x70 ./Generated_Code/PTE.o
 .debug_macro   0x0000000000012715       0x10 ./Generated_Code/PTE.o
 .debug_macro   0x0000000000012725      0x15e ./Generated_Code/Vectors.o
 .debug_macro   0x0000000000012883       0x16 ./Generated_Code/Vectors.o

.debug_line     0x0000000000000000     0x305f
 .debug_line    0x0000000000000000      0x323 ./Sources/Events.o
 .debug_line    0x0000000000000323      0x4b9 ./Sources/bootloader.o
 .debug_line    0x00000000000007dc      0x2d4 ./Sources/main.o
 .debug_line    0x0000000000000ab0      0x3ed ./Project_Settings/Startup_Code/startup.o
 .debug_line    0x0000000000000e9d      0x348 ./Generated_Code/ASerialLdd1.o
 .debug_line    0x00000000000011e5      0x242 ./Generated_Code/BitIoLdd1.o
 .debug_line    0x0000000000001427      0x5bf ./Generated_Code/COREUART.o
 .debug_line    0x00000000000019e6      0x459 ./Generated_Code/Cpu.o
 .debug_line    0x0000000000001e3f      0x356 ./Generated_Code/IFsh1.o
 .debug_line    0x0000000000002195      0x3bb ./Generated_Code/IntFlashLdd1.o
 .debug_line    0x0000000000002550      0x2c2 ./Generated_Code/PE_LDD.o
 .debug_line    0x0000000000002812      0x181 ./Generated_Code/PTC.o
 .debug_line    0x0000000000002993      0x184 ./Generated_Code/PTD.o
 .debug_line    0x0000000000002b17      0x184 ./Generated_Code/PTE.o
 .debug_line    0x0000000000002c9b      0x3c4 ./Generated_Code/Vectors.o

.debug_str      0x0000000000000000    0x3d5ba
 .debug_str     0x0000000000000000    0x30723 ./Sources/Events.o
                                      0x30aff (size before relaxing)
 .debug_str     0x0000000000030723     0x1c5b ./Sources/bootloader.o
                                      0x31f16 (size before relaxing)
 .debug_str     0x000000000003237e       0x12 ./Sources/main.o
                                      0x30a96 (size before relaxing)
 .debug_str     0x0000000000032390      0x2cb ./Project_Settings/Startup_Code/startup.o
                                      0x24f77 (size before relaxing)
 .debug_str     0x000000000003265b     0x9e29 ./Generated_Code/ASerialLdd1.o
                                      0x3466e (size before relaxing)
 .debug_str     0x000000000003c484       0xc6 ./Generated_Code/BitIoLdd1.o
                                      0x2b0c9 (size before relaxing)
 .debug_str     0x000000000003c54a      0x313 ./Generated_Code/COREUART.o
                                      0x30e60 (size before relaxing)
 .debug_str     0x000000000003c85d      0x150 ./Generated_Code/Cpu.o
                                      0x30db2 (size before relaxing)
 .debug_str     0x000000000003c9ad      0x597 ./Generated_Code/IFsh1.o
                                      0x2fdf9 (size before relaxing)
 .debug_str     0x000000000003cf44      0x480 ./Generated_Code/IntFlashLdd1.o
                                      0x30065 (size before relaxing)
 .debug_str     0x000000000003d3c4      0x177 ./Generated_Code/PE_LDD.o
                                      0x30c40 (size before relaxing)
 .debug_str     0x000000000003d53b       0x21 ./Generated_Code/PTC.o
                                      0x2a087 (size before relaxing)
 .debug_str     0x000000000003d55c       0x21 ./Generated_Code/PTD.o
                                      0x2a0c9 (size before relaxing)
 .debug_str     0x000000000003d57d       0x21 ./Generated_Code/PTE.o
                                      0x2a0c9 (size before relaxing)
 .debug_str     0x000000000003d59e       0x1c ./Generated_Code/Vectors.o
                                      0x30add (size before relaxing)

.debug_frame    0x0000000000000000      0xb00
 .debug_frame   0x0000000000000000       0xb8 ./Sources/Events.o
 .debug_frame   0x00000000000000b8      0x130 ./Sources/bootloader.o
 .debug_frame   0x00000000000001e8       0x2c ./Sources/main.o
 .debug_frame   0x0000000000000214      0x120 ./Project_Settings/Startup_Code/startup.o
 .debug_frame   0x0000000000000334      0x138 ./Generated_Code/ASerialLdd1.o
 .debug_frame   0x000000000000046c       0xb0 ./Generated_Code/BitIoLdd1.o
 .debug_frame   0x000000000000051c      0x1e0 ./Generated_Code/COREUART.o
 .debug_frame   0x00000000000006fc       0x80 ./Generated_Code/Cpu.o
 .debug_frame   0x000000000000077c      0x164 ./Generated_Code/IFsh1.o
 .debug_frame   0x00000000000008e0      0x130 ./Generated_Code/IntFlashLdd1.o
 .debug_frame   0x0000000000000a10       0x6c ./Generated_Code/PE_LDD.o
 .debug_frame   0x0000000000000a7c       0x2c ./Generated_Code/PTC.o
 .debug_frame   0x0000000000000aa8       0x2c ./Generated_Code/PTD.o
 .debug_frame   0x0000000000000ad4       0x2c ./Generated_Code/PTE.o
